Java HotSpot(TM) 64-Bit Server VM (25.151-b12) for bsd-amd64 JRE (1.8.0_151-b12), built on Sep  5 2017 19:37:08 by "java_re" with gcc 4.2.1 (Based on Apple Inc. build 5658) (LLVM build 2336.11.00)
Memory: 4k page, physical 16777216k(256108k free)

/proc/meminfo:

CommandLine flags: -XX:InitialHeapSize=268435456 -XX:MaxGCPauseMillis=100 -XX:MaxHeapSize=268435456 -XX:+PrintGC -XX:+PrintGCDateStamps -XX:+PrintGCDetails -XX:+PrintGCTimeStamps -XX:+PrintHeapAtGC -XX:+UseCompressedClassPointers -XX:+UseCompressedOops -XX:+UseG1GC 
{Heap before GC invocations=0 (full 0):
 garbage-first heap   total 262144K, used 12288K [0x00000007b0000000, 0x00000007b0100800, 0x00000007c0000000)
  region size 1024K, 12 young (12288K), 0 survivors (0K)
 Metaspace       used 3170K, capacity 4556K, committed 4864K, reserved 1056768K
  class space    used 337K, capacity 392K, committed 512K, reserved 1048576K
2020-12-03T18:07:09.643-0800: 0.420: [GC pause (G1 Evacuation Pause) (young), 0.0063482 secs]
   [Parallel Time: 4.4 ms, GC Workers: 8]
      [GC Worker Start (ms): Min: 420.3, Avg: 421.7, Max: 422.8, Diff: 2.5]
      [Ext Root Scanning (ms): Min: 0.0, Avg: 0.1, Max: 0.6, Diff: 0.5, Sum: 0.8]
      [Update RS (ms): Min: 0.0, Avg: 0.0, Max: 0.0, Diff: 0.0, Sum: 0.0]
         [Processed Buffers: Min: 0, Avg: 0.0, Max: 0, Diff: 0, Sum: 0]
      [Scan RS (ms): Min: 0.0, Avg: 0.0, Max: 0.0, Diff: 0.0, Sum: 0.0]
      [Code Root Scanning (ms): Min: 0.0, Avg: 0.0, Max: 0.1, Diff: 0.1, Sum: 0.1]
      [Object Copy (ms): Min: 1.1, Avg: 2.2, Max: 3.5, Diff: 2.4, Sum: 17.5]
      [Termination (ms): Min: 0.0, Avg: 0.6, Max: 0.7, Diff: 0.7, Sum: 4.5]
         [Termination Attempts: Min: 1, Avg: 1.6, Max: 4, Diff: 3, Sum: 13]
      [GC Worker Other (ms): Min: 0.0, Avg: 0.0, Max: 0.0, Diff: 0.0, Sum: 0.1]
      [GC Worker Total (ms): Min: 1.8, Avg: 2.9, Max: 4.3, Diff: 2.5, Sum: 23.0]
      [GC Worker End (ms): Min: 424.5, Avg: 424.6, Max: 424.6, Diff: 0.1]
   [Code Root Fixup: 0.0 ms]
   [Code Root Purge: 0.0 ms]
   [Clear CT: 0.1 ms]
   [Other: 1.8 ms]
      [Choose CSet: 0.0 ms]
      [Ref Proc: 1.6 ms]
      [Ref Enq: 0.0 ms]
      [Redirty Cards: 0.1 ms]
      [Humongous Register: 0.0 ms]
      [Humongous Reclaim: 0.0 ms]
      [Free CSet: 0.0 ms]
   [Eden: 12.0M(12.0M)->0.0B(13.0M) Survivors: 0.0B->2048.0K Heap: 12.0M(256.0M)->3147.0K(256.0M)]
Heap after GC invocations=1 (full 0):
 garbage-first heap   total 262144K, used 3147K [0x00000007b0000000, 0x00000007b0100800, 0x00000007c0000000)
  region size 1024K, 2 young (2048K), 2 survivors (2048K)
 Metaspace       used 3170K, capacity 4556K, committed 4864K, reserved 1056768K
  class space    used 337K, capacity 392K, committed 512K, reserved 1048576K
}
 [Times: user=0.03 sys=0.00, real=0.01 secs] 
{Heap before GC invocations=1 (full 0):
 garbage-first heap   total 262144K, used 16459K [0x00000007b0000000, 0x00000007b0100800, 0x00000007c0000000)
  region size 1024K, 15 young (15360K), 2 survivors (2048K)
 Metaspace       used 3170K, capacity 4556K, committed 4864K, reserved 1056768K
  class space    used 337K, capacity 392K, committed 512K, reserved 1048576K
2020-12-03T18:07:09.881-0800: 0.658: [GC pause (G1 Evacuation Pause) (young), 0.0058426 secs]
   [Parallel Time: 5.0 ms, GC Workers: 8]
      [GC Worker Start (ms): Min: 657.8, Avg: 657.8, Max: 657.8, Diff: 0.1]
      [Ext Root Scanning (ms): Min: 0.1, Avg: 0.1, Max: 0.2, Diff: 0.1, Sum: 0.9]
      [Update RS (ms): Min: 0.0, Avg: 0.1, Max: 0.5, Diff: 0.5, Sum: 0.5]
         [Processed Buffers: Min: 0, Avg: 0.1, Max: 1, Diff: 1, Sum: 1]
      [Scan RS (ms): Min: 0.0, Avg: 0.0, Max: 0.0, Diff: 0.0, Sum: 0.0]
      [Code Root Scanning (ms): Min: 0.0, Avg: 0.0, Max: 0.1, Diff: 0.1, Sum: 0.1]
      [Object Copy (ms): Min: 4.2, Avg: 4.3, Max: 4.7, Diff: 0.5, Sum: 34.2]
      [Termination (ms): Min: 0.0, Avg: 0.4, Max: 0.6, Diff: 0.6, Sum: 3.3]
         [Termination Attempts: Min: 1, Avg: 1.4, Max: 2, Diff: 1, Sum: 11]
      [GC Worker Other (ms): Min: 0.0, Avg: 0.0, Max: 0.0, Diff: 0.0, Sum: 0.1]
      [GC Worker Total (ms): Min: 4.8, Avg: 4.9, Max: 4.9, Diff: 0.1, Sum: 39.2]
      [GC Worker End (ms): Min: 662.7, Avg: 662.7, Max: 662.8, Diff: 0.1]
   [Code Root Fixup: 0.0 ms]
   [Code Root Purge: 0.0 ms]
   [Clear CT: 0.1 ms]
   [Other: 0.7 ms]
      [Choose CSet: 0.0 ms]
      [Ref Proc: 0.5 ms]
      [Ref Enq: 0.0 ms]
      [Redirty Cards: 0.1 ms]
      [Humongous Register: 0.0 ms]
      [Humongous Reclaim: 0.0 ms]
      [Free CSet: 0.0 ms]
   [Eden: 13.0M(13.0M)->0.0B(25.0M) Survivors: 2048.0K->2048.0K Heap: 16.1M(256.0M)->9340.0K(256.0M)]
Heap after GC invocations=2 (full 0):
 garbage-first heap   total 262144K, used 9340K [0x00000007b0000000, 0x00000007b0100800, 0x00000007c0000000)
  region size 1024K, 2 young (2048K), 2 survivors (2048K)
 Metaspace       used 3170K, capacity 4556K, committed 4864K, reserved 1056768K
  class space    used 337K, capacity 392K, committed 512K, reserved 1048576K
}
 [Times: user=0.02 sys=0.01, real=0.00 secs] 
{Heap before GC invocations=2 (full 0):
 garbage-first heap   total 262144K, used 34940K [0x00000007b0000000, 0x00000007b0100800, 0x00000007c0000000)
  region size 1024K, 27 young (27648K), 2 survivors (2048K)
 Metaspace       used 3175K, capacity 4556K, committed 4864K, reserved 1056768K
  class space    used 337K, capacity 392K, committed 512K, reserved 1048576K
2020-12-03T18:07:10.355-0800: 1.132: [GC pause (G1 Evacuation Pause) (young), 0.0104201 secs]
   [Parallel Time: 8.6 ms, GC Workers: 8]
      [GC Worker Start (ms): Min: 1132.0, Avg: 1135.2, Max: 1140.2, Diff: 8.2]
      [Ext Root Scanning (ms): Min: 0.0, Avg: 0.0, Max: 0.2, Diff: 0.2, Sum: 0.3]
      [Update RS (ms): Min: 0.0, Avg: 0.9, Max: 2.8, Diff: 2.8, Sum: 7.1]
         [Processed Buffers: Min: 0, Avg: 1.2, Max: 5, Diff: 5, Sum: 10]
      [Scan RS (ms): Min: 0.0, Avg: 0.0, Max: 0.0, Diff: 0.0, Sum: 0.0]
      [Code Root Scanning (ms): Min: 0.0, Avg: 0.0, Max: 0.0, Diff: 0.0, Sum: 0.0]
      [Object Copy (ms): Min: 0.0, Avg: 3.7, Max: 6.9, Diff: 6.9, Sum: 29.3]
      [Termination (ms): Min: 0.0, Avg: 0.6, Max: 1.0, Diff: 1.0, Sum: 4.6]
         [Termination Attempts: Min: 1, Avg: 3.4, Max: 8, Diff: 7, Sum: 27]
      [GC Worker Other (ms): Min: 0.0, Avg: 0.0, Max: 0.0, Diff: 0.0, Sum: 0.1]
      [GC Worker Total (ms): Min: 0.1, Avg: 5.2, Max: 8.3, Diff: 8.2, Sum: 41.3]
      [GC Worker End (ms): Min: 1140.3, Avg: 1140.4, Max: 1140.5, Diff: 0.2]
   [Code Root Fixup: 0.0 ms]
   [Code Root Purge: 0.0 ms]
   [Clear CT: 0.1 ms]
   [Other: 1.7 ms]
      [Choose CSet: 0.0 ms]
      [Ref Proc: 1.5 ms]
      [Ref Enq: 0.0 ms]
      [Redirty Cards: 0.1 ms]
      [Humongous Register: 0.0 ms]
      [Humongous Reclaim: 0.0 ms]
      [Free CSet: 0.0 ms]
   [Eden: 25.0M(25.0M)->0.0B(149.0M) Survivors: 2048.0K->4096.0K Heap: 34.1M(256.0M)->13.5M(256.0M)]
Heap after GC invocations=3 (full 0):
 garbage-first heap   total 262144K, used 13824K [0x00000007b0000000, 0x00000007b0100800, 0x00000007c0000000)
  region size 1024K, 4 young (4096K), 4 survivors (4096K)
 Metaspace       used 3175K, capacity 4556K, committed 4864K, reserved 1056768K
  class space    used 337K, capacity 392K, committed 512K, reserved 1048576K
}
 [Times: user=0.02 sys=0.01, real=0.01 secs] 
{Heap before GC invocations=3 (full 0):
 garbage-first heap   total 262144K, used 166400K [0x00000007b0000000, 0x00000007b0100800, 0x00000007c0000000)
  region size 1024K, 153 young (156672K), 4 survivors (4096K)
 Metaspace       used 3175K, capacity 4556K, committed 4864K, reserved 1056768K
  class space    used 337K, capacity 392K, committed 512K, reserved 1048576K
2020-12-03T18:07:14.414-0800: 5.191: [GC pause (G1 Evacuation Pause) (young), 0.0027230 secs]
   [Parallel Time: 1.9 ms, GC Workers: 8]
      [GC Worker Start (ms): Min: 5190.8, Avg: 5190.9, Max: 5190.9, Diff: 0.1]
      [Ext Root Scanning (ms): Min: 0.1, Avg: 0.1, Max: 0.2, Diff: 0.1, Sum: 1.1]
      [Update RS (ms): Min: 0.0, Avg: 0.0, Max: 0.2, Diff: 0.2, Sum: 0.4]
         [Processed Buffers: Min: 0, Avg: 0.5, Max: 1, Diff: 1, Sum: 4]
      [Scan RS (ms): Min: 0.0, Avg: 0.0, Max: 0.0, Diff: 0.0, Sum: 0.2]
      [Code Root Scanning (ms): Min: 0.0, Avg: 0.0, Max: 0.0, Diff: 0.0, Sum: 0.0]
      [Object Copy (ms): Min: 1.2, Avg: 1.3, Max: 1.5, Diff: 0.3, Sum: 10.5]
      [Termination (ms): Min: 0.0, Avg: 0.2, Max: 0.3, Diff: 0.3, Sum: 1.7]
         [Termination Attempts: Min: 20, Avg: 25.5, Max: 30, Diff: 10, Sum: 204]
      [GC Worker Other (ms): Min: 0.0, Avg: 0.0, Max: 0.0, Diff: 0.0, Sum: 0.2]
      [GC Worker Total (ms): Min: 1.7, Avg: 1.8, Max: 1.8, Diff: 0.1, Sum: 14.0]
      [GC Worker End (ms): Min: 5192.6, Avg: 5192.6, Max: 5192.6, Diff: 0.0]
   [Code Root Fixup: 0.0 ms]
   [Code Root Purge: 0.0 ms]
   [Clear CT: 0.1 ms]
   [Other: 0.7 ms]
      [Choose CSet: 0.0 ms]
      [Ref Proc: 0.4 ms]
      [Ref Enq: 0.0 ms]
      [Redirty Cards: 0.1 ms]
      [Humongous Register: 0.0 ms]
      [Humongous Reclaim: 0.0 ms]
      [Free CSet: 0.1 ms]
   [Eden: 149.0M(149.0M)->0.0B(149.0M) Survivors: 4096.0K->4096.0K Heap: 162.5M(256.0M)->13.3M(256.0M)]
Heap after GC invocations=4 (full 0):
 garbage-first heap   total 262144K, used 13573K [0x00000007b0000000, 0x00000007b0100800, 0x00000007c0000000)
  region size 1024K, 4 young (4096K), 4 survivors (4096K)
 Metaspace       used 3175K, capacity 4556K, committed 4864K, reserved 1056768K
  class space    used 337K, capacity 392K, committed 512K, reserved 1048576K
}
 [Times: user=0.01 sys=0.01, real=0.00 secs] 
{Heap before GC invocations=4 (full 0):
 garbage-first heap   total 262144K, used 166149K [0x00000007b0000000, 0x00000007b0100800, 0x00000007c0000000)
  region size 1024K, 153 young (156672K), 4 survivors (4096K)
 Metaspace       used 3176K, capacity 4556K, committed 4864K, reserved 1056768K
  class space    used 337K, capacity 392K, committed 512K, reserved 1048576K
2020-12-03T18:07:18.407-0800: 9.184: [GC pause (G1 Evacuation Pause) (young), 0.0107696 secs]
   [Parallel Time: 9.6 ms, GC Workers: 8]
      [GC Worker Start (ms): Min: 9184.1, Avg: 9184.1, Max: 9184.2, Diff: 0.1]
      [Ext Root Scanning (ms): Min: 0.1, Avg: 0.1, Max: 0.1, Diff: 0.1, Sum: 0.8]
      [Update RS (ms): Min: 0.0, Avg: 0.0, Max: 0.1, Diff: 0.1, Sum: 0.1]
         [Processed Buffers: Min: 0, Avg: 0.4, Max: 1, Diff: 1, Sum: 3]
      [Scan RS (ms): Min: 0.0, Avg: 0.0, Max: 0.0, Diff: 0.0, Sum: 0.1]
      [Code Root Scanning (ms): Min: 0.0, Avg: 0.0, Max: 0.0, Diff: 0.0, Sum: 0.0]
      [Object Copy (ms): Min: 7.7, Avg: 8.0, Max: 8.5, Diff: 0.8, Sum: 64.3]
      [Termination (ms): Min: 0.0, Avg: 1.0, Max: 1.7, Diff: 1.7, Sum: 8.1]
         [Termination Attempts: Min: 1, Avg: 3.1, Max: 6, Diff: 5, Sum: 25]
      [GC Worker Other (ms): Min: 0.0, Avg: 0.0, Max: 0.0, Diff: 0.0, Sum: 0.1]
      [GC Worker Total (ms): Min: 8.7, Avg: 9.2, Max: 9.6, Diff: 0.9, Sum: 73.4]
      [GC Worker End (ms): Min: 9192.8, Avg: 9193.3, Max: 9193.7, Diff: 0.9]
   [Code Root Fixup: 0.0 ms]
   [Code Root Purge: 0.0 ms]
   [Clear CT: 0.1 ms]
   [Other: 1.0 ms]
      [Choose CSet: 0.0 ms]
      [Ref Proc: 0.9 ms]
      [Ref Enq: 0.0 ms]
      [Redirty Cards: 0.1 ms]
      [Humongous Register: 0.0 ms]
      [Humongous Reclaim: 0.0 ms]
      [Free CSet: 0.0 ms]
   [Eden: 149.0M(149.0M)->0.0B(138.0M) Survivors: 4096.0K->15.0M Heap: 162.3M(256.0M)->24.2M(256.0M)]
Heap after GC invocations=5 (full 0):
 garbage-first heap   total 262144K, used 24737K [0x00000007b0000000, 0x00000007b0100800, 0x00000007c0000000)
  region size 1024K, 15 young (15360K), 15 survivors (15360K)
 Metaspace       used 3176K, capacity 4556K, committed 4864K, reserved 1056768K
  class space    used 337K, capacity 392K, committed 512K, reserved 1048576K
}
 [Times: user=0.04 sys=0.01, real=0.01 secs] 
{Heap before GC invocations=5 (full 0):
 garbage-first heap   total 262144K, used 166049K [0x00000007b0000000, 0x00000007b0100800, 0x00000007c0000000)
  region size 1024K, 153 young (156672K), 15 survivors (15360K)
 Metaspace       used 3176K, capacity 4556K, committed 4864K, reserved 1056768K
  class space    used 337K, capacity 392K, committed 512K, reserved 1048576K
2020-12-03T18:07:22.071-0800: 12.848: [GC pause (G1 Evacuation Pause) (young), 0.0034950 secs]
   [Parallel Time: 2.9 ms, GC Workers: 8]
      [GC Worker Start (ms): Min: 12847.9, Avg: 12848.0, Max: 12848.0, Diff: 0.1]
      [Ext Root Scanning (ms): Min: 0.1, Avg: 0.2, Max: 0.9, Diff: 0.9, Sum: 1.9]
      [Update RS (ms): Min: 0.0, Avg: 0.0, Max: 0.1, Diff: 0.1, Sum: 0.1]
         [Processed Buffers: Min: 0, Avg: 0.4, Max: 1, Diff: 1, Sum: 3]
      [Scan RS (ms): Min: 0.0, Avg: 0.0, Max: 0.0, Diff: 0.0, Sum: 0.1]
      [Code Root Scanning (ms): Min: 0.0, Avg: 0.0, Max: 0.0, Diff: 0.0, Sum: 0.0]
      [Object Copy (ms): Min: 1.0, Avg: 1.6, Max: 2.3, Diff: 1.3, Sum: 12.7]
      [Termination (ms): Min: 0.2, Avg: 0.9, Max: 1.2, Diff: 0.9, Sum: 7.2]
         [Termination Attempts: Min: 2, Avg: 35.9, Max: 46, Diff: 44, Sum: 287]
      [GC Worker Other (ms): Min: 0.0, Avg: 0.0, Max: 0.0, Diff: 0.0, Sum: 0.1]
      [GC Worker Total (ms): Min: 2.7, Avg: 2.8, Max: 2.8, Diff: 0.1, Sum: 22.2]
      [GC Worker End (ms): Min: 12850.7, Avg: 12850.7, Max: 12850.8, Diff: 0.0]
   [Code Root Fixup: 0.0 ms]
   [Code Root Purge: 0.0 ms]
   [Clear CT: 0.2 ms]
   [Other: 0.4 ms]
      [Choose CSet: 0.0 ms]
      [Ref Proc: 0.2 ms]
      [Ref Enq: 0.0 ms]
      [Redirty Cards: 0.1 ms]
      [Humongous Register: 0.0 ms]
      [Humongous Reclaim: 0.0 ms]
      [Free CSet: 0.0 ms]
   [Eden: 138.0M(138.0M)->0.0B(149.0M) Survivors: 15.0M->4096.0K Heap: 162.2M(256.0M)->13.8M(256.0M)]
Heap after GC invocations=6 (full 0):
 garbage-first heap   total 262144K, used 14113K [0x00000007b0000000, 0x00000007b0100800, 0x00000007c0000000)
  region size 1024K, 4 young (4096K), 4 survivors (4096K)
 Metaspace       used 3176K, capacity 4556K, committed 4864K, reserved 1056768K
  class space    used 337K, capacity 392K, committed 512K, reserved 1048576K
}
 [Times: user=0.02 sys=0.00, real=0.00 secs] 
{Heap before GC invocations=6 (full 0):
 garbage-first heap   total 262144K, used 166689K [0x00000007b0000000, 0x00000007b0100800, 0x00000007c0000000)
  region size 1024K, 153 young (156672K), 4 survivors (4096K)
 Metaspace       used 3177K, capacity 4556K, committed 4864K, reserved 1056768K
  class space    used 337K, capacity 392K, committed 512K, reserved 1048576K
2020-12-03T18:07:25.926-0800: 16.702: [GC pause (G1 Evacuation Pause) (young), 0.0252368 secs]
   [Parallel Time: 24.0 ms, GC Workers: 8]
      [GC Worker Start (ms): Min: 16702.3, Avg: 16702.4, Max: 16702.5, Diff: 0.2]
      [Ext Root Scanning (ms): Min: 0.1, Avg: 0.2, Max: 0.3, Diff: 0.2, Sum: 1.4]
      [Update RS (ms): Min: 0.2, Avg: 1.5, Max: 5.4, Diff: 5.2, Sum: 12.2]
         [Processed Buffers: Min: 1, Avg: 1.4, Max: 2, Diff: 1, Sum: 11]
      [Scan RS (ms): Min: 0.0, Avg: 0.0, Max: 0.0, Diff: 0.0, Sum: 0.2]
      [Code Root Scanning (ms): Min: 0.0, Avg: 0.0, Max: 0.0, Diff: 0.0, Sum: 0.0]
      [Object Copy (ms): Min: 17.4, Avg: 21.4, Max: 23.0, Diff: 5.6, Sum: 171.0]
      [Termination (ms): Min: 0.0, Avg: 0.5, Max: 0.7, Diff: 0.7, Sum: 4.0]
         [Termination Attempts: Min: 1, Avg: 1.0, Max: 1, Diff: 0, Sum: 8]
      [GC Worker Other (ms): Min: 0.0, Avg: 0.0, Max: 0.0, Diff: 0.0, Sum: 0.1]
      [GC Worker Total (ms): Min: 23.5, Avg: 23.6, Max: 23.7, Diff: 0.2, Sum: 188.9]
      [GC Worker End (ms): Min: 16725.9, Avg: 16726.1, Max: 16726.2, Diff: 0.3]
   [Code Root Fixup: 0.0 ms]
   [Code Root Purge: 0.0 ms]
   [Clear CT: 0.1 ms]
   [Other: 1.2 ms]
      [Choose CSet: 0.0 ms]
      [Ref Proc: 0.9 ms]
      [Ref Enq: 0.0 ms]
      [Redirty Cards: 0.1 ms]
      [Humongous Register: 0.0 ms]
      [Humongous Reclaim: 0.0 ms]
      [Free CSet: 0.1 ms]
   [Eden: 149.0M(149.0M)->0.0B(133.0M) Survivors: 4096.0K->20.0M Heap: 162.8M(256.0M)->32.7M(256.0M)]
Heap after GC invocations=7 (full 0):
 garbage-first heap   total 262144K, used 33480K [0x00000007b0000000, 0x00000007b0100800, 0x00000007c0000000)
  region size 1024K, 20 young (20480K), 20 survivors (20480K)
 Metaspace       used 3177K, capacity 4556K, committed 4864K, reserved 1056768K
  class space    used 337K, capacity 392K, committed 512K, reserved 1048576K
}
 [Times: user=0.14 sys=0.01, real=0.03 secs] 
{Heap before GC invocations=7 (full 0):
 garbage-first heap   total 262144K, used 169672K [0x00000007b0000000, 0x00000007b0100800, 0x00000007c0000000)
  region size 1024K, 153 young (156672K), 20 survivors (20480K)
 Metaspace       used 3177K, capacity 4556K, committed 4864K, reserved 1056768K
  class space    used 337K, capacity 392K, committed 512K, reserved 1048576K
2020-12-03T18:07:28.472-0800: 19.249: [GC pause (G1 Evacuation Pause) (young), 0.0128033 secs]
   [Parallel Time: 11.8 ms, GC Workers: 8]
      [GC Worker Start (ms): Min: 19248.7, Avg: 19248.7, Max: 19248.7, Diff: 0.1]
      [Ext Root Scanning (ms): Min: 0.1, Avg: 0.1, Max: 0.1, Diff: 0.1, Sum: 0.8]
      [Update RS (ms): Min: 0.9, Avg: 1.1, Max: 1.3, Diff: 0.5, Sum: 8.8]
         [Processed Buffers: Min: 1, Avg: 1.1, Max: 2, Diff: 1, Sum: 9]
      [Scan RS (ms): Min: 0.0, Avg: 0.0, Max: 0.1, Diff: 0.1, Sum: 0.1]
      [Code Root Scanning (ms): Min: 0.0, Avg: 0.0, Max: 0.0, Diff: 0.0, Sum: 0.0]
      [Object Copy (ms): Min: 10.2, Avg: 10.5, Max: 10.6, Diff: 0.4, Sum: 83.7]
      [Termination (ms): Min: 0.0, Avg: 0.0, Max: 0.0, Diff: 0.0, Sum: 0.1]
         [Termination Attempts: Min: 1, Avg: 1.6, Max: 3, Diff: 2, Sum: 13]
      [GC Worker Other (ms): Min: 0.0, Avg: 0.0, Max: 0.0, Diff: 0.0, Sum: 0.1]
      [GC Worker Total (ms): Min: 11.7, Avg: 11.7, Max: 11.7, Diff: 0.1, Sum: 93.6]
      [GC Worker End (ms): Min: 19260.4, Avg: 19260.4, Max: 19260.4, Diff: 0.0]
   [Code Root Fixup: 0.0 ms]
   [Code Root Purge: 0.0 ms]
   [Clear CT: 0.2 ms]
   [Other: 0.8 ms]
      [Choose CSet: 0.0 ms]
      [Ref Proc: 0.6 ms]
      [Ref Enq: 0.0 ms]
      [Redirty Cards: 0.1 ms]
      [Humongous Register: 0.0 ms]
      [Humongous Reclaim: 0.0 ms]
      [Free CSet: 0.0 ms]
   [Eden: 133.0M(133.0M)->0.0B(149.0M) Survivors: 20.0M->4096.0K Heap: 165.7M(256.0M)->37.8M(256.0M)]
Heap after GC invocations=8 (full 0):
 garbage-first heap   total 262144K, used 38675K [0x00000007b0000000, 0x00000007b0100800, 0x00000007c0000000)
  region size 1024K, 4 young (4096K), 4 survivors (4096K)
 Metaspace       used 3177K, capacity 4556K, committed 4864K, reserved 1056768K
  class space    used 337K, capacity 392K, committed 512K, reserved 1048576K
}
 [Times: user=0.07 sys=0.01, real=0.01 secs] 
{Heap before GC invocations=8 (full 0):
 garbage-first heap   total 262144K, used 191251K [0x00000007b0000000, 0x00000007b0100800, 0x00000007c0000000)
  region size 1024K, 153 young (156672K), 4 survivors (4096K)
 Metaspace       used 3178K, capacity 4556K, committed 4864K, reserved 1056768K
  class space    used 337K, capacity 392K, committed 512K, reserved 1048576K
2020-12-03T18:07:32.398-0800: 23.174: [GC pause (G1 Evacuation Pause) (young), 0.0105532 secs]
   [Parallel Time: 9.1 ms, GC Workers: 8]
      [GC Worker Start (ms): Min: 23174.5, Avg: 23174.6, Max: 23174.6, Diff: 0.1]
      [Ext Root Scanning (ms): Min: 0.1, Avg: 0.2, Max: 0.3, Diff: 0.2, Sum: 1.6]
      [Update RS (ms): Min: 1.3, Avg: 2.4, Max: 5.5, Diff: 4.2, Sum: 19.0]
         [Processed Buffers: Min: 1, Avg: 2.0, Max: 4, Diff: 3, Sum: 16]
      [Scan RS (ms): Min: 0.0, Avg: 0.0, Max: 0.1, Diff: 0.1, Sum: 0.2]
      [Code Root Scanning (ms): Min: 0.0, Avg: 0.0, Max: 0.0, Diff: 0.0, Sum: 0.0]
      [Object Copy (ms): Min: 3.2, Avg: 6.2, Max: 7.2, Diff: 4.0, Sum: 50.0]
      [Termination (ms): Min: 0.0, Avg: 0.0, Max: 0.0, Diff: 0.0, Sum: 0.0]
         [Termination Attempts: Min: 1, Avg: 2.0, Max: 5, Diff: 4, Sum: 16]
      [GC Worker Other (ms): Min: 0.0, Avg: 0.0, Max: 0.1, Diff: 0.1, Sum: 0.2]
      [GC Worker Total (ms): Min: 8.8, Avg: 8.9, Max: 9.0, Diff: 0.2, Sum: 71.0]
      [GC Worker End (ms): Min: 23183.4, Avg: 23183.5, Max: 23183.5, Diff: 0.1]
   [Code Root Fixup: 0.0 ms]
   [Code Root Purge: 0.0 ms]
   [Clear CT: 0.1 ms]
   [Other: 1.3 ms]
      [Choose CSet: 0.0 ms]
      [Ref Proc: 1.0 ms]
      [Ref Enq: 0.0 ms]
      [Redirty Cards: 0.1 ms]
      [Humongous Register: 0.0 ms]
      [Humongous Reclaim: 0.0 ms]
      [Free CSet: 0.0 ms]
   [Eden: 149.0M(149.0M)->0.0B(145.0M) Survivors: 4096.0K->8192.0K Heap: 186.8M(256.0M)->42.3M(256.0M)]
Heap after GC invocations=9 (full 0):
 garbage-first heap   total 262144K, used 43283K [0x00000007b0000000, 0x00000007b0100800, 0x00000007c0000000)
  region size 1024K, 8 young (8192K), 8 survivors (8192K)
 Metaspace       used 3178K, capacity 4556K, committed 4864K, reserved 1056768K
  class space    used 337K, capacity 392K, committed 512K, reserved 1048576K
}
 [Times: user=0.07 sys=0.00, real=0.01 secs] 
{Heap before GC invocations=9 (full 0):
 garbage-first heap   total 262144K, used 191763K [0x00000007b0000000, 0x00000007b0100800, 0x00000007c0000000)
  region size 1024K, 153 young (156672K), 8 survivors (8192K)
 Metaspace       used 3178K, capacity 4556K, committed 4864K, reserved 1056768K
  class space    used 337K, capacity 392K, committed 512K, reserved 1048576K
2020-12-03T18:07:36.012-0800: 26.788: [GC pause (G1 Evacuation Pause) (young), 0.0018696 secs]
   [Parallel Time: 1.1 ms, GC Workers: 8]
      [GC Worker Start (ms): Min: 26787.9, Avg: 26788.0, Max: 26788.1, Diff: 0.1]
      [Ext Root Scanning (ms): Min: 0.1, Avg: 0.2, Max: 0.3, Diff: 0.1, Sum: 1.6]
      [Update RS (ms): Min: 0.0, Avg: 0.1, Max: 0.3, Diff: 0.2, Sum: 0.5]
         [Processed Buffers: Min: 1, Avg: 1.4, Max: 2, Diff: 1, Sum: 11]
      [Scan RS (ms): Min: 0.0, Avg: 0.0, Max: 0.0, Diff: 0.0, Sum: 0.2]
      [Code Root Scanning (ms): Min: 0.0, Avg: 0.0, Max: 0.0, Diff: 0.0, Sum: 0.0]
      [Object Copy (ms): Min: 0.0, Avg: 0.2, Max: 0.5, Diff: 0.5, Sum: 1.5]
      [Termination (ms): Min: 0.0, Avg: 0.3, Max: 0.4, Diff: 0.4, Sum: 2.7]
         [Termination Attempts: Min: 1, Avg: 1.0, Max: 1, Diff: 0, Sum: 8]
      [GC Worker Other (ms): Min: 0.0, Avg: 0.0, Max: 0.0, Diff: 0.0, Sum: 0.1]
      [GC Worker Total (ms): Min: 0.7, Avg: 0.8, Max: 0.9, Diff: 0.2, Sum: 6.7]
      [GC Worker End (ms): Min: 26788.8, Avg: 26788.8, Max: 26788.9, Diff: 0.1]
   [Code Root Fixup: 0.0 ms]
   [Code Root Purge: 0.0 ms]
   [Clear CT: 0.2 ms]
   [Other: 0.6 ms]
      [Choose CSet: 0.0 ms]
      [Ref Proc: 0.2 ms]
      [Ref Enq: 0.0 ms]
      [Redirty Cards: 0.2 ms]
      [Humongous Register: 0.0 ms]
      [Humongous Reclaim: 0.0 ms]
      [Free CSet: 0.0 ms]
   [Eden: 145.0M(145.0M)->0.0B(149.0M) Survivors: 8192.0K->4096.0K Heap: 187.3M(256.0M)->37.8M(256.0M)]
Heap after GC invocations=10 (full 0):
 garbage-first heap   total 262144K, used 38675K [0x00000007b0000000, 0x00000007b0100800, 0x00000007c0000000)
  region size 1024K, 4 young (4096K), 4 survivors (4096K)
 Metaspace       used 3178K, capacity 4556K, committed 4864K, reserved 1056768K
  class space    used 337K, capacity 392K, committed 512K, reserved 1048576K
}
 [Times: user=0.00 sys=0.00, real=0.00 secs] 
{Heap before GC invocations=10 (full 0):
 garbage-first heap   total 262144K, used 191251K [0x00000007b0000000, 0x00000007b0100800, 0x00000007c0000000)
  region size 1024K, 153 young (156672K), 4 survivors (4096K)
 Metaspace       used 3178K, capacity 4556K, committed 4864K, reserved 1056768K
  class space    used 337K, capacity 392K, committed 512K, reserved 1048576K
2020-12-03T18:07:40.110-0800: 30.887: [GC pause (G1 Evacuation Pause) (young), 0.0033347 secs]
   [Parallel Time: 2.5 ms, GC Workers: 8]
      [GC Worker Start (ms): Min: 30886.6, Avg: 30886.6, Max: 30886.7, Diff: 0.1]
      [Ext Root Scanning (ms): Min: 0.1, Avg: 0.2, Max: 0.2, Diff: 0.1, Sum: 1.4]
      [Update RS (ms): Min: 0.0, Avg: 0.1, Max: 0.8, Diff: 0.8, Sum: 1.0]
         [Processed Buffers: Min: 0, Avg: 0.6, Max: 1, Diff: 1, Sum: 5]
      [Scan RS (ms): Min: 0.0, Avg: 0.0, Max: 0.0, Diff: 0.0, Sum: 0.2]
      [Code Root Scanning (ms): Min: 0.0, Avg: 0.0, Max: 0.0, Diff: 0.0, Sum: 0.0]
      [Object Copy (ms): Min: 1.3, Avg: 1.9, Max: 2.1, Diff: 0.8, Sum: 15.5]
      [Termination (ms): Min: 0.0, Avg: 0.0, Max: 0.0, Diff: 0.0, Sum: 0.1]
         [Termination Attempts: Min: 1, Avg: 2.6, Max: 4, Diff: 3, Sum: 21]
      [GC Worker Other (ms): Min: 0.0, Avg: 0.0, Max: 0.1, Diff: 0.1, Sum: 0.3]
      [GC Worker Total (ms): Min: 2.2, Avg: 2.3, Max: 2.4, Diff: 0.1, Sum: 18.4]
      [GC Worker End (ms): Min: 30888.9, Avg: 30888.9, Max: 30889.0, Diff: 0.0]
   [Code Root Fixup: 0.0 ms]
   [Code Root Purge: 0.0 ms]
   [Clear CT: 0.2 ms]
   [Other: 0.6 ms]
      [Choose CSet: 0.0 ms]
      [Ref Proc: 0.3 ms]
      [Ref Enq: 0.0 ms]
      [Redirty Cards: 0.2 ms]
      [Humongous Register: 0.0 ms]
      [Humongous Reclaim: 0.0 ms]
      [Free CSet: 0.0 ms]
   [Eden: 149.0M(149.0M)->0.0B(151.0M) Survivors: 4096.0K->2048.0K Heap: 186.8M(256.0M)->35.9M(256.0M)]
Heap after GC invocations=11 (full 0):
 garbage-first heap   total 262144K, used 36726K [0x00000007b0000000, 0x00000007b0100800, 0x00000007c0000000)
  region size 1024K, 2 young (2048K), 2 survivors (2048K)
 Metaspace       used 3178K, capacity 4556K, committed 4864K, reserved 1056768K
  class space    used 337K, capacity 392K, committed 512K, reserved 1048576K
}
 [Times: user=0.02 sys=0.00, real=0.00 secs] 
{Heap before GC invocations=11 (full 0):
 garbage-first heap   total 262144K, used 191350K [0x00000007b0000000, 0x00000007b0100800, 0x00000007c0000000)
  region size 1024K, 153 young (156672K), 2 survivors (2048K)
 Metaspace       used 3178K, capacity 4556K, committed 4864K, reserved 1056768K
  class space    used 337K, capacity 392K, committed 512K, reserved 1048576K
2020-12-03T18:07:44.123-0800: 34.899: [GC pause (G1 Evacuation Pause) (young), 0.0026945 secs]
   [Parallel Time: 1.7 ms, GC Workers: 8]
      [GC Worker Start (ms): Min: 34899.2, Avg: 34899.3, Max: 34899.4, Diff: 0.2]
      [Ext Root Scanning (ms): Min: 0.1, Avg: 0.2, Max: 0.3, Diff: 0.2, Sum: 1.5]
      [Update RS (ms): Min: 0.0, Avg: 0.1, Max: 0.3, Diff: 0.2, Sum: 0.7]
         [Processed Buffers: Min: 1, Avg: 1.4, Max: 2, Diff: 1, Sum: 11]
      [Scan RS (ms): Min: 0.0, Avg: 0.0, Max: 0.0, Diff: 0.0, Sum: 0.2]
      [Code Root Scanning (ms): Min: 0.0, Avg: 0.0, Max: 0.0, Diff: 0.0, Sum: 0.0]
      [Object Copy (ms): Min: 1.0, Avg: 1.1, Max: 1.2, Diff: 0.2, Sum: 9.1]
      [Termination (ms): Min: 0.0, Avg: 0.0, Max: 0.0, Diff: 0.0, Sum: 0.0]
         [Termination Attempts: Min: 1, Avg: 1.0, Max: 1, Diff: 0, Sum: 8]
      [GC Worker Other (ms): Min: 0.0, Avg: 0.0, Max: 0.0, Diff: 0.0, Sum: 0.2]
      [GC Worker Total (ms): Min: 1.4, Avg: 1.5, Max: 1.6, Diff: 0.2, Sum: 11.8]
      [GC Worker End (ms): Min: 34900.8, Avg: 34900.8, Max: 34900.8, Diff: 0.0]
   [Code Root Fixup: 0.0 ms]
   [Code Root Purge: 0.0 ms]
   [Clear CT: 0.2 ms]
   [Other: 0.8 ms]
      [Choose CSet: 0.0 ms]
      [Ref Proc: 0.4 ms]
      [Ref Enq: 0.0 ms]
      [Redirty Cards: 0.2 ms]
      [Humongous Register: 0.0 ms]
      [Humongous Reclaim: 0.0 ms]
      [Free CSet: 0.0 ms]
   [Eden: 151.0M(151.0M)->0.0B(151.0M) Survivors: 2048.0K->2048.0K Heap: 186.9M(256.0M)->36.0M(256.0M)]
Heap after GC invocations=12 (full 0):
 garbage-first heap   total 262144K, used 36867K [0x00000007b0000000, 0x00000007b0100800, 0x00000007c0000000)
  region size 1024K, 2 young (2048K), 2 survivors (2048K)
 Metaspace       used 3178K, capacity 4556K, committed 4864K, reserved 1056768K
  class space    used 337K, capacity 392K, committed 512K, reserved 1048576K
}
 [Times: user=0.01 sys=0.00, real=0.00 secs] 
{Heap before GC invocations=12 (full 0):
 garbage-first heap   total 262144K, used 191491K [0x00000007b0000000, 0x00000007b0100800, 0x00000007c0000000)
  region size 1024K, 153 young (156672K), 2 survivors (2048K)
 Metaspace       used 3178K, capacity 4556K, committed 4864K, reserved 1056768K
  class space    used 337K, capacity 392K, committed 512K, reserved 1048576K
2020-12-03T18:07:47.391-0800: 38.167: [GC pause (G1 Evacuation Pause) (young), 0.0067767 secs]
   [Parallel Time: 6.0 ms, GC Workers: 8]
      [GC Worker Start (ms): Min: 38166.8, Avg: 38166.8, Max: 38166.9, Diff: 0.2]
      [Ext Root Scanning (ms): Min: 0.1, Avg: 0.2, Max: 0.3, Diff: 0.2, Sum: 1.6]
      [Update RS (ms): Min: 0.1, Avg: 0.3, Max: 1.6, Diff: 1.5, Sum: 2.5]
         [Processed Buffers: Min: 1, Avg: 1.4, Max: 2, Diff: 1, Sum: 11]
      [Scan RS (ms): Min: 0.0, Avg: 0.0, Max: 0.0, Diff: 0.0, Sum: 0.2]
      [Code Root Scanning (ms): Min: 0.0, Avg: 0.0, Max: 0.0, Diff: 0.0, Sum: 0.0]
      [Object Copy (ms): Min: 3.9, Avg: 5.2, Max: 5.5, Diff: 1.5, Sum: 41.9]
      [Termination (ms): Min: 0.0, Avg: 0.0, Max: 0.0, Diff: 0.0, Sum: 0.0]
         [Termination Attempts: Min: 1, Avg: 1.4, Max: 2, Diff: 1, Sum: 11]
      [GC Worker Other (ms): Min: 0.0, Avg: 0.0, Max: 0.1, Diff: 0.1, Sum: 0.3]
      [GC Worker Total (ms): Min: 5.7, Avg: 5.8, Max: 6.0, Diff: 0.2, Sum: 46.6]
      [GC Worker End (ms): Min: 38172.6, Avg: 38172.7, Max: 38172.7, Diff: 0.1]
   [Code Root Fixup: 0.0 ms]
   [Code Root Purge: 0.0 ms]
   [Clear CT: 0.2 ms]
   [Other: 0.6 ms]
      [Choose CSet: 0.0 ms]
      [Ref Proc: 0.2 ms]
      [Ref Enq: 0.0 ms]
      [Redirty Cards: 0.2 ms]
      [Humongous Register: 0.0 ms]
      [Humongous Reclaim: 0.0 ms]
      [Free CSet: 0.0 ms]
   [Eden: 151.0M(151.0M)->0.0B(147.0M) Survivors: 2048.0K->6144.0K Heap: 187.0M(256.0M)->39.6M(256.0M)]
Heap after GC invocations=13 (full 0):
 garbage-first heap   total 262144K, used 40569K [0x00000007b0000000, 0x00000007b0100800, 0x00000007c0000000)
  region size 1024K, 6 young (6144K), 6 survivors (6144K)
 Metaspace       used 3178K, capacity 4556K, committed 4864K, reserved 1056768K
  class space    used 337K, capacity 392K, committed 512K, reserved 1048576K
}
 [Times: user=0.04 sys=0.00, real=0.00 secs] 
{Heap before GC invocations=13 (full 0):
 garbage-first heap   total 262144K, used 191097K [0x00000007b0000000, 0x00000007b0100800, 0x00000007c0000000)
  region size 1024K, 153 young (156672K), 6 survivors (6144K)
 Metaspace       used 3178K, capacity 4556K, committed 4864K, reserved 1056768K
  class space    used 337K, capacity 392K, committed 512K, reserved 1048576K
2020-12-03T18:07:50.589-0800: 41.364: [GC pause (G1 Evacuation Pause) (young), 0.0030642 secs]
   [Parallel Time: 2.1 ms, GC Workers: 8]
      [GC Worker Start (ms): Min: 41364.5, Avg: 41364.7, Max: 41365.8, Diff: 1.3]
      [Ext Root Scanning (ms): Min: 0.0, Avg: 0.2, Max: 0.5, Diff: 0.5, Sum: 1.9]
      [Update RS (ms): Min: 0.0, Avg: 0.2, Max: 0.3, Diff: 0.3, Sum: 1.3]
         [Processed Buffers: Min: 0, Avg: 1.2, Max: 3, Diff: 3, Sum: 10]
      [Scan RS (ms): Min: 0.0, Avg: 0.0, Max: 0.1, Diff: 0.1, Sum: 0.2]
      [Code Root Scanning (ms): Min: 0.0, Avg: 0.0, Max: 0.0, Diff: 0.0, Sum: 0.0]
      [Object Copy (ms): Min: 0.7, Avg: 1.3, Max: 1.5, Diff: 0.8, Sum: 10.6]
      [Termination (ms): Min: 0.0, Avg: 0.0, Max: 0.0, Diff: 0.0, Sum: 0.0]
         [Termination Attempts: Min: 1, Avg: 1.0, Max: 1, Diff: 0, Sum: 8]
      [GC Worker Other (ms): Min: 0.0, Avg: 0.0, Max: 0.1, Diff: 0.1, Sum: 0.3]
      [GC Worker Total (ms): Min: 0.7, Avg: 1.8, Max: 2.0, Diff: 1.3, Sum: 14.4]
      [GC Worker End (ms): Min: 41366.5, Avg: 41366.5, Max: 41366.6, Diff: 0.1]
   [Code Root Fixup: 0.0 ms]
   [Code Root Purge: 0.0 ms]
   [Clear CT: 0.3 ms]
   [Other: 0.7 ms]
      [Choose CSet: 0.0 ms]
      [Ref Proc: 0.3 ms]
      [Ref Enq: 0.0 ms]
      [Redirty Cards: 0.2 ms]
      [Humongous Register: 0.0 ms]
      [Humongous Reclaim: 0.0 ms]
      [Free CSet: 0.0 ms]
   [Eden: 147.0M(147.0M)->0.0B(149.0M) Survivors: 6144.0K->4096.0K Heap: 186.6M(256.0M)->38.1M(256.0M)]
Heap after GC invocations=14 (full 0):
 garbage-first heap   total 262144K, used 39018K [0x00000007b0000000, 0x00000007b0100800, 0x00000007c0000000)
  region size 1024K, 4 young (4096K), 4 survivors (4096K)
 Metaspace       used 3178K, capacity 4556K, committed 4864K, reserved 1056768K
  class space    used 337K, capacity 392K, committed 512K, reserved 1048576K
}
 [Times: user=0.01 sys=0.00, real=0.01 secs] 
{Heap before GC invocations=14 (full 0):
 garbage-first heap   total 262144K, used 191594K [0x00000007b0000000, 0x00000007b0100800, 0x00000007c0000000)
  region size 1024K, 153 young (156672K), 4 survivors (4096K)
 Metaspace       used 3178K, capacity 4556K, committed 4864K, reserved 1056768K
  class space    used 337K, capacity 392K, committed 512K, reserved 1048576K
2020-12-03T18:07:53.730-0800: 44.505: [GC pause (G1 Evacuation Pause) (young), 0.0076908 secs]
   [Parallel Time: 7.0 ms, GC Workers: 8]
      [GC Worker Start (ms): Min: 44505.3, Avg: 44505.4, Max: 44505.5, Diff: 0.2]
      [Ext Root Scanning (ms): Min: 0.1, Avg: 0.1, Max: 0.3, Diff: 0.2, Sum: 1.2]
      [Update RS (ms): Min: 0.1, Avg: 0.3, Max: 2.0, Diff: 1.9, Sum: 2.7]
         [Processed Buffers: Min: 1, Avg: 1.4, Max: 2, Diff: 1, Sum: 11]
      [Scan RS (ms): Min: 0.0, Avg: 0.0, Max: 0.0, Diff: 0.0, Sum: 0.2]
      [Code Root Scanning (ms): Min: 0.0, Avg: 0.0, Max: 0.0, Diff: 0.0, Sum: 0.0]
      [Object Copy (ms): Min: 4.7, Avg: 6.3, Max: 6.5, Diff: 1.9, Sum: 50.2]
      [Termination (ms): Min: 0.0, Avg: 0.0, Max: 0.0, Diff: 0.0, Sum: 0.0]
         [Termination Attempts: Min: 1, Avg: 2.8, Max: 5, Diff: 4, Sum: 22]
      [GC Worker Other (ms): Min: 0.0, Avg: 0.0, Max: 0.0, Diff: 0.0, Sum: 0.2]
      [GC Worker Total (ms): Min: 6.8, Avg: 6.8, Max: 6.9, Diff: 0.2, Sum: 54.6]
      [GC Worker End (ms): Min: 44512.3, Avg: 44512.3, Max: 44512.3, Diff: 0.0]
   [Code Root Fixup: 0.0 ms]
   [Code Root Purge: 0.0 ms]
   [Clear CT: 0.1 ms]
   [Other: 0.6 ms]
      [Choose CSet: 0.0 ms]
      [Ref Proc: 0.3 ms]
      [Ref Enq: 0.0 ms]
      [Redirty Cards: 0.1 ms]
      [Humongous Register: 0.0 ms]
      [Humongous Reclaim: 0.0 ms]
      [Free CSet: 0.0 ms]
   [Eden: 149.0M(149.0M)->0.0B(145.0M) Survivors: 4096.0K->8192.0K Heap: 187.1M(256.0M)->41.6M(256.0M)]
Heap after GC invocations=15 (full 0):
 garbage-first heap   total 262144K, used 42607K [0x00000007b0000000, 0x00000007b0100800, 0x00000007c0000000)
  region size 1024K, 8 young (8192K), 8 survivors (8192K)
 Metaspace       used 3178K, capacity 4556K, committed 4864K, reserved 1056768K
  class space    used 337K, capacity 392K, committed 512K, reserved 1048576K
}
 [Times: user=0.06 sys=0.01, real=0.00 secs] 
{Heap before GC invocations=15 (full 0):
 garbage-first heap   total 262144K, used 191087K [0x00000007b0000000, 0x00000007b0100800, 0x00000007c0000000)
  region size 1024K, 153 young (156672K), 8 survivors (8192K)
 Metaspace       used 3178K, capacity 4556K, committed 4864K, reserved 1056768K
  class space    used 337K, capacity 392K, committed 512K, reserved 1048576K
2020-12-03T18:07:57.090-0800: 47.866: [GC pause (G1 Evacuation Pause) (young), 0.0048697 secs]
   [Parallel Time: 4.2 ms, GC Workers: 8]
      [GC Worker Start (ms): Min: 47866.1, Avg: 47866.1, Max: 47866.2, Diff: 0.1]
      [Ext Root Scanning (ms): Min: 0.1, Avg: 0.1, Max: 0.2, Diff: 0.1, Sum: 0.9]
      [Update RS (ms): Min: 0.2, Avg: 0.3, Max: 0.7, Diff: 0.5, Sum: 2.2]
         [Processed Buffers: Min: 1, Avg: 1.2, Max: 2, Diff: 1, Sum: 10]
      [Scan RS (ms): Min: 0.0, Avg: 0.0, Max: 0.0, Diff: 0.0, Sum: 0.1]
      [Code Root Scanning (ms): Min: 0.0, Avg: 0.0, Max: 0.0, Diff: 0.0, Sum: 0.0]
      [Object Copy (ms): Min: 3.3, Avg: 3.6, Max: 3.7, Diff: 0.4, Sum: 29.0]
      [Termination (ms): Min: 0.0, Avg: 0.0, Max: 0.0, Diff: 0.0, Sum: 0.0]
         [Termination Attempts: Min: 1, Avg: 1.2, Max: 2, Diff: 1, Sum: 10]
      [GC Worker Other (ms): Min: 0.0, Avg: 0.0, Max: 0.0, Diff: 0.0, Sum: 0.1]
      [GC Worker Total (ms): Min: 4.0, Avg: 4.1, Max: 4.1, Diff: 0.1, Sum: 32.5]
      [GC Worker End (ms): Min: 47870.2, Avg: 47870.2, Max: 47870.2, Diff: 0.0]
   [Code Root Fixup: 0.0 ms]
   [Code Root Purge: 0.0 ms]
   [Clear CT: 0.1 ms]
   [Other: 0.5 ms]
      [Choose CSet: 0.0 ms]
      [Ref Proc: 0.3 ms]
      [Ref Enq: 0.0 ms]
      [Redirty Cards: 0.1 ms]
      [Humongous Register: 0.0 ms]
      [Humongous Reclaim: 0.0 ms]
      [Free CSet: 0.0 ms]
   [Eden: 145.0M(145.0M)->0.0B(145.0M) Survivors: 8192.0K->8192.0K Heap: 186.6M(256.0M)->42.3M(256.0M)]
Heap after GC invocations=16 (full 0):
 garbage-first heap   total 262144K, used 43283K [0x00000007b0000000, 0x00000007b0100800, 0x00000007c0000000)
  region size 1024K, 8 young (8192K), 8 survivors (8192K)
 Metaspace       used 3178K, capacity 4556K, committed 4864K, reserved 1056768K
  class space    used 337K, capacity 392K, committed 512K, reserved 1048576K
}
 [Times: user=0.03 sys=0.00, real=0.00 secs] 
{Heap before GC invocations=16 (full 0):
 garbage-first heap   total 262144K, used 191763K [0x00000007b0000000, 0x00000007b0100800, 0x00000007c0000000)
  region size 1024K, 153 young (156672K), 8 survivors (8192K)
 Metaspace       used 3178K, capacity 4556K, committed 4864K, reserved 1056768K
  class space    used 337K, capacity 392K, committed 512K, reserved 1048576K
2020-12-03T18:08:00.053-0800: 50.828: [GC pause (G1 Evacuation Pause) (young), 0.0022794 secs]
   [Parallel Time: 1.2 ms, GC Workers: 8]
      [GC Worker Start (ms): Min: 50828.3, Avg: 50828.4, Max: 50828.5, Diff: 0.2]
      [Ext Root Scanning (ms): Min: 0.0, Avg: 0.1, Max: 0.1, Diff: 0.1, Sum: 0.8]
      [Update RS (ms): Min: 0.0, Avg: 0.1, Max: 0.1, Diff: 0.1, Sum: 0.4]
         [Processed Buffers: Min: 0, Avg: 1.2, Max: 2, Diff: 2, Sum: 10]
      [Scan RS (ms): Min: 0.0, Avg: 0.0, Max: 0.0, Diff: 0.0, Sum: 0.1]
      [Code Root Scanning (ms): Min: 0.0, Avg: 0.0, Max: 0.0, Diff: 0.0, Sum: 0.0]
      [Object Copy (ms): Min: 0.2, Avg: 0.3, Max: 0.8, Diff: 0.6, Sum: 2.5]
      [Termination (ms): Min: 0.0, Avg: 0.6, Max: 0.7, Diff: 0.7, Sum: 4.6]
         [Termination Attempts: Min: 1, Avg: 1.0, Max: 1, Diff: 0, Sum: 8]
      [GC Worker Other (ms): Min: 0.0, Avg: 0.0, Max: 0.0, Diff: 0.0, Sum: 0.1]
      [GC Worker Total (ms): Min: 1.0, Avg: 1.1, Max: 1.1, Diff: 0.1, Sum: 8.4]
      [GC Worker End (ms): Min: 50829.3, Avg: 50829.4, Max: 50829.5, Diff: 0.2]
   [Code Root Fixup: 0.0 ms]
   [Code Root Purge: 0.0 ms]
   [Clear CT: 0.1 ms]
   [Other: 1.0 ms]
      [Choose CSet: 0.0 ms]
      [Ref Proc: 0.8 ms]
      [Ref Enq: 0.0 ms]
      [Redirty Cards: 0.1 ms]
      [Humongous Register: 0.0 ms]
      [Humongous Reclaim: 0.0 ms]
      [Free CSet: 0.0 ms]
   [Eden: 145.0M(145.0M)->0.0B(149.0M) Survivors: 8192.0K->4096.0K Heap: 187.3M(256.0M)->38.3M(256.0M)]
Heap after GC invocations=17 (full 0):
 garbage-first heap   total 262144K, used 39187K [0x00000007b0000000, 0x00000007b0100800, 0x00000007c0000000)
  region size 1024K, 4 young (4096K), 4 survivors (4096K)
 Metaspace       used 3178K, capacity 4556K, committed 4864K, reserved 1056768K
  class space    used 337K, capacity 392K, committed 512K, reserved 1048576K
}
 [Times: user=0.01 sys=0.00, real=0.00 secs] 
{Heap before GC invocations=17 (full 0):
 garbage-first heap   total 262144K, used 191763K [0x00000007b0000000, 0x00000007b0100800, 0x00000007c0000000)
  region size 1024K, 153 young (156672K), 4 survivors (4096K)
 Metaspace       used 3178K, capacity 4556K, committed 4864K, reserved 1056768K
  class space    used 337K, capacity 392K, committed 512K, reserved 1048576K
2020-12-03T18:08:04.043-0800: 54.818: [GC pause (G1 Evacuation Pause) (young), 0.0038453 secs]
   [Parallel Time: 3.0 ms, GC Workers: 8]
      [GC Worker Start (ms): Min: 54818.3, Avg: 54818.3, Max: 54818.4, Diff: 0.2]
      [Ext Root Scanning (ms): Min: 0.1, Avg: 0.2, Max: 0.3, Diff: 0.2, Sum: 1.5]
      [Update RS (ms): Min: 0.0, Avg: 0.1, Max: 0.7, Diff: 0.7, Sum: 1.0]
         [Processed Buffers: Min: 0, Avg: 0.9, Max: 1, Diff: 1, Sum: 7]
      [Scan RS (ms): Min: 0.0, Avg: 0.0, Max: 0.0, Diff: 0.0, Sum: 0.2]
      [Code Root Scanning (ms): Min: 0.0, Avg: 0.0, Max: 0.0, Diff: 0.0, Sum: 0.0]
      [Object Copy (ms): Min: 1.9, Avg: 2.5, Max: 2.6, Diff: 0.7, Sum: 19.7]
      [Termination (ms): Min: 0.0, Avg: 0.0, Max: 0.0, Diff: 0.0, Sum: 0.0]
         [Termination Attempts: Min: 1, Avg: 1.1, Max: 2, Diff: 1, Sum: 9]
      [GC Worker Other (ms): Min: 0.0, Avg: 0.0, Max: 0.0, Diff: 0.0, Sum: 0.2]
      [GC Worker Total (ms): Min: 2.8, Avg: 2.8, Max: 2.9, Diff: 0.2, Sum: 22.7]
      [GC Worker End (ms): Min: 54821.2, Avg: 54821.2, Max: 54821.2, Diff: 0.0]
   [Code Root Fixup: 0.0 ms]
   [Code Root Purge: 0.0 ms]
   [Clear CT: 0.2 ms]
   [Other: 0.7 ms]
      [Choose CSet: 0.0 ms]
      [Ref Proc: 0.3 ms]
      [Ref Enq: 0.0 ms]
      [Redirty Cards: 0.2 ms]
      [Humongous Register: 0.0 ms]
      [Humongous Reclaim: 0.0 ms]
      [Free CSet: 0.0 ms]
   [Eden: 149.0M(149.0M)->0.0B(149.0M) Survivors: 4096.0K->4096.0K Heap: 187.3M(256.0M)->37.5M(256.0M)]
Heap after GC invocations=18 (full 0):
 garbage-first heap   total 262144K, used 38371K [0x00000007b0000000, 0x00000007b0100800, 0x00000007c0000000)
  region size 1024K, 4 young (4096K), 4 survivors (4096K)
 Metaspace       used 3178K, capacity 4556K, committed 4864K, reserved 1056768K
  class space    used 337K, capacity 392K, committed 512K, reserved 1048576K
}
 [Times: user=0.02 sys=0.00, real=0.00 secs] 
{Heap before GC invocations=18 (full 0):
 garbage-first heap   total 262144K, used 190947K [0x00000007b0000000, 0x00000007b0100800, 0x00000007c0000000)
  region size 1024K, 153 young (156672K), 4 survivors (4096K)
 Metaspace       used 3178K, capacity 4556K, committed 4864K, reserved 1056768K
  class space    used 337K, capacity 392K, committed 512K, reserved 1048576K
2020-12-03T18:08:08.741-0800: 59.517: [GC pause (G1 Evacuation Pause) (young), 0.0020387 secs]
   [Parallel Time: 0.9 ms, GC Workers: 8]
      [GC Worker Start (ms): Min: 59516.6, Avg: 59516.8, Max: 59516.8, Diff: 0.2]
      [Ext Root Scanning (ms): Min: 0.1, Avg: 0.2, Max: 0.3, Diff: 0.2, Sum: 1.5]
      [Update RS (ms): Min: 0.0, Avg: 0.1, Max: 0.3, Diff: 0.2, Sum: 0.6]
         [Processed Buffers: Min: 1, Avg: 1.4, Max: 2, Diff: 1, Sum: 11]
      [Scan RS (ms): Min: 0.0, Avg: 0.0, Max: 0.0, Diff: 0.0, Sum: 0.2]
      [Code Root Scanning (ms): Min: 0.0, Avg: 0.0, Max: 0.0, Diff: 0.0, Sum: 0.0]
      [Object Copy (ms): Min: 0.2, Avg: 0.3, Max: 0.4, Diff: 0.2, Sum: 2.7]
      [Termination (ms): Min: 0.0, Avg: 0.0, Max: 0.0, Diff: 0.0, Sum: 0.0]
         [Termination Attempts: Min: 1, Avg: 1.0, Max: 1, Diff: 0, Sum: 8]
      [GC Worker Other (ms): Min: 0.0, Avg: 0.0, Max: 0.1, Diff: 0.0, Sum: 0.2]
      [GC Worker Total (ms): Min: 0.6, Avg: 0.7, Max: 0.8, Diff: 0.2, Sum: 5.2]
      [GC Worker End (ms): Min: 59517.4, Avg: 59517.4, Max: 59517.4, Diff: 0.0]
   [Code Root Fixup: 0.0 ms]
   [Code Root Purge: 0.0 ms]
   [Clear CT: 0.2 ms]
   [Other: 0.9 ms]
      [Choose CSet: 0.0 ms]
      [Ref Proc: 0.6 ms]
      [Ref Enq: 0.0 ms]
      [Redirty Cards: 0.2 ms]
      [Humongous Register: 0.0 ms]
      [Humongous Reclaim: 0.0 ms]
      [Free CSet: 0.0 ms]
   [Eden: 149.0M(149.0M)->0.0B(151.0M) Survivors: 4096.0K->2048.0K Heap: 186.5M(256.0M)->36.1M(256.0M)]
Heap after GC invocations=19 (full 0):
 garbage-first heap   total 262144K, used 36966K [0x00000007b0000000, 0x00000007b0100800, 0x00000007c0000000)
  region size 1024K, 2 young (2048K), 2 survivors (2048K)
 Metaspace       used 3178K, capacity 4556K, committed 4864K, reserved 1056768K
  class space    used 337K, capacity 392K, committed 512K, reserved 1048576K
}
 [Times: user=0.00 sys=0.00, real=0.00 secs] 
{Heap before GC invocations=19 (full 0):
 garbage-first heap   total 262144K, used 191590K [0x00000007b0000000, 0x00000007b0100800, 0x00000007c0000000)
  region size 1024K, 153 young (156672K), 2 survivors (2048K)
 Metaspace       used 3178K, capacity 4556K, committed 4864K, reserved 1056768K
  class space    used 337K, capacity 392K, committed 512K, reserved 1048576K
2020-12-03T18:08:11.979-0800: 62.754: [GC pause (G1 Evacuation Pause) (young), 0.0056412 secs]
   [Parallel Time: 4.6 ms, GC Workers: 8]
      [GC Worker Start (ms): Min: 62754.1, Avg: 62754.2, Max: 62754.2, Diff: 0.1]
      [Ext Root Scanning (ms): Min: 0.1, Avg: 0.1, Max: 0.2, Diff: 0.1, Sum: 0.8]
      [Update RS (ms): Min: 0.0, Avg: 0.3, Max: 1.9, Diff: 1.9, Sum: 2.2]
         [Processed Buffers: Min: 1, Avg: 1.4, Max: 2, Diff: 1, Sum: 11]
      [Scan RS (ms): Min: 0.0, Avg: 0.0, Max: 0.0, Diff: 0.0, Sum: 0.1]
      [Code Root Scanning (ms): Min: 0.0, Avg: 0.0, Max: 0.0, Diff: 0.0, Sum: 0.0]
      [Object Copy (ms): Min: 2.5, Avg: 4.1, Max: 4.4, Diff: 1.9, Sum: 33.1]
      [Termination (ms): Min: 0.0, Avg: 0.0, Max: 0.0, Diff: 0.0, Sum: 0.0]
         [Termination Attempts: Min: 1, Avg: 2.0, Max: 4, Diff: 3, Sum: 16]
      [GC Worker Other (ms): Min: 0.0, Avg: 0.0, Max: 0.0, Diff: 0.0, Sum: 0.1]
      [GC Worker Total (ms): Min: 4.5, Avg: 4.6, Max: 4.6, Diff: 0.1, Sum: 36.4]
      [GC Worker End (ms): Min: 62758.7, Avg: 62758.7, Max: 62758.7, Diff: 0.0]
   [Code Root Fixup: 0.0 ms]
   [Code Root Purge: 0.0 ms]
   [Clear CT: 0.1 ms]
   [Other: 0.9 ms]
      [Choose CSet: 0.0 ms]
      [Ref Proc: 0.7 ms]
      [Ref Enq: 0.0 ms]
      [Redirty Cards: 0.1 ms]
      [Humongous Register: 0.0 ms]
      [Humongous Reclaim: 0.0 ms]
      [Free CSet: 0.0 ms]
   [Eden: 151.0M(151.0M)->0.0B(146.0M) Survivors: 2048.0K->7168.0K Heap: 187.1M(256.0M)->40.6M(256.0M)]
Heap after GC invocations=20 (full 0):
 garbage-first heap   total 262144K, used 41557K [0x00000007b0000000, 0x00000007b0100800, 0x00000007c0000000)
  region size 1024K, 7 young (7168K), 7 survivors (7168K)
 Metaspace       used 3178K, capacity 4556K, committed 4864K, reserved 1056768K
  class space    used 337K, capacity 392K, committed 512K, reserved 1048576K
}
 [Times: user=0.04 sys=0.00, real=0.01 secs] 
{Heap before GC invocations=20 (full 0):
 garbage-first heap   total 262144K, used 191061K [0x00000007b0000000, 0x00000007b0100800, 0x00000007c0000000)
  region size 1024K, 153 young (156672K), 7 survivors (7168K)
 Metaspace       used 3178K, capacity 4556K, committed 4864K, reserved 1056768K
  class space    used 337K, capacity 392K, committed 512K, reserved 1048576K
2020-12-03T18:08:15.412-0800: 66.187: [GC pause (G1 Evacuation Pause) (young), 0.0058340 secs]
   [Parallel Time: 4.4 ms, GC Workers: 8]
      [GC Worker Start (ms): Min: 66187.0, Avg: 66187.1, Max: 66187.2, Diff: 0.2]
      [Ext Root Scanning (ms): Min: 0.1, Avg: 0.2, Max: 0.3, Diff: 0.2, Sum: 1.4]
      [Update RS (ms): Min: 0.3, Avg: 0.3, Max: 0.4, Diff: 0.1, Sum: 2.7]
         [Processed Buffers: Min: 1, Avg: 1.2, Max: 2, Diff: 1, Sum: 10]
      [Scan RS (ms): Min: 0.0, Avg: 0.0, Max: 0.1, Diff: 0.1, Sum: 0.2]
      [Code Root Scanning (ms): Min: 0.0, Avg: 0.0, Max: 0.0, Diff: 0.0, Sum: 0.0]
      [Object Copy (ms): Min: 3.5, Avg: 3.5, Max: 3.6, Diff: 0.0, Sum: 28.4]
      [Termination (ms): Min: 0.0, Avg: 0.0, Max: 0.0, Diff: 0.0, Sum: 0.0]
         [Termination Attempts: Min: 1, Avg: 1.0, Max: 1, Diff: 0, Sum: 8]
      [GC Worker Other (ms): Min: 0.0, Avg: 0.0, Max: 0.0, Diff: 0.0, Sum: 0.2]
      [GC Worker Total (ms): Min: 4.0, Avg: 4.1, Max: 4.2, Diff: 0.2, Sum: 32.9]
      [GC Worker End (ms): Min: 66191.2, Avg: 66191.2, Max: 66191.3, Diff: 0.0]
   [Code Root Fixup: 0.0 ms]
   [Code Root Purge: 0.0 ms]
   [Clear CT: 0.2 ms]
   [Other: 1.3 ms]
      [Choose CSet: 0.0 ms]
      [Ref Proc: 1.0 ms]
      [Ref Enq: 0.0 ms]
      [Redirty Cards: 0.1 ms]
      [Humongous Register: 0.0 ms]
      [Humongous Reclaim: 0.0 ms]
      [Free CSet: 0.0 ms]
   [Eden: 146.0M(146.0M)->0.0B(145.0M) Survivors: 7168.0K->8192.0K Heap: 186.6M(256.0M)->42.3M(256.0M)]
Heap after GC invocations=21 (full 0):
 garbage-first heap   total 262144K, used 43283K [0x00000007b0000000, 0x00000007b0100800, 0x00000007c0000000)
  region size 1024K, 8 young (8192K), 8 survivors (8192K)
 Metaspace       used 3178K, capacity 4556K, committed 4864K, reserved 1056768K
  class space    used 337K, capacity 392K, committed 512K, reserved 1048576K
}
 [Times: user=0.04 sys=0.00, real=0.00 secs] 
{Heap before GC invocations=21 (full 0):
 garbage-first heap   total 262144K, used 191763K [0x00000007b0000000, 0x00000007b0100800, 0x00000007c0000000)
  region size 1024K, 153 young (156672K), 8 survivors (8192K)
 Metaspace       used 3178K, capacity 4556K, committed 4864K, reserved 1056768K
  class space    used 337K, capacity 392K, committed 512K, reserved 1048576K
2020-12-03T18:08:18.912-0800: 69.687: [GC pause (G1 Evacuation Pause) (young), 0.0032689 secs]
   [Parallel Time: 2.8 ms, GC Workers: 8]
      [GC Worker Start (ms): Min: 69687.4, Avg: 69687.5, Max: 69687.6, Diff: 0.1]
      [Ext Root Scanning (ms): Min: 0.1, Avg: 0.2, Max: 0.3, Diff: 0.1, Sum: 1.4]
      [Update RS (ms): Min: 0.1, Avg: 0.2, Max: 0.3, Diff: 0.1, Sum: 1.5]
         [Processed Buffers: Min: 1, Avg: 1.2, Max: 2, Diff: 1, Sum: 10]
      [Scan RS (ms): Min: 0.0, Avg: 0.0, Max: 0.0, Diff: 0.0, Sum: 0.1]
      [Code Root Scanning (ms): Min: 0.0, Avg: 0.0, Max: 0.0, Diff: 0.0, Sum: 0.0]
      [Object Copy (ms): Min: 2.1, Avg: 2.2, Max: 2.2, Diff: 0.1, Sum: 17.2]
      [Termination (ms): Min: 0.0, Avg: 0.0, Max: 0.0, Diff: 0.0, Sum: 0.0]
         [Termination Attempts: Min: 1, Avg: 1.0, Max: 1, Diff: 0, Sum: 8]
      [GC Worker Other (ms): Min: 0.0, Avg: 0.0, Max: 0.0, Diff: 0.0, Sum: 0.1]
      [GC Worker Total (ms): Min: 2.5, Avg: 2.6, Max: 2.6, Diff: 0.1, Sum: 20.5]
      [GC Worker End (ms): Min: 69690.1, Avg: 69690.1, Max: 69690.1, Diff: 0.0]
   [Code Root Fixup: 0.0 ms]
   [Code Root Purge: 0.0 ms]
   [Clear CT: 0.1 ms]
   [Other: 0.4 ms]
      [Choose CSet: 0.0 ms]
      [Ref Proc: 0.2 ms]
      [Ref Enq: 0.0 ms]
      [Redirty Cards: 0.1 ms]
      [Humongous Register: 0.0 ms]
      [Humongous Reclaim: 0.0 ms]
      [Free CSet: 0.0 ms]
   [Eden: 145.0M(145.0M)->0.0B(148.0M) Survivors: 8192.0K->5120.0K Heap: 187.3M(256.0M)->39.3M(256.0M)]
Heap after GC invocations=22 (full 0):
 garbage-first heap   total 262144K, used 40211K [0x00000007b0000000, 0x00000007b0100800, 0x00000007c0000000)
  region size 1024K, 5 young (5120K), 5 survivors (5120K)
 Metaspace       used 3178K, capacity 4556K, committed 4864K, reserved 1056768K
  class space    used 337K, capacity 392K, committed 512K, reserved 1048576K
}
 [Times: user=0.02 sys=0.00, real=0.00 secs] 
{Heap before GC invocations=22 (full 0):
 garbage-first heap   total 262144K, used 191763K [0x00000007b0000000, 0x00000007b0100800, 0x00000007c0000000)
  region size 1024K, 153 young (156672K), 5 survivors (5120K)
 Metaspace       used 3178K, capacity 4556K, committed 4864K, reserved 1056768K
  class space    used 337K, capacity 392K, committed 512K, reserved 1048576K
2020-12-03T18:08:22.845-0800: 73.619: [GC pause (G1 Evacuation Pause) (young), 0.0028619 secs]
   [Parallel Time: 2.4 ms, GC Workers: 8]
      [GC Worker Start (ms): Min: 73619.4, Avg: 73619.5, Max: 73619.5, Diff: 0.1]
      [Ext Root Scanning (ms): Min: 0.1, Avg: 0.1, Max: 0.2, Diff: 0.1, Sum: 0.8]
      [Update RS (ms): Min: 0.2, Avg: 0.3, Max: 0.5, Diff: 0.3, Sum: 2.0]
         [Processed Buffers: Min: 1, Avg: 1.4, Max: 3, Diff: 2, Sum: 11]
      [Scan RS (ms): Min: 0.0, Avg: 0.0, Max: 0.0, Diff: 0.0, Sum: 0.1]
      [Code Root Scanning (ms): Min: 0.0, Avg: 0.0, Max: 0.0, Diff: 0.0, Sum: 0.0]
      [Object Copy (ms): Min: 1.7, Avg: 1.9, Max: 2.0, Diff: 0.3, Sum: 15.4]
      [Termination (ms): Min: 0.0, Avg: 0.0, Max: 0.0, Diff: 0.0, Sum: 0.0]
         [Termination Attempts: Min: 1, Avg: 1.0, Max: 1, Diff: 0, Sum: 8]
      [GC Worker Other (ms): Min: 0.0, Avg: 0.0, Max: 0.0, Diff: 0.0, Sum: 0.2]
      [GC Worker Total (ms): Min: 2.3, Avg: 2.3, Max: 2.4, Diff: 0.1, Sum: 18.5]
      [GC Worker End (ms): Min: 73621.8, Avg: 73621.8, Max: 73621.8, Diff: 0.0]
   [Code Root Fixup: 0.0 ms]
   [Code Root Purge: 0.0 ms]
   [Clear CT: 0.1 ms]
   [Other: 0.3 ms]
      [Choose CSet: 0.0 ms]
      [Ref Proc: 0.2 ms]
      [Ref Enq: 0.0 ms]
      [Redirty Cards: 0.1 ms]
      [Humongous Register: 0.0 ms]
      [Humongous Reclaim: 0.0 ms]
      [Free CSet: 0.0 ms]
   [Eden: 148.0M(148.0M)->0.0B(145.0M) Survivors: 5120.0K->8192.0K Heap: 187.3M(256.0M)->42.3M(256.0M)]
Heap after GC invocations=23 (full 0):
 garbage-first heap   total 262144K, used 43283K [0x00000007b0000000, 0x00000007b0100800, 0x00000007c0000000)
  region size 1024K, 8 young (8192K), 8 survivors (8192K)
 Metaspace       used 3178K, capacity 4556K, committed 4864K, reserved 1056768K
  class space    used 337K, capacity 392K, committed 512K, reserved 1048576K
}
 [Times: user=0.02 sys=0.00, real=0.00 secs] 
{Heap before GC invocations=23 (full 0):
 garbage-first heap   total 262144K, used 191763K [0x00000007b0000000, 0x00000007b0100800, 0x00000007c0000000)
  region size 1024K, 153 young (156672K), 8 survivors (8192K)
 Metaspace       used 3178K, capacity 4556K, committed 4864K, reserved 1056768K
  class space    used 337K, capacity 392K, committed 512K, reserved 1048576K
2020-12-03T18:08:26.556-0800: 77.331: [GC pause (G1 Evacuation Pause) (young), 0.0043931 secs]
   [Parallel Time: 3.6 ms, GC Workers: 8]
      [GC Worker Start (ms): Min: 77331.1, Avg: 77331.2, Max: 77331.2, Diff: 0.1]
      [Ext Root Scanning (ms): Min: 0.1, Avg: 0.2, Max: 0.3, Diff: 0.1, Sum: 1.6]
      [Update RS (ms): Min: 0.2, Avg: 0.2, Max: 0.4, Diff: 0.2, Sum: 2.0]
         [Processed Buffers: Min: 1, Avg: 1.5, Max: 2, Diff: 1, Sum: 12]
      [Scan RS (ms): Min: 0.0, Avg: 0.0, Max: 0.1, Diff: 0.1, Sum: 0.2]
      [Code Root Scanning (ms): Min: 0.0, Avg: 0.0, Max: 0.0, Diff: 0.0, Sum: 0.0]
      [Object Copy (ms): Min: 2.7, Avg: 2.8, Max: 2.8, Diff: 0.2, Sum: 22.5]
      [Termination (ms): Min: 0.0, Avg: 0.0, Max: 0.0, Diff: 0.0, Sum: 0.0]
         [Termination Attempts: Min: 1, Avg: 1.0, Max: 1, Diff: 0, Sum: 8]
      [GC Worker Other (ms): Min: 0.0, Avg: 0.0, Max: 0.1, Diff: 0.0, Sum: 0.3]
      [GC Worker Total (ms): Min: 3.3, Avg: 3.3, Max: 3.4, Diff: 0.1, Sum: 26.6]
      [GC Worker End (ms): Min: 77334.5, Avg: 77334.5, Max: 77334.5, Diff: 0.1]
   [Code Root Fixup: 0.0 ms]
   [Code Root Purge: 0.0 ms]
   [Clear CT: 0.2 ms]
   [Other: 0.6 ms]
      [Choose CSet: 0.0 ms]
      [Ref Proc: 0.3 ms]
      [Ref Enq: 0.0 ms]
      [Redirty Cards: 0.1 ms]
      [Humongous Register: 0.0 ms]
      [Humongous Reclaim: 0.0 ms]
      [Free CSet: 0.0 ms]
   [Eden: 145.0M(145.0M)->0.0B(145.0M) Survivors: 8192.0K->8192.0K Heap: 187.3M(256.0M)->42.0M(256.0M)]
Heap after GC invocations=24 (full 0):
 garbage-first heap   total 262144K, used 42962K [0x00000007b0000000, 0x00000007b0100800, 0x00000007c0000000)
  region size 1024K, 8 young (8192K), 8 survivors (8192K)
 Metaspace       used 3178K, capacity 4556K, committed 4864K, reserved 1056768K
  class space    used 337K, capacity 392K, committed 512K, reserved 1048576K
}
 [Times: user=0.03 sys=0.00, real=0.01 secs] 
{Heap before GC invocations=24 (full 0):
 garbage-first heap   total 262144K, used 191442K [0x00000007b0000000, 0x00000007b0100800, 0x00000007c0000000)
  region size 1024K, 153 young (156672K), 8 survivors (8192K)
 Metaspace       used 3178K, capacity 4556K, committed 4864K, reserved 1056768K
  class space    used 337K, capacity 392K, committed 512K, reserved 1048576K
2020-12-03T18:08:30.433-0800: 81.208: [GC pause (G1 Evacuation Pause) (young), 0.0095791 secs]
   [Parallel Time: 9.1 ms, GC Workers: 8]
      [GC Worker Start (ms): Min: 81207.8, Avg: 81207.8, Max: 81207.9, Diff: 0.1]
      [Ext Root Scanning (ms): Min: 0.1, Avg: 0.1, Max: 0.2, Diff: 0.1, Sum: 1.1]
      [Update RS (ms): Min: 0.2, Avg: 0.5, Max: 2.7, Diff: 2.6, Sum: 4.2]
         [Processed Buffers: Min: 1, Avg: 1.5, Max: 3, Diff: 2, Sum: 12]
      [Scan RS (ms): Min: 0.0, Avg: 0.0, Max: 0.0, Diff: 0.0, Sum: 0.1]
      [Code Root Scanning (ms): Min: 0.0, Avg: 0.0, Max: 0.0, Diff: 0.0, Sum: 0.0]
      [Object Copy (ms): Min: 6.1, Avg: 8.3, Max: 8.6, Diff: 2.5, Sum: 66.3]
      [Termination (ms): Min: 0.0, Avg: 0.0, Max: 0.0, Diff: 0.0, Sum: 0.0]
         [Termination Attempts: Min: 1, Avg: 2.9, Max: 5, Diff: 4, Sum: 23]
      [GC Worker Other (ms): Min: 0.0, Avg: 0.0, Max: 0.0, Diff: 0.0, Sum: 0.2]
      [GC Worker Total (ms): Min: 8.9, Avg: 9.0, Max: 9.0, Diff: 0.1, Sum: 71.9]
      [GC Worker End (ms): Min: 81216.8, Avg: 81216.8, Max: 81216.8, Diff: 0.0]
   [Code Root Fixup: 0.0 ms]
   [Code Root Purge: 0.0 ms]
   [Clear CT: 0.1 ms]
   [Other: 0.3 ms]
      [Choose CSet: 0.0 ms]
      [Ref Proc: 0.2 ms]
      [Ref Enq: 0.0 ms]
      [Redirty Cards: 0.1 ms]
      [Humongous Register: 0.0 ms]
      [Humongous Reclaim: 0.0 ms]
      [Free CSet: 0.0 ms]
   [Eden: 145.0M(145.0M)->0.0B(137.0M) Survivors: 8192.0K->16.0M Heap: 187.0M(256.0M)->49.7M(256.0M)]
Heap after GC invocations=25 (full 0):
 garbage-first heap   total 262144K, used 50863K [0x00000007b0000000, 0x00000007b0100800, 0x00000007c0000000)
  region size 1024K, 16 young (16384K), 16 survivors (16384K)
 Metaspace       used 3178K, capacity 4556K, committed 4864K, reserved 1056768K
  class space    used 337K, capacity 392K, committed 512K, reserved 1048576K
}
 [Times: user=0.07 sys=0.00, real=0.01 secs] 
{Heap before GC invocations=25 (full 0):
 garbage-first heap   total 262144K, used 191151K [0x00000007b0000000, 0x00000007b0100800, 0x00000007c0000000)
  region size 1024K, 153 young (156672K), 16 survivors (16384K)
 Metaspace       used 3178K, capacity 4556K, committed 4864K, reserved 1056768K
  class space    used 337K, capacity 392K, committed 512K, reserved 1048576K
2020-12-03T18:08:34.368-0800: 85.143: [GC pause (G1 Evacuation Pause) (young), 0.0046008 secs]
   [Parallel Time: 3.0 ms, GC Workers: 8]
      [GC Worker Start (ms): Min: 85142.9, Avg: 85143.0, Max: 85143.4, Diff: 0.5]
      [Ext Root Scanning (ms): Min: 0.0, Avg: 0.2, Max: 0.5, Diff: 0.5, Sum: 1.7]
      [Update RS (ms): Min: 0.0, Avg: 0.1, Max: 0.3, Diff: 0.3, Sum: 1.1]
         [Processed Buffers: Min: 0, Avg: 1.2, Max: 2, Diff: 2, Sum: 10]
      [Scan RS (ms): Min: 0.0, Avg: 0.1, Max: 0.6, Diff: 0.6, Sum: 0.7]
      [Code Root Scanning (ms): Min: 0.0, Avg: 0.0, Max: 0.0, Diff: 0.0, Sum: 0.0]
      [Object Copy (ms): Min: 0.8, Avg: 1.6, Max: 2.4, Diff: 1.6, Sum: 12.5]
      [Termination (ms): Min: 0.0, Avg: 0.8, Max: 1.0, Diff: 1.0, Sum: 6.0]
         [Termination Attempts: Min: 1, Avg: 1.1, Max: 2, Diff: 1, Sum: 9]
      [GC Worker Other (ms): Min: 0.0, Avg: 0.0, Max: 0.0, Diff: 0.0, Sum: 0.1]
      [GC Worker Total (ms): Min: 2.4, Avg: 2.8, Max: 2.9, Diff: 0.5, Sum: 22.2]
      [GC Worker End (ms): Min: 85145.7, Avg: 85145.8, Max: 85145.8, Diff: 0.0]
   [Code Root Fixup: 0.0 ms]
   [Code Root Purge: 0.0 ms]
   [Clear CT: 0.2 ms]
   [Other: 1.4 ms]
      [Choose CSet: 0.0 ms]
      [Ref Proc: 1.2 ms]
      [Ref Enq: 0.0 ms]
      [Redirty Cards: 0.1 ms]
      [Humongous Register: 0.0 ms]
      [Humongous Reclaim: 0.0 ms]
      [Free CSet: 0.0 ms]
   [Eden: 137.0M(137.0M)->0.0B(149.0M) Survivors: 16.0M->4096.0K Heap: 186.7M(256.0M)->38.3M(256.0M)]
Heap after GC invocations=26 (full 0):
 garbage-first heap   total 262144K, used 39187K [0x00000007b0000000, 0x00000007b0100800, 0x00000007c0000000)
  region size 1024K, 4 young (4096K), 4 survivors (4096K)
 Metaspace       used 3178K, capacity 4556K, committed 4864K, reserved 1056768K
  class space    used 337K, capacity 392K, committed 512K, reserved 1048576K
}
 [Times: user=0.03 sys=0.01, real=0.01 secs] 
{Heap before GC invocations=26 (full 0):
 garbage-first heap   total 262144K, used 191763K [0x00000007b0000000, 0x00000007b0100800, 0x00000007c0000000)
  region size 1024K, 153 young (156672K), 4 survivors (4096K)
 Metaspace       used 3178K, capacity 4556K, committed 4864K, reserved 1056768K
  class space    used 337K, capacity 392K, committed 512K, reserved 1048576K
2020-12-03T18:08:38.836-0800: 89.611: [GC pause (G1 Evacuation Pause) (young), 0.0122009 secs]
   [Parallel Time: 11.6 ms, GC Workers: 8]
      [GC Worker Start (ms): Min: 89610.8, Avg: 89610.8, Max: 89610.9, Diff: 0.1]
      [Ext Root Scanning (ms): Min: 0.1, Avg: 0.2, Max: 0.3, Diff: 0.1, Sum: 1.6]
      [Update RS (ms): Min: 0.0, Avg: 0.6, Max: 4.4, Diff: 4.4, Sum: 5.2]
         [Processed Buffers: Min: 1, Avg: 1.2, Max: 2, Diff: 1, Sum: 10]
      [Scan RS (ms): Min: 0.0, Avg: 0.0, Max: 0.1, Diff: 0.1, Sum: 0.2]
      [Code Root Scanning (ms): Min: 0.0, Avg: 0.0, Max: 0.0, Diff: 0.0, Sum: 0.0]
      [Object Copy (ms): Min: 6.8, Avg: 10.5, Max: 11.1, Diff: 4.3, Sum: 84.0]
      [Termination (ms): Min: 0.0, Avg: 0.0, Max: 0.0, Diff: 0.0, Sum: 0.0]
         [Termination Attempts: Min: 1, Avg: 2.6, Max: 4, Diff: 3, Sum: 21]
      [GC Worker Other (ms): Min: 0.0, Avg: 0.0, Max: 0.0, Diff: 0.0, Sum: 0.2]
      [GC Worker Total (ms): Min: 11.4, Avg: 11.4, Max: 11.5, Diff: 0.1, Sum: 91.3]
      [GC Worker End (ms): Min: 89622.3, Avg: 89622.3, Max: 89622.3, Diff: 0.0]
   [Code Root Fixup: 0.0 ms]
   [Code Root Purge: 0.0 ms]
   [Clear CT: 0.1 ms]
   [Other: 0.5 ms]
      [Choose CSet: 0.0 ms]
      [Ref Proc: 0.2 ms]
      [Ref Enq: 0.0 ms]
      [Redirty Cards: 0.1 ms]
      [Humongous Register: 0.0 ms]
      [Humongous Reclaim: 0.0 ms]
      [Free CSet: 0.0 ms]
   [Eden: 149.0M(149.0M)->0.0B(142.0M) Survivors: 4096.0K->11.0M Heap: 187.3M(256.0M)->44.6M(256.0M)]
Heap after GC invocations=27 (full 0):
 garbage-first heap   total 262144K, used 45641K [0x00000007b0000000, 0x00000007b0100800, 0x00000007c0000000)
  region size 1024K, 11 young (11264K), 11 survivors (11264K)
 Metaspace       used 3178K, capacity 4556K, committed 4864K, reserved 1056768K
  class space    used 337K, capacity 392K, committed 512K, reserved 1048576K
}
 [Times: user=0.08 sys=0.00, real=0.01 secs] 
{Heap before GC invocations=27 (full 0):
 garbage-first heap   total 262144K, used 191049K [0x00000007b0000000, 0x00000007b0100800, 0x00000007c0000000)
  region size 1024K, 153 young (156672K), 11 survivors (11264K)
 Metaspace       used 3178K, capacity 4556K, committed 4864K, reserved 1056768K
  class space    used 337K, capacity 392K, committed 512K, reserved 1048576K
2020-12-03T18:08:43.451-0800: 94.225: [GC pause (G1 Evacuation Pause) (young), 0.0084297 secs]
   [Parallel Time: 2.9 ms, GC Workers: 8]
      [GC Worker Start (ms): Min: 94225.4, Avg: 94225.8, Max: 94228.0, Diff: 2.6]
      [Ext Root Scanning (ms): Min: 0.0, Avg: 0.2, Max: 0.6, Diff: 0.6, Sum: 1.3]
      [Update RS (ms): Min: 0.0, Avg: 0.1, Max: 0.3, Diff: 0.3, Sum: 1.0]
         [Processed Buffers: Min: 0, Avg: 1.4, Max: 3, Diff: 3, Sum: 11]
      [Scan RS (ms): Min: 0.0, Avg: 0.1, Max: 1.0, Diff: 1.0, Sum: 1.1]
      [Code Root Scanning (ms): Min: 0.0, Avg: 0.0, Max: 0.0, Diff: 0.0, Sum: 0.0]
      [Object Copy (ms): Min: 0.0, Avg: 1.3, Max: 2.3, Diff: 2.3, Sum: 10.5]
      [Termination (ms): Min: 0.0, Avg: 0.5, Max: 0.7, Diff: 0.7, Sum: 4.1]
         [Termination Attempts: Min: 1, Avg: 1.4, Max: 3, Diff: 2, Sum: 11]
      [GC Worker Other (ms): Min: 0.0, Avg: 0.0, Max: 0.0, Diff: 0.0, Sum: 0.1]
      [GC Worker Total (ms): Min: 0.0, Avg: 2.2, Max: 2.7, Diff: 2.7, Sum: 18.0]
      [GC Worker End (ms): Min: 94228.0, Avg: 94228.0, Max: 94228.0, Diff: 0.0]
   [Code Root Fixup: 0.0 ms]
   [Code Root Purge: 0.0 ms]
   [Clear CT: 0.1 ms]
   [Other: 5.4 ms]
      [Choose CSet: 0.0 ms]
      [Ref Proc: 5.2 ms]
      [Ref Enq: 0.0 ms]
      [Redirty Cards: 0.1 ms]
      [Humongous Register: 0.0 ms]
      [Humongous Reclaim: 0.0 ms]
      [Free CSet: 0.0 ms]
   [Eden: 142.0M(142.0M)->0.0B(149.0M) Survivors: 11.0M->4096.0K Heap: 186.6M(256.0M)->37.8M(256.0M)]
Heap after GC invocations=28 (full 0):
 garbage-first heap   total 262144K, used 38675K [0x00000007b0000000, 0x00000007b0100800, 0x00000007c0000000)
  region size 1024K, 4 young (4096K), 4 survivors (4096K)
 Metaspace       used 3178K, capacity 4556K, committed 4864K, reserved 1056768K
  class space    used 337K, capacity 392K, committed 512K, reserved 1048576K
}
 [Times: user=0.01 sys=0.00, real=0.01 secs] 
{Heap before GC invocations=28 (full 0):
 garbage-first heap   total 262144K, used 191251K [0x00000007b0000000, 0x00000007b0100800, 0x00000007c0000000)
  region size 1024K, 153 young (156672K), 4 survivors (4096K)
 Metaspace       used 3178K, capacity 4556K, committed 4864K, reserved 1056768K
  class space    used 337K, capacity 392K, committed 512K, reserved 1048576K
2020-12-03T18:08:46.794-0800: 97.568: [GC pause (G1 Evacuation Pause) (young), 0.0024299 secs]
   [Parallel Time: 1.7 ms, GC Workers: 8]
      [GC Worker Start (ms): Min: 97568.3, Avg: 97568.3, Max: 97568.4, Diff: 0.1]
      [Ext Root Scanning (ms): Min: 0.1, Avg: 0.1, Max: 0.2, Diff: 0.1, Sum: 1.0]
      [Update RS (ms): Min: 0.0, Avg: 0.1, Max: 0.2, Diff: 0.1, Sum: 0.7]
         [Processed Buffers: Min: 1, Avg: 1.1, Max: 2, Diff: 1, Sum: 9]
      [Scan RS (ms): Min: 0.0, Avg: 0.0, Max: 0.0, Diff: 0.0, Sum: 0.1]
      [Code Root Scanning (ms): Min: 0.0, Avg: 0.0, Max: 0.0, Diff: 0.0, Sum: 0.0]
      [Object Copy (ms): Min: 0.5, Avg: 0.6, Max: 1.3, Diff: 0.8, Sum: 5.1]
      [Termination (ms): Min: 0.0, Avg: 0.7, Max: 0.8, Diff: 0.8, Sum: 5.4]
         [Termination Attempts: Min: 1, Avg: 1.0, Max: 1, Diff: 0, Sum: 8]
      [GC Worker Other (ms): Min: 0.0, Avg: 0.0, Max: 0.0, Diff: 0.0, Sum: 0.1]
      [GC Worker Total (ms): Min: 1.5, Avg: 1.6, Max: 1.6, Diff: 0.1, Sum: 12.5]
      [GC Worker End (ms): Min: 97569.8, Avg: 97569.9, Max: 97570.0, Diff: 0.1]
   [Code Root Fixup: 0.0 ms]
   [Code Root Purge: 0.0 ms]
   [Clear CT: 0.1 ms]
   [Other: 0.5 ms]
      [Choose CSet: 0.0 ms]
      [Ref Proc: 0.2 ms]
      [Ref Enq: 0.0 ms]
      [Redirty Cards: 0.2 ms]
      [Humongous Register: 0.0 ms]
      [Humongous Reclaim: 0.0 ms]
      [Free CSet: 0.0 ms]
   [Eden: 149.0M(149.0M)->0.0B(149.0M) Survivors: 4096.0K->4096.0K Heap: 186.8M(256.0M)->38.1M(256.0M)]
Heap after GC invocations=29 (full 0):
 garbage-first heap   total 262144K, used 38989K [0x00000007b0000000, 0x00000007b0100800, 0x00000007c0000000)
  region size 1024K, 4 young (4096K), 4 survivors (4096K)
 Metaspace       used 3178K, capacity 4556K, committed 4864K, reserved 1056768K
  class space    used 337K, capacity 392K, committed 512K, reserved 1048576K
}
 [Times: user=0.01 sys=0.00, real=0.00 secs] 
{Heap before GC invocations=29 (full 0):
 garbage-first heap   total 262144K, used 191565K [0x00000007b0000000, 0x00000007b0100800, 0x00000007c0000000)
  region size 1024K, 153 young (156672K), 4 survivors (4096K)
 Metaspace       used 3178K, capacity 4556K, committed 4864K, reserved 1056768K
  class space    used 337K, capacity 392K, committed 512K, reserved 1048576K
2020-12-03T18:08:50.830-0800: 101.604: [GC pause (G1 Evacuation Pause) (young), 0.0040818 secs]
   [Parallel Time: 3.3 ms, GC Workers: 8]
      [GC Worker Start (ms): Min: 101603.7, Avg: 101603.8, Max: 101603.9, Diff: 0.2]
      [Ext Root Scanning (ms): Min: 0.1, Avg: 0.2, Max: 0.3, Diff: 0.2, Sum: 1.5]
      [Update RS (ms): Min: 0.0, Avg: 0.2, Max: 0.7, Diff: 0.7, Sum: 1.2]
         [Processed Buffers: Min: 1, Avg: 1.4, Max: 2, Diff: 1, Sum: 11]
      [Scan RS (ms): Min: 0.0, Avg: 0.0, Max: 0.0, Diff: 0.0, Sum: 0.2]
      [Code Root Scanning (ms): Min: 0.0, Avg: 0.0, Max: 0.0, Diff: 0.0, Sum: 0.0]
      [Object Copy (ms): Min: 2.1, Avg: 2.7, Max: 2.8, Diff: 0.6, Sum: 21.5]
      [Termination (ms): Min: 0.0, Avg: 0.0, Max: 0.0, Diff: 0.0, Sum: 0.0]
         [Termination Attempts: Min: 1, Avg: 1.5, Max: 3, Diff: 2, Sum: 12]
      [GC Worker Other (ms): Min: 0.0, Avg: 0.0, Max: 0.1, Diff: 0.0, Sum: 0.2]
      [GC Worker Total (ms): Min: 3.0, Avg: 3.1, Max: 3.2, Diff: 0.2, Sum: 24.7]
      [GC Worker End (ms): Min: 101606.9, Avg: 101606.9, Max: 101606.9, Diff: 0.0]
   [Code Root Fixup: 0.0 ms]
   [Code Root Purge: 0.0 ms]
   [Clear CT: 0.2 ms]
   [Other: 0.6 ms]
      [Choose CSet: 0.0 ms]
      [Ref Proc: 0.3 ms]
      [Ref Enq: 0.0 ms]
      [Redirty Cards: 0.2 ms]
      [Humongous Register: 0.0 ms]
      [Humongous Reclaim: 0.0 ms]
      [Free CSet: 0.0 ms]
   [Eden: 149.0M(149.0M)->0.0B(149.0M) Survivors: 4096.0K->4096.0K Heap: 187.1M(256.0M)->37.5M(256.0M)]
Heap after GC invocations=30 (full 0):
 garbage-first heap   total 262144K, used 38421K [0x00000007b0000000, 0x00000007b0100800, 0x00000007c0000000)
  region size 1024K, 4 young (4096K), 4 survivors (4096K)
 Metaspace       used 3178K, capacity 4556K, committed 4864K, reserved 1056768K
  class space    used 337K, capacity 392K, committed 512K, reserved 1048576K
}
 [Times: user=0.02 sys=0.00, real=0.00 secs] 
{Heap before GC invocations=30 (full 0):
 garbage-first heap   total 262144K, used 190997K [0x00000007b0000000, 0x00000007b0100800, 0x00000007c0000000)
  region size 1024K, 153 young (156672K), 4 survivors (4096K)
 Metaspace       used 3178K, capacity 4556K, committed 4864K, reserved 1056768K
  class space    used 337K, capacity 392K, committed 512K, reserved 1048576K
2020-12-03T18:08:54.468-0800: 105.242: [GC pause (G1 Evacuation Pause) (young), 0.0015468 secs]
   [Parallel Time: 0.9 ms, GC Workers: 8]
      [GC Worker Start (ms): Min: 105242.2, Avg: 105242.3, Max: 105242.3, Diff: 0.1]
      [Ext Root Scanning (ms): Min: 0.1, Avg: 0.1, Max: 0.2, Diff: 0.1, Sum: 1.2]
      [Update RS (ms): Min: 0.0, Avg: 0.1, Max: 0.2, Diff: 0.1, Sum: 0.6]
         [Processed Buffers: Min: 1, Avg: 1.4, Max: 2, Diff: 1, Sum: 11]
      [Scan RS (ms): Min: 0.0, Avg: 0.0, Max: 0.0, Diff: 0.0, Sum: 0.1]
      [Code Root Scanning (ms): Min: 0.0, Avg: 0.0, Max: 0.0, Diff: 0.0, Sum: 0.0]
      [Object Copy (ms): Min: 0.4, Avg: 0.5, Max: 0.6, Diff: 0.1, Sum: 4.2]
      [Termination (ms): Min: 0.0, Avg: 0.0, Max: 0.0, Diff: 0.0, Sum: 0.0]
         [Termination Attempts: Min: 1, Avg: 1.0, Max: 1, Diff: 0, Sum: 8]
      [GC Worker Other (ms): Min: 0.0, Avg: 0.0, Max: 0.0, Diff: 0.0, Sum: 0.1]
      [GC Worker Total (ms): Min: 0.7, Avg: 0.8, Max: 0.8, Diff: 0.1, Sum: 6.3]
      [GC Worker End (ms): Min: 105243.0, Avg: 105243.1, Max: 105243.1, Diff: 0.0]
   [Code Root Fixup: 0.0 ms]
   [Code Root Purge: 0.0 ms]
   [Clear CT: 0.2 ms]
   [Other: 0.5 ms]
      [Choose CSet: 0.0 ms]
      [Ref Proc: 0.2 ms]
      [Ref Enq: 0.0 ms]
      [Redirty Cards: 0.1 ms]
      [Humongous Register: 0.0 ms]
      [Humongous Reclaim: 0.0 ms]
      [Free CSet: 0.1 ms]
   [Eden: 149.0M(149.0M)->0.0B(151.0M) Survivors: 4096.0K->2048.0K Heap: 186.5M(256.0M)->36.2M(256.0M)]
Heap after GC invocations=31 (full 0):
 garbage-first heap   total 262144K, used 37067K [0x00000007b0000000, 0x00000007b0100800, 0x00000007c0000000)
  region size 1024K, 2 young (2048K), 2 survivors (2048K)
 Metaspace       used 3178K, capacity 4556K, committed 4864K, reserved 1056768K
  class space    used 337K, capacity 392K, committed 512K, reserved 1048576K
}
 [Times: user=0.01 sys=0.00, real=0.01 secs] 
{Heap before GC invocations=31 (full 0):
 garbage-first heap   total 262144K, used 192316K [0x00000007b0000000, 0x00000007b0100800, 0x00000007c0000000)
  region size 1024K, 153 young (156672K), 2 survivors (2048K)
 Metaspace       used 3178K, capacity 4556K, committed 4864K, reserved 1056768K
  class space    used 337K, capacity 392K, committed 512K, reserved 1048576K
2020-12-03T18:08:57.990-0800: 108.764: [GC pause (G1 Evacuation Pause) (young), 0.0256498 secs]
   [Parallel Time: 25.1 ms, GC Workers: 8]
      [GC Worker Start (ms): Min: 108764.0, Avg: 108764.0, Max: 108764.1, Diff: 0.1]
      [Ext Root Scanning (ms): Min: 0.1, Avg: 0.2, Max: 0.2, Diff: 0.1, Sum: 1.4]
      [Update RS (ms): Min: 0.1, Avg: 2.5, Max: 6.3, Diff: 6.2, Sum: 20.2]
         [Processed Buffers: Min: 2, Avg: 2.0, Max: 2, Diff: 0, Sum: 16]
      [Scan RS (ms): Min: 0.0, Avg: 0.0, Max: 0.1, Diff: 0.1, Sum: 0.2]
      [Code Root Scanning (ms): Min: 0.0, Avg: 0.0, Max: 0.0, Diff: 0.0, Sum: 0.0]
      [Object Copy (ms): Min: 18.5, Avg: 22.3, Max: 24.6, Diff: 6.1, Sum: 178.1]
      [Termination (ms): Min: 0.0, Avg: 0.0, Max: 0.0, Diff: 0.0, Sum: 0.0]
         [Termination Attempts: Min: 1, Avg: 1.0, Max: 1, Diff: 0, Sum: 8]
      [GC Worker Other (ms): Min: 0.0, Avg: 0.0, Max: 0.0, Diff: 0.0, Sum: 0.2]
      [GC Worker Total (ms): Min: 25.0, Avg: 25.0, Max: 25.1, Diff: 0.1, Sum: 200.1]
      [GC Worker End (ms): Min: 108789.0, Avg: 108789.0, Max: 108789.1, Diff: 0.0]
   [Code Root Fixup: 0.0 ms]
   [Code Root Purge: 0.0 ms]
   [Clear CT: 0.1 ms]
   [Other: 0.4 ms]
      [Choose CSet: 0.0 ms]
      [Ref Proc: 0.2 ms]
      [Ref Enq: 0.0 ms]
      [Redirty Cards: 0.1 ms]
      [Humongous Register: 0.0 ms]
      [Humongous Reclaim: 0.0 ms]
      [Free CSet: 0.0 ms]
   [Eden: 151.0M(151.0M)->0.0B(133.0M) Survivors: 2048.0K->20.0M Heap: 187.8M(256.0M)->65.1M(256.0M)]
Heap after GC invocations=32 (full 0):
 garbage-first heap   total 262144K, used 66629K [0x00000007b0000000, 0x00000007b0100800, 0x00000007c0000000)
  region size 1024K, 20 young (20480K), 20 survivors (20480K)
 Metaspace       used 3178K, capacity 4556K, committed 4864K, reserved 1056768K
  class space    used 337K, capacity 392K, committed 512K, reserved 1048576K
}
 [Times: user=0.17 sys=0.02, real=0.02 secs] 
{Heap before GC invocations=32 (full 0):
 garbage-first heap   total 262144K, used 202821K [0x00000007b0000000, 0x00000007b0100800, 0x00000007c0000000)
  region size 1024K, 153 young (156672K), 20 survivors (20480K)
 Metaspace       used 3178K, capacity 4556K, committed 4864K, reserved 1056768K
  class space    used 337K, capacity 392K, committed 512K, reserved 1048576K
2020-12-03T18:09:01.750-0800: 112.523: [GC pause (G1 Evacuation Pause) (young), 0.0182888 secs]
   [Parallel Time: 17.5 ms, GC Workers: 8]
      [GC Worker Start (ms): Min: 112523.2, Avg: 112523.3, Max: 112523.4, Diff: 0.1]
      [Ext Root Scanning (ms): Min: 0.1, Avg: 0.2, Max: 0.2, Diff: 0.1, Sum: 1.4]
      [Update RS (ms): Min: 1.5, Avg: 1.7, Max: 2.3, Diff: 0.8, Sum: 13.7]
         [Processed Buffers: Min: 1, Avg: 1.4, Max: 2, Diff: 1, Sum: 11]
      [Scan RS (ms): Min: 0.0, Avg: 0.0, Max: 0.1, Diff: 0.1, Sum: 0.2]
      [Code Root Scanning (ms): Min: 0.0, Avg: 0.0, Max: 0.0, Diff: 0.0, Sum: 0.0]
      [Object Copy (ms): Min: 14.9, Avg: 15.5, Max: 15.6, Diff: 0.7, Sum: 123.6]
      [Termination (ms): Min: 0.0, Avg: 0.0, Max: 0.0, Diff: 0.0, Sum: 0.0]
         [Termination Attempts: Min: 1, Avg: 1.0, Max: 1, Diff: 0, Sum: 8]
      [GC Worker Other (ms): Min: 0.0, Avg: 0.0, Max: 0.0, Diff: 0.0, Sum: 0.2]
      [GC Worker Total (ms): Min: 17.3, Avg: 17.4, Max: 17.5, Diff: 0.2, Sum: 139.1]
      [GC Worker End (ms): Min: 112540.7, Avg: 112540.7, Max: 112540.7, Diff: 0.0]
   [Code Root Fixup: 0.0 ms]
   [Code Root Purge: 0.0 ms]
   [Clear CT: 0.2 ms]
   [Other: 0.5 ms]
      [Choose CSet: 0.0 ms]
      [Ref Proc: 0.3 ms]
      [Ref Enq: 0.0 ms]
      [Redirty Cards: 0.1 ms]
      [Humongous Register: 0.0 ms]
      [Humongous Reclaim: 0.0 ms]
      [Free CSet: 0.0 ms]
   [Eden: 133.0M(133.0M)->0.0B(145.0M) Survivors: 20.0M->5120.0K Heap: 198.1M(256.0M)->70.1M(256.0M)]
Heap after GC invocations=33 (full 0):
 garbage-first heap   total 262144K, used 71793K [0x00000007b0000000, 0x00000007b0100800, 0x00000007c0000000)
  region size 1024K, 5 young (5120K), 5 survivors (5120K)
 Metaspace       used 3178K, capacity 4556K, committed 4864K, reserved 1056768K
  class space    used 337K, capacity 392K, committed 512K, reserved 1048576K
}
 [Times: user=0.10 sys=0.01, real=0.01 secs] 
{Heap before GC invocations=33 (full 0):
 garbage-first heap   total 262144K, used 220273K [0x00000007b0000000, 0x00000007b0100800, 0x00000007c0000000)
  region size 1024K, 150 young (153600K), 5 survivors (5120K)
 Metaspace       used 3178K, capacity 4556K, committed 4864K, reserved 1056768K
  class space    used 337K, capacity 392K, committed 512K, reserved 1048576K
2020-12-03T18:09:05.244-0800: 116.017: [GC pause (G1 Evacuation Pause) (young), 0.0058829 secs]
   [Parallel Time: 5.4 ms, GC Workers: 8]
      [GC Worker Start (ms): Min: 116017.1, Avg: 116017.2, Max: 116017.2, Diff: 0.1]
      [Ext Root Scanning (ms): Min: 0.1, Avg: 0.1, Max: 0.2, Diff: 0.1, Sum: 0.9]
      [Update RS (ms): Min: 1.8, Avg: 2.6, Max: 3.2, Diff: 1.4, Sum: 21.1]
         [Processed Buffers: Min: 1, Avg: 1.8, Max: 3, Diff: 2, Sum: 14]
      [Scan RS (ms): Min: 0.0, Avg: 0.0, Max: 0.1, Diff: 0.1, Sum: 0.1]
      [Code Root Scanning (ms): Min: 0.0, Avg: 0.0, Max: 0.0, Diff: 0.0, Sum: 0.0]
      [Object Copy (ms): Min: 1.9, Avg: 2.5, Max: 3.3, Diff: 1.4, Sum: 19.6]
      [Termination (ms): Min: 0.0, Avg: 0.0, Max: 0.0, Diff: 0.0, Sum: 0.0]
         [Termination Attempts: Min: 1, Avg: 1.0, Max: 1, Diff: 0, Sum: 8]
      [GC Worker Other (ms): Min: 0.0, Avg: 0.0, Max: 0.0, Diff: 0.0, Sum: 0.1]
      [GC Worker Total (ms): Min: 5.2, Avg: 5.2, Max: 5.3, Diff: 0.1, Sum: 41.9]
      [GC Worker End (ms): Min: 116022.4, Avg: 116022.4, Max: 116022.4, Diff: 0.0]
   [Code Root Fixup: 0.0 ms]
   [Code Root Purge: 0.0 ms]
   [Clear CT: 0.1 ms]
   [Other: 0.4 ms]
      [Choose CSet: 0.0 ms]
      [Ref Proc: 0.2 ms]
      [Ref Enq: 0.0 ms]
      [Redirty Cards: 0.1 ms]
      [Humongous Register: 0.0 ms]
      [Humongous Reclaim: 0.0 ms]
      [Free CSet: 0.0 ms]
   [Eden: 145.0M(145.0M)->0.0B(145.0M) Survivors: 5120.0K->6144.0K Heap: 215.1M(256.0M)->71.1M(256.0M)]
Heap after GC invocations=34 (full 0):
 garbage-first heap   total 262144K, used 72817K [0x00000007b0000000, 0x00000007b0100800, 0x00000007c0000000)
  region size 1024K, 6 young (6144K), 6 survivors (6144K)
 Metaspace       used 3178K, capacity 4556K, committed 4864K, reserved 1056768K
  class space    used 337K, capacity 392K, committed 512K, reserved 1048576K
}
 [Times: user=0.05 sys=0.00, real=0.01 secs] 
{Heap before GC invocations=34 (full 0):
 garbage-first heap   total 262144K, used 221297K [0x00000007b0000000, 0x00000007b0100800, 0x00000007c0000000)
  region size 1024K, 151 young (154624K), 6 survivors (6144K)
 Metaspace       used 3178K, capacity 4556K, committed 4864K, reserved 1056768K
  class space    used 337K, capacity 392K, committed 512K, reserved 1048576K
2020-12-03T18:09:08.005-0800: 118.778: [GC pause (G1 Evacuation Pause) (young), 0.0015606 secs]
   [Parallel Time: 0.8 ms, GC Workers: 8]
      [GC Worker Start (ms): Min: 118778.5, Avg: 118778.6, Max: 118778.7, Diff: 0.2]
      [Ext Root Scanning (ms): Min: 0.1, Avg: 0.2, Max: 0.3, Diff: 0.2, Sum: 1.4]
      [Update RS (ms): Min: 0.0, Avg: 0.1, Max: 0.3, Diff: 0.3, Sum: 0.8]
         [Processed Buffers: Min: 0, Avg: 1.4, Max: 2, Diff: 2, Sum: 11]
      [Scan RS (ms): Min: 0.0, Avg: 0.0, Max: 0.0, Diff: 0.0, Sum: 0.2]
      [Code Root Scanning (ms): Min: 0.0, Avg: 0.0, Max: 0.0, Diff: 0.0, Sum: 0.0]
      [Object Copy (ms): Min: 0.1, Avg: 0.2, Max: 0.3, Diff: 0.2, Sum: 1.8]
      [Termination (ms): Min: 0.0, Avg: 0.0, Max: 0.0, Diff: 0.0, Sum: 0.0]
         [Termination Attempts: Min: 1, Avg: 1.0, Max: 1, Diff: 0, Sum: 8]
      [GC Worker Other (ms): Min: 0.0, Avg: 0.0, Max: 0.1, Diff: 0.1, Sum: 0.3]
      [GC Worker Total (ms): Min: 0.5, Avg: 0.6, Max: 0.7, Diff: 0.2, Sum: 4.5]
      [GC Worker End (ms): Min: 118779.1, Avg: 118779.1, Max: 118779.2, Diff: 0.1]
   [Code Root Fixup: 0.0 ms]
   [Code Root Purge: 0.0 ms]
   [Clear CT: 0.1 ms]
   [Other: 0.6 ms]
      [Choose CSet: 0.0 ms]
      [Ref Proc: 0.3 ms]
      [Ref Enq: 0.0 ms]
      [Redirty Cards: 0.2 ms]
      [Humongous Register: 0.0 ms]
      [Humongous Reclaim: 0.0 ms]
      [Free CSet: 0.0 ms]
   [Eden: 145.0M(145.0M)->0.0B(149.0M) Survivors: 6144.0K->4096.0K Heap: 216.1M(256.0M)->69.6M(256.0M)]
Heap after GC invocations=35 (full 0):
 garbage-first heap   total 262144K, used 71281K [0x00000007b0000000, 0x00000007b0100800, 0x00000007c0000000)
  region size 1024K, 4 young (4096K), 4 survivors (4096K)
 Metaspace       used 3178K, capacity 4556K, committed 4864K, reserved 1056768K
  class space    used 337K, capacity 392K, committed 512K, reserved 1048576K
}
 [Times: user=0.00 sys=0.00, real=0.00 secs] 
{Heap before GC invocations=35 (full 0):
 garbage-first heap   total 262144K, used 223857K [0x00000007b0000000, 0x00000007b0100800, 0x00000007c0000000)
  region size 1024K, 153 young (156672K), 4 survivors (4096K)
 Metaspace       used 3178K, capacity 4556K, committed 4864K, reserved 1056768K
  class space    used 337K, capacity 392K, committed 512K, reserved 1048576K
2020-12-03T18:09:12.949-0800: 123.722: [GC pause (G1 Evacuation Pause) (young), 0.0038904 secs]
   [Parallel Time: 3.0 ms, GC Workers: 8]
      [GC Worker Start (ms): Min: 123722.2, Avg: 123722.3, Max: 123722.4, Diff: 0.2]
      [Ext Root Scanning (ms): Min: 0.1, Avg: 0.2, Max: 0.3, Diff: 0.2, Sum: 1.4]
      [Update RS (ms): Min: 0.0, Avg: 0.1, Max: 0.7, Diff: 0.7, Sum: 1.0]
         [Processed Buffers: Min: 1, Avg: 1.0, Max: 1, Diff: 0, Sum: 8]
      [Scan RS (ms): Min: 0.0, Avg: 0.0, Max: 0.0, Diff: 0.0, Sum: 0.2]
      [Code Root Scanning (ms): Min: 0.0, Avg: 0.0, Max: 0.0, Diff: 0.0, Sum: 0.0]
      [Object Copy (ms): Min: 1.8, Avg: 2.3, Max: 2.4, Diff: 0.7, Sum: 18.6]
      [Termination (ms): Min: 0.0, Avg: 0.0, Max: 0.0, Diff: 0.0, Sum: 0.0]
         [Termination Attempts: Min: 1, Avg: 1.5, Max: 4, Diff: 3, Sum: 12]
      [GC Worker Other (ms): Min: 0.0, Avg: 0.0, Max: 0.1, Diff: 0.1, Sum: 0.3]
      [GC Worker Total (ms): Min: 2.6, Avg: 2.7, Max: 2.8, Diff: 0.2, Sum: 21.7]
      [GC Worker End (ms): Min: 123725.0, Avg: 123725.0, Max: 123725.0, Diff: 0.1]
   [Code Root Fixup: 0.0 ms]
   [Code Root Purge: 0.0 ms]
   [Clear CT: 0.2 ms]
   [Other: 0.7 ms]
      [Choose CSet: 0.0 ms]
      [Ref Proc: 0.3 ms]
      [Ref Enq: 0.0 ms]
      [Redirty Cards: 0.3 ms]
      [Humongous Register: 0.0 ms]
      [Humongous Reclaim: 0.0 ms]
      [Free CSet: 0.0 ms]
   [Eden: 149.0M(149.0M)->0.0B(150.0M) Survivors: 4096.0K->3072.0K Heap: 218.6M(256.0M)->67.9M(256.0M)]
Heap after GC invocations=36 (full 0):
 garbage-first heap   total 262144K, used 69512K [0x00000007b0000000, 0x00000007b0100800, 0x00000007c0000000)
  region size 1024K, 3 young (3072K), 3 survivors (3072K)
 Metaspace       used 3178K, capacity 4556K, committed 4864K, reserved 1056768K
  class space    used 337K, capacity 392K, committed 512K, reserved 1048576K
}
 [Times: user=0.02 sys=0.01, real=0.01 secs] 
{Heap before GC invocations=36 (full 0):
 garbage-first heap   total 262144K, used 223112K [0x00000007b0000000, 0x00000007b0100800, 0x00000007c0000000)
  region size 1024K, 153 young (156672K), 3 survivors (3072K)
 Metaspace       used 3178K, capacity 4556K, committed 4864K, reserved 1056768K
  class space    used 337K, capacity 392K, committed 512K, reserved 1048576K
2020-12-03T18:09:16.368-0800: 127.141: [GC pause (G1 Evacuation Pause) (young), 0.0039198 secs]
   [Parallel Time: 3.3 ms, GC Workers: 8]
      [GC Worker Start (ms): Min: 127140.8, Avg: 127140.8, Max: 127140.9, Diff: 0.1]
      [Ext Root Scanning (ms): Min: 0.1, Avg: 0.1, Max: 0.2, Diff: 0.1, Sum: 1.1]
      [Update RS (ms): Min: 0.1, Avg: 0.2, Max: 0.8, Diff: 0.7, Sum: 1.4]
         [Processed Buffers: Min: 1, Avg: 1.4, Max: 2, Diff: 1, Sum: 11]
      [Scan RS (ms): Min: 0.0, Avg: 0.0, Max: 0.1, Diff: 0.1, Sum: 0.2]
      [Code Root Scanning (ms): Min: 0.0, Avg: 0.0, Max: 0.0, Diff: 0.0, Sum: 0.0]
      [Object Copy (ms): Min: 2.3, Avg: 2.8, Max: 2.9, Diff: 0.7, Sum: 22.7]
      [Termination (ms): Min: 0.0, Avg: 0.0, Max: 0.0, Diff: 0.0, Sum: 0.0]
         [Termination Attempts: Min: 1, Avg: 1.5, Max: 2, Diff: 1, Sum: 12]
      [GC Worker Other (ms): Min: 0.0, Avg: 0.0, Max: 0.0, Diff: 0.0, Sum: 0.2]
      [GC Worker Total (ms): Min: 3.2, Avg: 3.2, Max: 3.3, Diff: 0.1, Sum: 25.6]
      [GC Worker End (ms): Min: 127144.0, Avg: 127144.0, Max: 127144.0, Diff: 0.0]
   [Code Root Fixup: 0.0 ms]
   [Code Root Purge: 0.0 ms]
   [Clear CT: 0.1 ms]
   [Other: 0.5 ms]
      [Choose CSet: 0.0 ms]
      [Ref Proc: 0.2 ms]
      [Ref Enq: 0.0 ms]
      [Redirty Cards: 0.2 ms]
      [Humongous Register: 0.0 ms]
      [Humongous Reclaim: 0.0 ms]
      [Free CSet: 0.0 ms]
   [Eden: 150.0M(150.0M)->0.0B(148.0M) Survivors: 3072.0K->5120.0K Heap: 217.9M(256.0M)->70.3M(256.0M)]
Heap after GC invocations=37 (full 0):
 garbage-first heap   total 262144K, used 72014K [0x00000007b0000000, 0x00000007b0100800, 0x00000007c0000000)
  region size 1024K, 5 young (5120K), 5 survivors (5120K)
 Metaspace       used 3178K, capacity 4556K, committed 4864K, reserved 1056768K
  class space    used 337K, capacity 392K, committed 512K, reserved 1048576K
}
 [Times: user=0.02 sys=0.00, real=0.01 secs] 
{Heap before GC invocations=37 (full 0):
 garbage-first heap   total 262144K, used 223566K [0x00000007b0000000, 0x00000007b0100800, 0x00000007c0000000)
  region size 1024K, 153 young (156672K), 5 survivors (5120K)
 Metaspace       used 3178K, capacity 4556K, committed 4864K, reserved 1056768K
  class space    used 337K, capacity 392K, committed 512K, reserved 1048576K
2020-12-03T18:09:19.345-0800: 130.118: [GC pause (G1 Evacuation Pause) (young), 0.0024391 secs]
   [Parallel Time: 1.6 ms, GC Workers: 8]
      [GC Worker Start (ms): Min: 130117.8, Avg: 130117.9, Max: 130118.0, Diff: 0.2]
      [Ext Root Scanning (ms): Min: 0.1, Avg: 0.2, Max: 0.2, Diff: 0.2, Sum: 1.4]
      [Update RS (ms): Min: 0.1, Avg: 0.1, Max: 0.2, Diff: 0.1, Sum: 0.7]
         [Processed Buffers: Min: 1, Avg: 1.2, Max: 2, Diff: 1, Sum: 10]
      [Scan RS (ms): Min: 0.0, Avg: 0.0, Max: 0.0, Diff: 0.0, Sum: 0.2]
      [Code Root Scanning (ms): Min: 0.0, Avg: 0.0, Max: 0.0, Diff: 0.0, Sum: 0.0]
      [Object Copy (ms): Min: 1.1, Avg: 1.2, Max: 1.2, Diff: 0.1, Sum: 9.3]
      [Termination (ms): Min: 0.0, Avg: 0.0, Max: 0.0, Diff: 0.0, Sum: 0.0]
         [Termination Attempts: Min: 1, Avg: 1.0, Max: 1, Diff: 0, Sum: 8]
      [GC Worker Other (ms): Min: 0.0, Avg: 0.0, Max: 0.0, Diff: 0.0, Sum: 0.2]
      [GC Worker Total (ms): Min: 1.3, Avg: 1.5, Max: 1.6, Diff: 0.2, Sum: 11.8]
      [GC Worker End (ms): Min: 130119.3, Avg: 130119.3, Max: 130119.4, Diff: 0.0]
   [Code Root Fixup: 0.0 ms]
   [Code Root Purge: 0.0 ms]
   [Clear CT: 0.1 ms]
   [Other: 0.7 ms]
      [Choose CSet: 0.0 ms]
      [Ref Proc: 0.4 ms]
      [Ref Enq: 0.0 ms]
      [Redirty Cards: 0.2 ms]
      [Humongous Register: 0.0 ms]
      [Humongous Reclaim: 0.0 ms]
      [Free CSet: 0.0 ms]
   [Eden: 148.0M(148.0M)->0.0B(149.0M) Survivors: 5120.0K->4096.0K Heap: 218.3M(256.0M)->69.4M(256.0M)]
Heap after GC invocations=38 (full 0):
 garbage-first heap   total 262144K, used 71026K [0x00000007b0000000, 0x00000007b0100800, 0x00000007c0000000)
  region size 1024K, 4 young (4096K), 4 survivors (4096K)
 Metaspace       used 3178K, capacity 4556K, committed 4864K, reserved 1056768K
  class space    used 337K, capacity 392K, committed 512K, reserved 1048576K
}
 [Times: user=0.02 sys=0.00, real=0.00 secs] 
{Heap before GC invocations=38 (full 0):
 garbage-first heap   total 262144K, used 223602K [0x00000007b0000000, 0x00000007b0100800, 0x00000007c0000000)
  region size 1024K, 153 young (156672K), 4 survivors (4096K)
 Metaspace       used 3178K, capacity 4556K, committed 4864K, reserved 1056768K
  class space    used 337K, capacity 392K, committed 512K, reserved 1048576K
2020-12-03T18:09:23.748-0800: 134.521: [GC pause (G1 Evacuation Pause) (young), 0.0025285 secs]
   [Parallel Time: 1.4 ms, GC Workers: 8]
      [GC Worker Start (ms): Min: 134520.6, Avg: 134520.8, Max: 134521.0, Diff: 0.4]
      [Ext Root Scanning (ms): Min: 0.0, Avg: 0.2, Max: 0.3, Diff: 0.3, Sum: 1.5]
      [Update RS (ms): Min: 0.0, Avg: 0.1, Max: 0.3, Diff: 0.3, Sum: 0.4]
         [Processed Buffers: Min: 0, Avg: 1.4, Max: 2, Diff: 2, Sum: 11]
      [Scan RS (ms): Min: 0.0, Avg: 0.1, Max: 0.7, Diff: 0.7, Sum: 0.9]
      [Code Root Scanning (ms): Min: 0.0, Avg: 0.0, Max: 0.0, Diff: 0.0, Sum: 0.0]
      [Object Copy (ms): Min: 0.0, Avg: 0.3, Max: 0.5, Diff: 0.5, Sum: 2.4]
      [Termination (ms): Min: 0.0, Avg: 0.4, Max: 0.5, Diff: 0.5, Sum: 3.1]
         [Termination Attempts: Min: 1, Avg: 1.0, Max: 1, Diff: 0, Sum: 8]
      [GC Worker Other (ms): Min: 0.0, Avg: 0.0, Max: 0.1, Diff: 0.0, Sum: 0.2]
      [GC Worker Total (ms): Min: 0.7, Avg: 1.1, Max: 1.3, Diff: 0.6, Sum: 8.7]
      [GC Worker End (ms): Min: 134521.8, Avg: 134521.9, Max: 134522.0, Diff: 0.2]
   [Code Root Fixup: 0.0 ms]
   [Code Root Purge: 0.0 ms]
   [Clear CT: 0.2 ms]
   [Other: 0.9 ms]
      [Choose CSet: 0.0 ms]
      [Ref Proc: 0.6 ms]
      [Ref Enq: 0.0 ms]
      [Redirty Cards: 0.1 ms]
      [Humongous Register: 0.0 ms]
      [Humongous Reclaim: 0.0 ms]
      [Free CSet: 0.0 ms]
   [Eden: 149.0M(149.0M)->0.0B(151.0M) Survivors: 4096.0K->2048.0K Heap: 218.4M(256.0M)->66.9M(256.0M)]
Heap after GC invocations=39 (full 0):
 garbage-first heap   total 262144K, used 68551K [0x00000007b0000000, 0x00000007b0100800, 0x00000007c0000000)
  region size 1024K, 2 young (2048K), 2 survivors (2048K)
 Metaspace       used 3178K, capacity 4556K, committed 4864K, reserved 1056768K
  class space    used 337K, capacity 392K, committed 512K, reserved 1048576K
}
 [Times: user=0.01 sys=0.00, real=0.01 secs] 
{Heap before GC invocations=39 (full 0):
 garbage-first heap   total 262144K, used 223175K [0x00000007b0000000, 0x00000007b0100800, 0x00000007c0000000)
  region size 1024K, 153 young (156672K), 2 survivors (2048K)
 Metaspace       used 3178K, capacity 4556K, committed 4864K, reserved 1056768K
  class space    used 337K, capacity 392K, committed 512K, reserved 1048576K
2020-12-03T18:09:27.955-0800: 138.728: [GC pause (G1 Evacuation Pause) (young), 0.0029566 secs]
   [Parallel Time: 1.6 ms, GC Workers: 8]
      [GC Worker Start (ms): Min: 138728.2, Avg: 138728.7, Max: 138729.5, Diff: 1.3]
      [Ext Root Scanning (ms): Min: 0.0, Avg: 0.1, Max: 0.2, Diff: 0.2, Sum: 0.7]
      [Update RS (ms): Min: 0.0, Avg: 0.0, Max: 0.1, Diff: 0.1, Sum: 0.2]
         [Processed Buffers: Min: 0, Avg: 1.0, Max: 2, Diff: 2, Sum: 8]
      [Scan RS (ms): Min: 0.0, Avg: 0.0, Max: 0.0, Diff: 0.0, Sum: 0.1]
      [Code Root Scanning (ms): Min: 0.0, Avg: 0.0, Max: 0.0, Diff: 0.0, Sum: 0.0]
      [Object Copy (ms): Min: 0.0, Avg: 0.1, Max: 0.2, Diff: 0.2, Sum: 0.7]
      [Termination (ms): Min: 0.0, Avg: 0.7, Max: 1.1, Diff: 1.1, Sum: 5.2]
         [Termination Attempts: Min: 1, Avg: 1.0, Max: 1, Diff: 0, Sum: 8]
      [GC Worker Other (ms): Min: 0.0, Avg: 0.0, Max: 0.0, Diff: 0.0, Sum: 0.1]
      [GC Worker Total (ms): Min: 0.0, Avg: 0.9, Max: 1.4, Diff: 1.4, Sum: 7.0]
      [GC Worker End (ms): Min: 138729.6, Avg: 138729.6, Max: 138729.8, Diff: 0.2]
   [Code Root Fixup: 0.0 ms]
   [Code Root Purge: 0.0 ms]
   [Clear CT: 0.1 ms]
   [Other: 1.2 ms]
      [Choose CSet: 0.0 ms]
      [Ref Proc: 1.1 ms]
      [Ref Enq: 0.0 ms]
      [Redirty Cards: 0.1 ms]
      [Humongous Register: 0.0 ms]
      [Humongous Reclaim: 0.0 ms]
      [Free CSet: 0.0 ms]
   [Eden: 151.0M(151.0M)->0.0B(152.0M) Survivors: 2048.0K->1024.0K Heap: 217.9M(256.0M)->65.9M(256.0M)]
Heap after GC invocations=40 (full 0):
 garbage-first heap   total 262144K, used 67437K [0x00000007b0000000, 0x00000007b0100800, 0x00000007c0000000)
  region size 1024K, 1 young (1024K), 1 survivors (1024K)
 Metaspace       used 3178K, capacity 4556K, committed 4864K, reserved 1056768K
  class space    used 337K, capacity 392K, committed 512K, reserved 1048576K
}
 [Times: user=0.01 sys=0.00, real=0.00 secs] 
{Heap before GC invocations=40 (full 0):
 garbage-first heap   total 262144K, used 223085K [0x00000007b0000000, 0x00000007b0100800, 0x00000007c0000000)
  region size 1024K, 153 young (156672K), 1 survivors (1024K)
 Metaspace       used 3178K, capacity 4556K, committed 4864K, reserved 1056768K
  class space    used 337K, capacity 392K, committed 512K, reserved 1048576K
2020-12-03T18:09:32.534-0800: 143.307: [GC pause (G1 Evacuation Pause) (young), 0.0029946 secs]
   [Parallel Time: 2.4 ms, GC Workers: 8]
      [GC Worker Start (ms): Min: 143307.0, Avg: 143307.0, Max: 143307.1, Diff: 0.1]
      [Ext Root Scanning (ms): Min: 0.1, Avg: 0.3, Max: 0.9, Diff: 0.8, Sum: 2.1]
      [Update RS (ms): Min: 0.0, Avg: 0.1, Max: 0.5, Diff: 0.5, Sum: 0.6]
         [Processed Buffers: Min: 0, Avg: 1.0, Max: 2, Diff: 2, Sum: 8]
      [Scan RS (ms): Min: 0.0, Avg: 0.0, Max: 0.0, Diff: 0.0, Sum: 0.2]
      [Code Root Scanning (ms): Min: 0.0, Avg: 0.0, Max: 0.0, Diff: 0.0, Sum: 0.0]
      [Object Copy (ms): Min: 0.4, Avg: 1.0, Max: 1.5, Diff: 1.2, Sum: 8.3]
      [Termination (ms): Min: 0.0, Avg: 0.8, Max: 0.9, Diff: 0.9, Sum: 6.4]
         [Termination Attempts: Min: 1, Avg: 1.8, Max: 3, Diff: 2, Sum: 14]
      [GC Worker Other (ms): Min: 0.0, Avg: 0.0, Max: 0.0, Diff: 0.0, Sum: 0.1]
      [GC Worker Total (ms): Min: 2.2, Avg: 2.2, Max: 2.3, Diff: 0.1, Sum: 17.7]
      [GC Worker End (ms): Min: 143309.2, Avg: 143309.3, Max: 143309.3, Diff: 0.0]
   [Code Root Fixup: 0.0 ms]
   [Code Root Purge: 0.0 ms]
   [Clear CT: 0.1 ms]
   [Other: 0.5 ms]
      [Choose CSet: 0.0 ms]
      [Ref Proc: 0.2 ms]
      [Ref Enq: 0.0 ms]
      [Redirty Cards: 0.1 ms]
      [Humongous Register: 0.0 ms]
      [Humongous Reclaim: 0.0 ms]
      [Free CSet: 0.0 ms]
   [Eden: 152.0M(152.0M)->0.0B(152.0M) Survivors: 1024.0K->1024.0K Heap: 217.9M(256.0M)->66.5M(256.0M)]
Heap after GC invocations=41 (full 0):
 garbage-first heap   total 262144K, used 68088K [0x00000007b0000000, 0x00000007b0100800, 0x00000007c0000000)
  region size 1024K, 1 young (1024K), 1 survivors (1024K)
 Metaspace       used 3178K, capacity 4556K, committed 4864K, reserved 1056768K
  class space    used 337K, capacity 392K, committed 512K, reserved 1048576K
}
 [Times: user=0.02 sys=0.00, real=0.00 secs] 
{Heap before GC invocations=41 (full 0):
 garbage-first heap   total 262144K, used 223736K [0x00000007b0000000, 0x00000007b0100800, 0x00000007c0000000)
  region size 1024K, 153 young (156672K), 1 survivors (1024K)
 Metaspace       used 3178K, capacity 4556K, committed 4864K, reserved 1056768K
  class space    used 337K, capacity 392K, committed 512K, reserved 1048576K
2020-12-03T18:09:36.990-0800: 147.763: [GC pause (G1 Evacuation Pause) (young), 0.0015735 secs]
   [Parallel Time: 1.1 ms, GC Workers: 8]
      [GC Worker Start (ms): Min: 147762.8, Avg: 147762.9, Max: 147762.9, Diff: 0.1]
      [Ext Root Scanning (ms): Min: 0.1, Avg: 0.1, Max: 0.2, Diff: 0.1, Sum: 0.9]
      [Update RS (ms): Min: 0.0, Avg: 0.1, Max: 0.3, Diff: 0.3, Sum: 0.6]
         [Processed Buffers: Min: 1, Avg: 1.4, Max: 2, Diff: 1, Sum: 11]
      [Scan RS (ms): Min: 0.0, Avg: 0.0, Max: 0.0, Diff: 0.0, Sum: 0.1]
      [Code Root Scanning (ms): Min: 0.0, Avg: 0.0, Max: 0.0, Diff: 0.0, Sum: 0.0]
      [Object Copy (ms): Min: 0.6, Avg: 0.8, Max: 0.8, Diff: 0.2, Sum: 6.5]
      [Termination (ms): Min: 0.0, Avg: 0.0, Max: 0.0, Diff: 0.0, Sum: 0.0]
         [Termination Attempts: Min: 1, Avg: 1.0, Max: 1, Diff: 0, Sum: 8]
      [GC Worker Other (ms): Min: 0.0, Avg: 0.0, Max: 0.0, Diff: 0.0, Sum: 0.2]
      [GC Worker Total (ms): Min: 1.0, Avg: 1.0, Max: 1.1, Diff: 0.1, Sum: 8.2]
      [GC Worker End (ms): Min: 147763.9, Avg: 147763.9, Max: 147763.9, Diff: 0.0]
   [Code Root Fixup: 0.0 ms]
   [Code Root Purge: 0.0 ms]
   [Clear CT: 0.1 ms]
   [Other: 0.3 ms]
      [Choose CSet: 0.0 ms]
      [Ref Proc: 0.2 ms]
      [Ref Enq: 0.0 ms]
      [Redirty Cards: 0.1 ms]
      [Humongous Register: 0.0 ms]
      [Humongous Reclaim: 0.0 ms]
      [Free CSet: 0.0 ms]
   [Eden: 152.0M(152.0M)->0.0B(151.0M) Survivors: 1024.0K->2048.0K Heap: 218.5M(256.0M)->67.4M(256.0M)]
Heap after GC invocations=42 (full 0):
 garbage-first heap   total 262144K, used 69018K [0x00000007b0000000, 0x00000007b0100800, 0x00000007c0000000)
  region size 1024K, 2 young (2048K), 2 survivors (2048K)
 Metaspace       used 3178K, capacity 4556K, committed 4864K, reserved 1056768K
  class space    used 337K, capacity 392K, committed 512K, reserved 1048576K
}
 [Times: user=0.01 sys=0.00, real=0.00 secs] 
{Heap before GC invocations=42 (full 0):
 garbage-first heap   total 262144K, used 223642K [0x00000007b0000000, 0x00000007b0100800, 0x00000007c0000000)
  region size 1024K, 153 young (156672K), 2 survivors (2048K)
 Metaspace       used 3178K, capacity 4556K, committed 4864K, reserved 1056768K
  class space    used 337K, capacity 392K, committed 512K, reserved 1048576K
2020-12-03T18:09:40.252-0800: 151.025: [GC pause (G1 Evacuation Pause) (young), 0.0186657 secs]
   [Parallel Time: 17.9 ms, GC Workers: 8]
      [GC Worker Start (ms): Min: 151024.7, Avg: 151024.9, Max: 151025.8, Diff: 1.1]
      [Ext Root Scanning (ms): Min: 0.0, Avg: 0.2, Max: 0.3, Diff: 0.3, Sum: 1.5]
      [Update RS (ms): Min: 0.0, Avg: 1.0, Max: 5.1, Diff: 5.1, Sum: 8.3]
         [Processed Buffers: Min: 0, Avg: 1.4, Max: 2, Diff: 2, Sum: 11]
      [Scan RS (ms): Min: 0.0, Avg: 0.0, Max: 0.1, Diff: 0.0, Sum: 0.2]
      [Code Root Scanning (ms): Min: 0.0, Avg: 0.0, Max: 0.0, Diff: 0.0, Sum: 0.0]
      [Object Copy (ms): Min: 12.4, Avg: 16.3, Max: 17.4, Diff: 5.0, Sum: 130.7]
      [Termination (ms): Min: 0.0, Avg: 0.0, Max: 0.0, Diff: 0.0, Sum: 0.0]
         [Termination Attempts: Min: 1, Avg: 1.8, Max: 3, Diff: 2, Sum: 14]
      [GC Worker Other (ms): Min: 0.0, Avg: 0.0, Max: 0.1, Diff: 0.0, Sum: 0.2]
      [GC Worker Total (ms): Min: 16.8, Avg: 17.6, Max: 17.9, Diff: 1.1, Sum: 141.0]
      [GC Worker End (ms): Min: 151042.5, Avg: 151042.5, Max: 151042.6, Diff: 0.0]
   [Code Root Fixup: 0.0 ms]
   [Code Root Purge: 0.0 ms]
   [Clear CT: 0.1 ms]
   [Other: 0.6 ms]
      [Choose CSet: 0.0 ms]
      [Ref Proc: 0.4 ms]
      [Ref Enq: 0.0 ms]
      [Redirty Cards: 0.1 ms]
      [Humongous Register: 0.0 ms]
      [Humongous Reclaim: 0.0 ms]
      [Free CSet: 0.0 ms]
   [Eden: 151.0M(151.0M)->0.0B(128.0M) Survivors: 2048.0K->18.0M Heap: 218.4M(256.0M)->82.8M(256.0M)]
Heap after GC invocations=43 (full 0):
 garbage-first heap   total 262144K, used 84742K [0x00000007b0000000, 0x00000007b0100800, 0x00000007c0000000)
  region size 1024K, 18 young (18432K), 18 survivors (18432K)
 Metaspace       used 3178K, capacity 4556K, committed 4864K, reserved 1056768K
  class space    used 337K, capacity 392K, committed 512K, reserved 1048576K
}
 [Times: user=0.11 sys=0.00, real=0.02 secs] 
{Heap before GC invocations=43 (full 0):
 garbage-first heap   total 262144K, used 215814K [0x00000007b0000000, 0x00000007b0100800, 0x00000007c0000000)
  region size 1024K, 146 young (149504K), 18 survivors (18432K)
 Metaspace       used 3178K, capacity 4556K, committed 4864K, reserved 1056768K
  class space    used 337K, capacity 392K, committed 512K, reserved 1048576K
2020-12-03T18:09:43.730-0800: 154.503: [GC pause (G1 Evacuation Pause) (young), 0.0071691 secs]
   [Parallel Time: 5.9 ms, GC Workers: 8]
      [GC Worker Start (ms): Min: 154502.7, Avg: 154502.8, Max: 154502.8, Diff: 0.1]
      [Ext Root Scanning (ms): Min: 0.1, Avg: 0.1, Max: 0.2, Diff: 0.1, Sum: 0.9]
      [Update RS (ms): Min: 0.2, Avg: 0.5, Max: 1.4, Diff: 1.2, Sum: 4.1]
         [Processed Buffers: Min: 1, Avg: 1.2, Max: 3, Diff: 2, Sum: 10]
      [Scan RS (ms): Min: 0.0, Avg: 0.0, Max: 0.1, Diff: 0.1, Sum: 0.1]
      [Code Root Scanning (ms): Min: 0.0, Avg: 0.0, Max: 0.0, Diff: 0.0, Sum: 0.0]
      [Object Copy (ms): Min: 3.5, Avg: 4.5, Max: 5.3, Diff: 1.8, Sum: 35.9]
      [Termination (ms): Min: 0.0, Avg: 0.6, Max: 0.7, Diff: 0.7, Sum: 4.5]
         [Termination Attempts: Min: 1, Avg: 1.0, Max: 1, Diff: 0, Sum: 8]
      [GC Worker Other (ms): Min: 0.0, Avg: 0.0, Max: 0.0, Diff: 0.0, Sum: 0.1]
      [GC Worker Total (ms): Min: 5.7, Avg: 5.7, Max: 5.8, Diff: 0.1, Sum: 45.7]
      [GC Worker End (ms): Min: 154508.5, Avg: 154508.5, Max: 154508.5, Diff: 0.1]
   [Code Root Fixup: 0.0 ms]
   [Code Root Purge: 0.0 ms]
   [Clear CT: 0.1 ms]
   [Other: 1.1 ms]
      [Choose CSet: 0.0 ms]
      [Ref Proc: 0.9 ms]
      [Ref Enq: 0.0 ms]
      [Redirty Cards: 0.1 ms]
      [Humongous Register: 0.0 ms]
      [Humongous Reclaim: 0.0 ms]
      [Free CSet: 0.0 ms]
   [Eden: 128.0M(128.0M)->0.0B(142.0M) Survivors: 18.0M->11.0M Heap: 210.8M(256.0M)->76.1M(256.0M)]
Heap after GC invocations=44 (full 0):
 garbage-first heap   total 262144K, used 77937K [0x00000007b0000000, 0x00000007b0100800, 0x00000007c0000000)
  region size 1024K, 11 young (11264K), 11 survivors (11264K)
 Metaspace       used 3178K, capacity 4556K, committed 4864K, reserved 1056768K
  class space    used 337K, capacity 392K, committed 512K, reserved 1048576K
}
 [Times: user=0.05 sys=0.00, real=0.00 secs] 
Heap
 garbage-first heap   total 262144K, used 100465K [0x00000007b0000000, 0x00000007b0100800, 0x00000007c0000000)
  region size 1024K, 34 young (34816K), 11 survivors (11264K)
 Metaspace       used 3186K, capacity 4556K, committed 4864K, reserved 1056768K
  class space    used 338K, capacity 392K, committed 512K, reserved 1048576K
