Java HotSpot(TM) 64-Bit Server VM (25.151-b12) for bsd-amd64 JRE (1.8.0_151-b12), built on Sep  5 2017 19:37:08 by "java_re" with gcc 4.2.1 (Based on Apple Inc. build 5658) (LLVM build 2336.11.00)
Memory: 4k page, physical 16777216k(1821308k free)

/proc/meminfo:

CommandLine flags: -XX:InitialHeapSize=268435456 -XX:MaxGCPauseMillis=100 -XX:MaxHeapSize=536870912 -XX:+PrintGC -XX:+PrintGCDateStamps -XX:+PrintGCDetails -XX:+PrintGCTimeStamps -XX:+PrintHeapAtGC -XX:+UseCompressedClassPointers -XX:+UseCompressedOops -XX:+UseG1GC 
{Heap before GC invocations=0 (full 0):
 garbage-first heap   total 262144K, used 12800K [0x00000007a0000000, 0x00000007a0100800, 0x00000007c0000000)
  region size 1024K, 12 young (12288K), 0 survivors (0K)
 Metaspace       used 3168K, capacity 4556K, committed 4864K, reserved 1056768K
  class space    used 337K, capacity 392K, committed 512K, reserved 1048576K
2020-12-03T18:16:30.662-0800: 10.363: [GC pause (G1 Evacuation Pause) (young), 0.0085466 secs]
   [Parallel Time: 7.4 ms, GC Workers: 8]
      [GC Worker Start (ms): Min: 10362.8, Avg: 10363.2, Max: 10365.4, Diff: 2.6]
      [Ext Root Scanning (ms): Min: 0.0, Avg: 0.2, Max: 0.5, Diff: 0.5, Sum: 1.3]
      [Update RS (ms): Min: 0.0, Avg: 0.6, Max: 1.5, Diff: 1.5, Sum: 4.5]
         [Processed Buffers: Min: 0, Avg: 0.5, Max: 1, Diff: 1, Sum: 4]
      [Scan RS (ms): Min: 0.0, Avg: 0.0, Max: 0.0, Diff: 0.0, Sum: 0.0]
      [Code Root Scanning (ms): Min: 0.0, Avg: 0.0, Max: 0.0, Diff: 0.0, Sum: 0.0]
      [Object Copy (ms): Min: 4.6, Avg: 5.8, Max: 6.8, Diff: 2.2, Sum: 46.4]
      [Termination (ms): Min: 0.0, Avg: 0.4, Max: 0.6, Diff: 0.6, Sum: 3.1]
         [Termination Attempts: Min: 1, Avg: 1.0, Max: 1, Diff: 0, Sum: 8]
      [GC Worker Other (ms): Min: 0.0, Avg: 0.0, Max: 0.0, Diff: 0.0, Sum: 0.1]
      [GC Worker Total (ms): Min: 4.7, Avg: 6.9, Max: 7.4, Diff: 2.7, Sum: 55.6]
      [GC Worker End (ms): Min: 10370.1, Avg: 10370.1, Max: 10370.2, Diff: 0.1]
   [Code Root Fixup: 0.0 ms]
   [Code Root Purge: 0.0 ms]
   [Clear CT: 0.2 ms]
   [Other: 0.9 ms]
      [Choose CSet: 0.0 ms]
      [Ref Proc: 0.7 ms]
      [Ref Enq: 0.0 ms]
      [Redirty Cards: 0.1 ms]
      [Humongous Register: 0.0 ms]
      [Humongous Reclaim: 0.0 ms]
      [Free CSet: 0.0 ms]
   [Eden: 12.0M(12.0M)->0.0B(10.0M) Survivors: 0.0B->2048.0K Heap: 12.5M(256.0M)->6516.5K(256.0M)]
Heap after GC invocations=1 (full 0):
 garbage-first heap   total 262144K, used 6516K [0x00000007a0000000, 0x00000007a0100800, 0x00000007c0000000)
  region size 1024K, 2 young (2048K), 2 survivors (2048K)
 Metaspace       used 3168K, capacity 4556K, committed 4864K, reserved 1056768K
  class space    used 337K, capacity 392K, committed 512K, reserved 1048576K
}
 [Times: user=0.06 sys=0.01, real=0.01 secs] 
{Heap before GC invocations=1 (full 0):
 garbage-first heap   total 262144K, used 17780K [0x00000007a0000000, 0x00000007a0100800, 0x00000007c0000000)
  region size 1024K, 12 young (12288K), 2 survivors (2048K)
 Metaspace       used 3169K, capacity 4556K, committed 4864K, reserved 1056768K
  class space    used 337K, capacity 392K, committed 512K, reserved 1048576K
2020-12-03T18:16:30.686-0800: 10.387: [GC pause (G1 Evacuation Pause) (young), 0.0089562 secs]
   [Parallel Time: 8.3 ms, GC Workers: 8]
      [GC Worker Start (ms): Min: 10387.1, Avg: 10387.1, Max: 10387.2, Diff: 0.2]
      [Ext Root Scanning (ms): Min: 0.0, Avg: 0.1, Max: 0.2, Diff: 0.2, Sum: 0.8]
      [Update RS (ms): Min: 0.0, Avg: 0.8, Max: 1.4, Diff: 1.4, Sum: 6.1]
         [Processed Buffers: Min: 0, Avg: 1.5, Max: 2, Diff: 2, Sum: 12]
      [Scan RS (ms): Min: 0.0, Avg: 0.9, Max: 1.4, Diff: 1.4, Sum: 7.4]
      [Code Root Scanning (ms): Min: 0.0, Avg: 0.0, Max: 0.1, Diff: 0.1, Sum: 0.1]
      [Object Copy (ms): Min: 5.6, Avg: 6.0, Max: 7.6, Diff: 2.0, Sum: 47.7]
      [Termination (ms): Min: 0.0, Avg: 0.5, Max: 0.6, Diff: 0.6, Sum: 3.8]
         [Termination Attempts: Min: 1, Avg: 1.0, Max: 1, Diff: 0, Sum: 8]
      [GC Worker Other (ms): Min: 0.0, Avg: 0.0, Max: 0.0, Diff: 0.0, Sum: 0.1]
      [GC Worker Total (ms): Min: 8.1, Avg: 8.2, Max: 8.3, Diff: 0.2, Sum: 65.9]
      [GC Worker End (ms): Min: 10395.3, Avg: 10395.3, Max: 10395.3, Diff: 0.1]
   [Code Root Fixup: 0.0 ms]
   [Code Root Purge: 0.0 ms]
   [Clear CT: 0.1 ms]
   [Other: 0.5 ms]
      [Choose CSet: 0.0 ms]
      [Ref Proc: 0.3 ms]
      [Ref Enq: 0.0 ms]
      [Redirty Cards: 0.2 ms]
      [Humongous Register: 0.0 ms]
      [Humongous Reclaim: 0.0 ms]
      [Free CSet: 0.0 ms]
   [Eden: 10.0M(10.0M)->0.0B(10.0M) Survivors: 2048.0K->2048.0K Heap: 17.4M(256.0M)->16.0M(256.0M)]
Heap after GC invocations=2 (full 0):
 garbage-first heap   total 262144K, used 16354K [0x00000007a0000000, 0x00000007a0100800, 0x00000007c0000000)
  region size 1024K, 2 young (2048K), 2 survivors (2048K)
 Metaspace       used 3169K, capacity 4556K, committed 4864K, reserved 1056768K
  class space    used 337K, capacity 392K, committed 512K, reserved 1048576K
}
 [Times: user=0.06 sys=0.00, real=0.01 secs] 
{Heap before GC invocations=2 (full 0):
 garbage-first heap   total 262144K, used 26594K [0x00000007a0000000, 0x00000007a0100800, 0x00000007c0000000)
  region size 1024K, 12 young (12288K), 2 survivors (2048K)
 Metaspace       used 3172K, capacity 4620K, committed 4864K, reserved 1056768K
  class space    used 337K, capacity 392K, committed 512K, reserved 1048576K
2020-12-03T18:16:30.704-0800: 10.405: [GC pause (G1 Evacuation Pause) (young), 0.0083473 secs]
   [Parallel Time: 7.8 ms, GC Workers: 8]
      [GC Worker Start (ms): Min: 10404.8, Avg: 10404.9, Max: 10404.9, Diff: 0.1]
      [Ext Root Scanning (ms): Min: 0.0, Avg: 0.1, Max: 0.2, Diff: 0.1, Sum: 0.6]
      [Update RS (ms): Min: 0.4, Avg: 0.6, Max: 1.0, Diff: 0.6, Sum: 5.1]
         [Processed Buffers: Min: 1, Avg: 1.9, Max: 3, Diff: 2, Sum: 15]
      [Scan RS (ms): Min: 1.3, Avg: 1.6, Max: 1.8, Diff: 0.5, Sum: 12.7]
      [Code Root Scanning (ms): Min: 0.0, Avg: 0.0, Max: 0.0, Diff: 0.0, Sum: 0.0]
      [Object Copy (ms): Min: 5.3, Avg: 5.3, Max: 5.4, Diff: 0.0, Sum: 42.6]
      [Termination (ms): Min: 0.0, Avg: 0.0, Max: 0.0, Diff: 0.0, Sum: 0.1]
         [Termination Attempts: Min: 1, Avg: 17.2, Max: 22, Diff: 21, Sum: 138]
      [GC Worker Other (ms): Min: 0.0, Avg: 0.0, Max: 0.0, Diff: 0.0, Sum: 0.1]
      [GC Worker Total (ms): Min: 7.6, Avg: 7.7, Max: 7.8, Diff: 0.1, Sum: 61.3]
      [GC Worker End (ms): Min: 10412.6, Avg: 10412.6, Max: 10412.6, Diff: 0.0]
   [Code Root Fixup: 0.0 ms]
   [Code Root Purge: 0.0 ms]
   [Clear CT: 0.1 ms]
   [Other: 0.4 ms]
      [Choose CSet: 0.0 ms]
      [Ref Proc: 0.3 ms]
      [Ref Enq: 0.0 ms]
      [Redirty Cards: 0.1 ms]
      [Humongous Register: 0.0 ms]
      [Humongous Reclaim: 0.0 ms]
      [Free CSet: 0.0 ms]
   [Eden: 10.0M(10.0M)->0.0B(10.0M) Survivors: 2048.0K->2048.0K Heap: 26.0M(256.0M)->24.0M(256.0M)]
Heap after GC invocations=3 (full 0):
 garbage-first heap   total 262144K, used 24576K [0x00000007a0000000, 0x00000007a0100800, 0x00000007c0000000)
  region size 1024K, 2 young (2048K), 2 survivors (2048K)
 Metaspace       used 3172K, capacity 4620K, committed 4864K, reserved 1056768K
  class space    used 337K, capacity 392K, committed 512K, reserved 1048576K
}
 [Times: user=0.06 sys=0.00, real=0.01 secs] 
{Heap before GC invocations=3 (full 0):
 garbage-first heap   total 262144K, used 36864K [0x00000007a0000000, 0x00000007a0100800, 0x00000007c0000000)
  region size 1024K, 12 young (12288K), 2 survivors (2048K)
 Metaspace       used 3172K, capacity 4620K, committed 4864K, reserved 1056768K
  class space    used 337K, capacity 392K, committed 512K, reserved 1048576K
2020-12-03T18:16:30.729-0800: 10.430: [GC pause (G1 Evacuation Pause) (young), 0.0101524 secs]
   [Parallel Time: 9.3 ms, GC Workers: 8]
      [GC Worker Start (ms): Min: 10429.9, Avg: 10429.9, Max: 10430.0, Diff: 0.1]
      [Ext Root Scanning (ms): Min: 0.1, Avg: 0.1, Max: 0.4, Diff: 0.3, Sum: 1.1]
      [Update RS (ms): Min: 0.4, Avg: 0.8, Max: 1.0, Diff: 0.5, Sum: 6.2]
         [Processed Buffers: Min: 1, Avg: 1.8, Max: 2, Diff: 1, Sum: 14]
      [Scan RS (ms): Min: 2.0, Avg: 2.3, Max: 3.4, Diff: 1.4, Sum: 18.2]
      [Code Root Scanning (ms): Min: 0.0, Avg: 0.0, Max: 0.0, Diff: 0.0, Sum: 0.0]
      [Object Copy (ms): Min: 4.9, Avg: 5.9, Max: 6.0, Diff: 1.1, Sum: 47.0]
      [Termination (ms): Min: 0.0, Avg: 0.0, Max: 0.0, Diff: 0.0, Sum: 0.0]
         [Termination Attempts: Min: 1, Avg: 2.8, Max: 4, Diff: 3, Sum: 22]
      [GC Worker Other (ms): Min: 0.0, Avg: 0.0, Max: 0.0, Diff: 0.0, Sum: 0.1]
      [GC Worker Total (ms): Min: 9.1, Avg: 9.1, Max: 9.1, Diff: 0.1, Sum: 72.7]
      [GC Worker End (ms): Min: 10439.0, Avg: 10439.0, Max: 10439.0, Diff: 0.0]
   [Code Root Fixup: 0.0 ms]
   [Code Root Purge: 0.0 ms]
   [Clear CT: 0.1 ms]
   [Other: 0.8 ms]
      [Choose CSet: 0.0 ms]
      [Ref Proc: 0.6 ms]
      [Ref Enq: 0.0 ms]
      [Redirty Cards: 0.1 ms]
      [Humongous Register: 0.0 ms]
      [Humongous Reclaim: 0.0 ms]
      [Free CSet: 0.0 ms]
   [Eden: 10.0M(10.0M)->0.0B(10.0M) Survivors: 2048.0K->2048.0K Heap: 36.0M(256.0M)->33.5M(256.0M)]
Heap after GC invocations=4 (full 0):
 garbage-first heap   total 262144K, used 34304K [0x00000007a0000000, 0x00000007a0100800, 0x00000007c0000000)
  region size 1024K, 2 young (2048K), 2 survivors (2048K)
 Metaspace       used 3172K, capacity 4620K, committed 4864K, reserved 1056768K
  class space    used 337K, capacity 392K, committed 512K, reserved 1048576K
}
 [Times: user=0.07 sys=0.01, real=0.02 secs] 
{Heap before GC invocations=4 (full 0):
 garbage-first heap   total 262144K, used 44544K [0x00000007a0000000, 0x00000007a0100800, 0x00000007c0000000)
  region size 1024K, 12 young (12288K), 2 survivors (2048K)
 Metaspace       used 3172K, capacity 4620K, committed 4864K, reserved 1056768K
  class space    used 337K, capacity 392K, committed 512K, reserved 1048576K
2020-12-03T18:16:30.749-0800: 10.450: [GC pause (G1 Evacuation Pause) (young), 0.0097185 secs]
   [Parallel Time: 9.3 ms, GC Workers: 8]
      [GC Worker Start (ms): Min: 10449.9, Avg: 10450.0, Max: 10450.0, Diff: 0.1]
      [Ext Root Scanning (ms): Min: 0.0, Avg: 0.1, Max: 0.2, Diff: 0.1, Sum: 0.6]
      [Update RS (ms): Min: 0.7, Avg: 0.9, Max: 1.5, Diff: 0.8, Sum: 7.3]
         [Processed Buffers: Min: 2, Avg: 2.2, Max: 3, Diff: 1, Sum: 18]
      [Scan RS (ms): Min: 1.1, Avg: 1.7, Max: 2.0, Diff: 0.9, Sum: 13.9]
      [Code Root Scanning (ms): Min: 0.0, Avg: 0.0, Max: 0.0, Diff: 0.0, Sum: 0.0]
      [Object Copy (ms): Min: 5.8, Avg: 5.9, Max: 6.4, Diff: 0.6, Sum: 47.3]
      [Termination (ms): Min: 0.0, Avg: 0.5, Max: 0.6, Diff: 0.6, Sum: 4.2]
         [Termination Attempts: Min: 1, Avg: 1.0, Max: 1, Diff: 0, Sum: 8]
      [GC Worker Other (ms): Min: 0.0, Avg: 0.0, Max: 0.0, Diff: 0.0, Sum: 0.1]
      [GC Worker Total (ms): Min: 9.1, Avg: 9.2, Max: 9.2, Diff: 0.1, Sum: 73.3]
      [GC Worker End (ms): Min: 10459.2, Avg: 10459.2, Max: 10459.2, Diff: 0.0]
   [Code Root Fixup: 0.0 ms]
   [Code Root Purge: 0.0 ms]
   [Clear CT: 0.1 ms]
   [Other: 0.3 ms]
      [Choose CSet: 0.0 ms]
      [Ref Proc: 0.1 ms]
      [Ref Enq: 0.0 ms]
      [Redirty Cards: 0.1 ms]
      [Humongous Register: 0.0 ms]
      [Humongous Reclaim: 0.0 ms]
      [Free CSet: 0.0 ms]
   [Eden: 10.0M(10.0M)->0.0B(23.0M) Survivors: 2048.0K->2048.0K Heap: 43.5M(256.0M)->41.5M(256.0M)]
Heap after GC invocations=5 (full 0):
 garbage-first heap   total 262144K, used 42496K [0x00000007a0000000, 0x00000007a0100800, 0x00000007c0000000)
  region size 1024K, 2 young (2048K), 2 survivors (2048K)
 Metaspace       used 3172K, capacity 4620K, committed 4864K, reserved 1056768K
  class space    used 337K, capacity 392K, committed 512K, reserved 1048576K
}
 [Times: user=0.06 sys=0.00, real=0.01 secs] 
{Heap before GC invocations=5 (full 0):
 garbage-first heap   total 262144K, used 70144K [0x00000007a0000000, 0x00000007a0100800, 0x00000007c0000000)
  region size 1024K, 25 young (25600K), 2 survivors (2048K)
 Metaspace       used 3172K, capacity 4620K, committed 4864K, reserved 1056768K
  class space    used 337K, capacity 392K, committed 512K, reserved 1048576K
2020-12-03T18:16:30.797-0800: 10.497: [GC pause (G1 Evacuation Pause) (young), 0.0172027 secs]
   [Parallel Time: 16.7 ms, GC Workers: 8]
      [GC Worker Start (ms): Min: 10497.5, Avg: 10497.6, Max: 10497.6, Diff: 0.1]
      [Ext Root Scanning (ms): Min: 0.1, Avg: 0.1, Max: 0.1, Diff: 0.1, Sum: 0.8]
      [Update RS (ms): Min: 0.8, Avg: 1.0, Max: 1.6, Diff: 0.8, Sum: 7.9]
         [Processed Buffers: Min: 2, Avg: 2.4, Max: 3, Diff: 1, Sum: 19]
      [Scan RS (ms): Min: 3.0, Avg: 3.6, Max: 3.8, Diff: 0.9, Sum: 28.7]
      [Code Root Scanning (ms): Min: 0.0, Avg: 0.0, Max: 0.0, Diff: 0.0, Sum: 0.0]
      [Object Copy (ms): Min: 11.1, Avg: 11.3, Max: 11.9, Diff: 0.7, Sum: 90.7]
      [Termination (ms): Min: 0.0, Avg: 0.5, Max: 0.6, Diff: 0.6, Sum: 4.2]
         [Termination Attempts: Min: 1, Avg: 1.0, Max: 1, Diff: 0, Sum: 8]
      [GC Worker Other (ms): Min: 0.0, Avg: 0.0, Max: 0.0, Diff: 0.0, Sum: 0.1]
      [GC Worker Total (ms): Min: 16.5, Avg: 16.5, Max: 16.6, Diff: 0.1, Sum: 132.3]
      [GC Worker End (ms): Min: 10514.1, Avg: 10514.1, Max: 10514.2, Diff: 0.1]
   [Code Root Fixup: 0.0 ms]
   [Code Root Purge: 0.0 ms]
   [Clear CT: 0.1 ms]
   [Other: 0.4 ms]
      [Choose CSet: 0.0 ms]
      [Ref Proc: 0.2 ms]
      [Ref Enq: 0.0 ms]
      [Redirty Cards: 0.1 ms]
      [Humongous Register: 0.0 ms]
      [Humongous Reclaim: 0.0 ms]
      [Free CSet: 0.1 ms]
   [Eden: 23.0M(23.0M)->0.0B(15.0M) Survivors: 2048.0K->4096.0K Heap: 68.5M(256.0M)->62.0M(256.0M)]
Heap after GC invocations=6 (full 0):
 garbage-first heap   total 262144K, used 63488K [0x00000007a0000000, 0x00000007a0100800, 0x00000007c0000000)
  region size 1024K, 4 young (4096K), 4 survivors (4096K)
 Metaspace       used 3172K, capacity 4620K, committed 4864K, reserved 1056768K
  class space    used 337K, capacity 392K, committed 512K, reserved 1048576K
}
 [Times: user=0.11 sys=0.01, real=0.02 secs] 
{Heap before GC invocations=6 (full 0):
 garbage-first heap   total 262144K, used 78848K [0x00000007a0000000, 0x00000007a0100800, 0x00000007c0000000)
  region size 1024K, 19 young (19456K), 4 survivors (4096K)
 Metaspace       used 3172K, capacity 4620K, committed 4864K, reserved 1056768K
  class space    used 337K, capacity 392K, committed 512K, reserved 1048576K
2020-12-03T18:16:30.831-0800: 10.531: [GC pause (G1 Evacuation Pause) (young), 0.0147362 secs]
   [Parallel Time: 13.6 ms, GC Workers: 8]
      [GC Worker Start (ms): Min: 10531.2, Avg: 10531.3, Max: 10531.3, Diff: 0.1]
      [Ext Root Scanning (ms): Min: 0.1, Avg: 0.1, Max: 0.2, Diff: 0.1, Sum: 0.9]
      [Update RS (ms): Min: 0.9, Avg: 1.0, Max: 1.2, Diff: 0.3, Sum: 8.3]
         [Processed Buffers: Min: 2, Avg: 2.2, Max: 3, Diff: 1, Sum: 18]
      [Scan RS (ms): Min: 2.9, Avg: 3.1, Max: 3.2, Diff: 0.3, Sum: 24.6]
      [Code Root Scanning (ms): Min: 0.0, Avg: 0.0, Max: 0.0, Diff: 0.0, Sum: 0.0]
      [Object Copy (ms): Min: 9.2, Avg: 9.3, Max: 9.3, Diff: 0.1, Sum: 74.1]
      [Termination (ms): Min: 0.0, Avg: 0.0, Max: 0.0, Diff: 0.0, Sum: 0.0]
         [Termination Attempts: Min: 1, Avg: 1.0, Max: 1, Diff: 0, Sum: 8]
      [GC Worker Other (ms): Min: 0.0, Avg: 0.0, Max: 0.0, Diff: 0.0, Sum: 0.1]
      [GC Worker Total (ms): Min: 13.5, Avg: 13.5, Max: 13.6, Diff: 0.1, Sum: 107.9]
      [GC Worker End (ms): Min: 10544.8, Avg: 10544.8, Max: 10544.8, Diff: 0.0]
   [Code Root Fixup: 0.0 ms]
   [Code Root Purge: 0.0 ms]
   [Clear CT: 0.1 ms]
   [Other: 1.0 ms]
      [Choose CSet: 0.0 ms]
      [Ref Proc: 0.7 ms]
      [Ref Enq: 0.0 ms]
      [Redirty Cards: 0.2 ms]
      [Humongous Register: 0.0 ms]
      [Humongous Reclaim: 0.0 ms]
      [Free CSet: 0.1 ms]
   [Eden: 15.0M(15.0M)->0.0B(23.0M) Survivors: 4096.0K->3072.0K Heap: 77.0M(256.0M)->74.0M(256.0M)]
Heap after GC invocations=7 (full 0):
 garbage-first heap   total 262144K, used 75776K [0x00000007a0000000, 0x00000007a0100800, 0x00000007c0000000)
  region size 1024K, 3 young (3072K), 3 survivors (3072K)
 Metaspace       used 3172K, capacity 4620K, committed 4864K, reserved 1056768K
  class space    used 337K, capacity 392K, committed 512K, reserved 1048576K
}
 [Times: user=0.10 sys=0.01, real=0.01 secs] 
{Heap before GC invocations=7 (full 0):
 garbage-first heap   total 262144K, used 99328K [0x00000007a0000000, 0x00000007a0100800, 0x00000007c0000000)
  region size 1024K, 26 young (26624K), 3 survivors (3072K)
 Metaspace       used 3172K, capacity 4620K, committed 4864K, reserved 1056768K
  class space    used 337K, capacity 392K, committed 512K, reserved 1048576K
2020-12-03T18:16:30.869-0800: 10.570: [GC pause (G1 Evacuation Pause) (young), 0.0202829 secs]
   [Parallel Time: 19.0 ms, GC Workers: 8]
      [GC Worker Start (ms): Min: 10569.6, Avg: 10569.7, Max: 10570.5, Diff: 0.9]
      [Ext Root Scanning (ms): Min: 0.0, Avg: 0.2, Max: 0.7, Diff: 0.7, Sum: 1.3]
      [Update RS (ms): Min: 0.5, Avg: 2.1, Max: 5.4, Diff: 4.9, Sum: 16.8]
         [Processed Buffers: Min: 1, Avg: 2.4, Max: 3, Diff: 2, Sum: 19]
      [Scan RS (ms): Min: 1.0, Avg: 4.7, Max: 5.9, Diff: 4.9, Sum: 37.5]
      [Code Root Scanning (ms): Min: 0.0, Avg: 0.0, Max: 0.0, Diff: 0.0, Sum: 0.0]
      [Object Copy (ms): Min: 11.8, Avg: 11.8, Max: 11.8, Diff: 0.0, Sum: 94.5]
      [Termination (ms): Min: 0.0, Avg: 0.0, Max: 0.0, Diff: 0.0, Sum: 0.0]
         [Termination Attempts: Min: 1, Avg: 1.5, Max: 3, Diff: 2, Sum: 12]
      [GC Worker Other (ms): Min: 0.0, Avg: 0.0, Max: 0.0, Diff: 0.0, Sum: 0.1]
      [GC Worker Total (ms): Min: 18.1, Avg: 18.8, Max: 18.9, Diff: 0.9, Sum: 150.3]
      [GC Worker End (ms): Min: 10588.5, Avg: 10588.5, Max: 10588.5, Diff: 0.0]
   [Code Root Fixup: 0.0 ms]
   [Code Root Purge: 0.0 ms]
   [Clear CT: 0.2 ms]
   [Other: 1.1 ms]
      [Choose CSet: 0.0 ms]
      [Ref Proc: 0.9 ms]
      [Ref Enq: 0.0 ms]
      [Redirty Cards: 0.1 ms]
      [Humongous Register: 0.0 ms]
      [Humongous Reclaim: 0.0 ms]
      [Free CSet: 0.1 ms]
   [Eden: 23.0M(23.0M)->0.0B(27.0M) Survivors: 3072.0K->4096.0K Heap: 97.0M(256.0M)->89.5M(256.0M)]
Heap after GC invocations=8 (full 0):
 garbage-first heap   total 262144K, used 91648K [0x00000007a0000000, 0x00000007a0100800, 0x00000007c0000000)
  region size 1024K, 4 young (4096K), 4 survivors (4096K)
 Metaspace       used 3172K, capacity 4620K, committed 4864K, reserved 1056768K
  class space    used 337K, capacity 392K, committed 512K, reserved 1048576K
}
 [Times: user=0.13 sys=0.01, real=0.02 secs] 
{Heap before GC invocations=8 (full 0):
 garbage-first heap   total 262144K, used 119296K [0x00000007a0000000, 0x00000007a0100800, 0x00000007c0000000)
  region size 1024K, 31 young (31744K), 4 survivors (4096K)
 Metaspace       used 3172K, capacity 4620K, committed 4864K, reserved 1056768K
  class space    used 337K, capacity 392K, committed 512K, reserved 1048576K
2020-12-03T18:16:30.919-0800: 10.619: [GC pause (G1 Evacuation Pause) (young), 0.0219185 secs]
   [Parallel Time: 21.2 ms, GC Workers: 8]
      [GC Worker Start (ms): Min: 10619.2, Avg: 10619.2, Max: 10619.3, Diff: 0.1]
      [Ext Root Scanning (ms): Min: 0.0, Avg: 0.1, Max: 0.1, Diff: 0.1, Sum: 0.8]
      [Update RS (ms): Min: 1.0, Avg: 1.3, Max: 1.6, Diff: 0.6, Sum: 10.1]
         [Processed Buffers: Min: 2, Avg: 2.8, Max: 3, Diff: 1, Sum: 22]
      [Scan RS (ms): Min: 5.4, Avg: 5.8, Max: 6.0, Diff: 0.6, Sum: 46.1]
      [Code Root Scanning (ms): Min: 0.0, Avg: 0.0, Max: 0.0, Diff: 0.0, Sum: 0.0]
      [Object Copy (ms): Min: 14.0, Avg: 14.0, Max: 14.0, Diff: 0.0, Sum: 111.8]
      [Termination (ms): Min: 0.0, Avg: 0.0, Max: 0.0, Diff: 0.0, Sum: 0.1]
         [Termination Attempts: Min: 1, Avg: 2.1, Max: 4, Diff: 3, Sum: 17]
      [GC Worker Other (ms): Min: 0.0, Avg: 0.0, Max: 0.0, Diff: 0.0, Sum: 0.1]
      [GC Worker Total (ms): Min: 21.0, Avg: 21.1, Max: 21.2, Diff: 0.1, Sum: 168.9]
      [GC Worker End (ms): Min: 10640.3, Avg: 10640.4, Max: 10640.4, Diff: 0.0]
   [Code Root Fixup: 0.0 ms]
   [Code Root Purge: 0.0 ms]
   [Clear CT: 0.1 ms]
   [Other: 0.6 ms]
      [Choose CSet: 0.0 ms]
      [Ref Proc: 0.3 ms]
      [Ref Enq: 0.0 ms]
      [Redirty Cards: 0.1 ms]
      [Humongous Register: 0.0 ms]
      [Humongous Reclaim: 0.0 ms]
      [Free CSet: 0.1 ms]
   [Eden: 27.0M(27.0M)->0.0B(31.0M) Survivors: 4096.0K->4096.0K Heap: 116.5M(256.0M)->109.0M(256.0M)]
Heap after GC invocations=9 (full 0):
 garbage-first heap   total 262144K, used 111616K [0x00000007a0000000, 0x00000007a0100800, 0x00000007c0000000)
  region size 1024K, 4 young (4096K), 4 survivors (4096K)
 Metaspace       used 3172K, capacity 4620K, committed 4864K, reserved 1056768K
  class space    used 337K, capacity 392K, committed 512K, reserved 1048576K
}
 [Times: user=0.14 sys=0.01, real=0.03 secs] 
{Heap before GC invocations=9 (full 0):
 garbage-first heap   total 262144K, used 111616K [0x00000007a0000000, 0x00000007a0100800, 0x00000007c0000000)
  region size 1024K, 5 young (5120K), 4 survivors (4096K)
 Metaspace       used 3172K, capacity 4620K, committed 4864K, reserved 1056768K
  class space    used 337K, capacity 392K, committed 512K, reserved 1048576K
2020-12-03T18:16:30.942-0800: 10.642: [GC pause (G1 Humongous Allocation) (young) (initial-mark), 0.0131583 secs]
   [Parallel Time: 12.6 ms, GC Workers: 8]
      [GC Worker Start (ms): Min: 10642.2, Avg: 10642.3, Max: 10642.3, Diff: 0.1]
      [Ext Root Scanning (ms): Min: 0.1, Avg: 0.1, Max: 0.2, Diff: 0.1, Sum: 0.9]
      [Update RS (ms): Min: 8.9, Avg: 9.2, Max: 9.8, Diff: 0.9, Sum: 73.5]
         [Processed Buffers: Min: 15, Avg: 19.2, Max: 23, Diff: 8, Sum: 154]
      [Scan RS (ms): Min: 0.0, Avg: 0.3, Max: 0.5, Diff: 0.5, Sum: 2.6]
      [Code Root Scanning (ms): Min: 0.0, Avg: 0.0, Max: 0.0, Diff: 0.0, Sum: 0.0]
      [Object Copy (ms): Min: 2.5, Avg: 2.8, Max: 2.9, Diff: 0.4, Sum: 22.6]
      [Termination (ms): Min: 0.0, Avg: 0.0, Max: 0.0, Diff: 0.0, Sum: 0.0]
         [Termination Attempts: Min: 1, Avg: 1.0, Max: 1, Diff: 0, Sum: 8]
      [GC Worker Other (ms): Min: 0.0, Avg: 0.0, Max: 0.0, Diff: 0.0, Sum: 0.1]
      [GC Worker Total (ms): Min: 12.4, Avg: 12.5, Max: 12.5, Diff: 0.1, Sum: 99.7]
      [GC Worker End (ms): Min: 10654.8, Avg: 10654.8, Max: 10654.8, Diff: 0.0]
   [Code Root Fixup: 0.0 ms]
   [Code Root Purge: 0.0 ms]
   [Clear CT: 0.1 ms]
   [Other: 0.5 ms]
      [Choose CSet: 0.0 ms]
      [Ref Proc: 0.3 ms]
      [Ref Enq: 0.0 ms]
      [Redirty Cards: 0.2 ms]
      [Humongous Register: 0.0 ms]
      [Humongous Reclaim: 0.0 ms]
      [Free CSet: 0.0 ms]
   [Eden: 1024.0K(31.0M)->0.0B(48.0M) Survivors: 4096.0K->4096.0K Heap: 109.5M(256.0M)->112.9M(256.0M)]
Heap after GC invocations=10 (full 0):
 garbage-first heap   total 262144K, used 115563K [0x00000007a0000000, 0x00000007a0100800, 0x00000007c0000000)
  region size 1024K, 4 young (4096K), 4 survivors (4096K)
 Metaspace       used 3172K, capacity 4620K, committed 4864K, reserved 1056768K
  class space    used 337K, capacity 392K, committed 512K, reserved 1048576K
}
 [Times: user=0.09 sys=0.01, real=0.01 secs] 
2020-12-03T18:16:30.955-0800: 10.655: [GC concurrent-root-region-scan-start]
2020-12-03T18:16:30.955-0800: 10.656: [GC concurrent-root-region-scan-end, 0.0003167 secs]
2020-12-03T18:16:30.955-0800: 10.656: [GC concurrent-mark-start]
2020-12-03T18:16:31.080-0800: 10.781: [GC concurrent-mark-end, 0.1247754 secs]
2020-12-03T18:16:31.080-0800: 10.781: [GC remark 2020-12-03T18:16:31.080-0800: 10.781: [Finalize Marking, 0.0007428 secs] 2020-12-03T18:16:31.081-0800: 10.781: [GC ref-proc, 0.0001119 secs] 2020-12-03T18:16:31.081-0800: 10.782: [Unloading, 0.0004432 secs], 0.0017317 secs]
 [Times: user=0.01 sys=0.00, real=0.00 secs] 
2020-12-03T18:16:31.082-0800: 10.783: [GC cleanup 158M->154M(256M), 0.0005853 secs]
 [Times: user=0.00 sys=0.00, real=0.00 secs] 
2020-12-03T18:16:31.083-0800: 10.783: [GC concurrent-cleanup-start]
2020-12-03T18:16:31.083-0800: 10.783: [GC concurrent-cleanup-end, 0.0000108 secs]
{Heap before GC invocations=11 (full 0):
 garbage-first heap   total 262144K, used 159083K [0x00000007a0000000, 0x00000007a0100800, 0x00000007c0000000)
  region size 1024K, 42 young (43008K), 4 survivors (4096K)
 Metaspace       used 3173K, capacity 4620K, committed 4864K, reserved 1056768K
  class space    used 337K, capacity 392K, committed 512K, reserved 1048576K
2020-12-03T18:16:41.046-0800: 20.746: [GC pause (G1 Evacuation Pause) (young), 0.0376229 secs]
   [Parallel Time: 36.8 ms, GC Workers: 8]
      [GC Worker Start (ms): Min: 20746.3, Avg: 20746.4, Max: 20746.5, Diff: 0.2]
      [Ext Root Scanning (ms): Min: 0.2, Avg: 0.3, Max: 0.4, Diff: 0.2, Sum: 2.5]
      [Update RS (ms): Min: 3.5, Avg: 3.9, Max: 4.4, Diff: 0.9, Sum: 31.1]
         [Processed Buffers: Min: 2, Avg: 2.6, Max: 4, Diff: 2, Sum: 21]
      [Scan RS (ms): Min: 12.8, Avg: 13.4, Max: 13.9, Diff: 1.1, Sum: 107.3]
      [Code Root Scanning (ms): Min: 0.0, Avg: 0.0, Max: 0.0, Diff: 0.0, Sum: 0.0]
      [Object Copy (ms): Min: 18.9, Avg: 19.0, Max: 19.1, Diff: 0.2, Sum: 151.7]
      [Termination (ms): Min: 0.0, Avg: 0.0, Max: 0.0, Diff: 0.0, Sum: 0.1]
         [Termination Attempts: Min: 1, Avg: 1.0, Max: 1, Diff: 0, Sum: 8]
      [GC Worker Other (ms): Min: 0.0, Avg: 0.0, Max: 0.0, Diff: 0.0, Sum: 0.1]
      [GC Worker Total (ms): Min: 36.5, Avg: 36.6, Max: 36.7, Diff: 0.2, Sum: 292.8]
      [GC Worker End (ms): Min: 20783.0, Avg: 20783.0, Max: 20783.0, Diff: 0.0]
   [Code Root Fixup: 0.0 ms]
   [Code Root Purge: 0.0 ms]
   [Clear CT: 0.1 ms]
   [Other: 0.7 ms]
      [Choose CSet: 0.0 ms]
      [Ref Proc: 0.3 ms]
      [Ref Enq: 0.0 ms]
      [Redirty Cards: 0.1 ms]
      [Humongous Register: 0.0 ms]
      [Humongous Reclaim: 0.0 ms]
      [Free CSet: 0.2 ms]
   [Eden: 38.0M(35.0M)->0.0B(7168.0K) Survivors: 4096.0K->5120.0K Heap: 155.4M(256.0M)->139.5M(256.0M)]
Heap after GC invocations=12 (full 0):
 garbage-first heap   total 262144K, used 142848K [0x00000007a0000000, 0x00000007a0100800, 0x00000007c0000000)
  region size 1024K, 5 young (5120K), 5 survivors (5120K)
 Metaspace       used 3173K, capacity 4620K, committed 4864K, reserved 1056768K
  class space    used 337K, capacity 392K, committed 512K, reserved 1048576K
}
 [Times: user=0.25 sys=0.01, real=0.04 secs] 
{Heap before GC invocations=12 (full 0):
 garbage-first heap   total 262144K, used 150016K [0x00000007a0000000, 0x00000007a0100800, 0x00000007c0000000)
  region size 1024K, 12 young (12288K), 5 survivors (5120K)
 Metaspace       used 3173K, capacity 4620K, committed 4864K, reserved 1056768K
  class space    used 337K, capacity 392K, committed 512K, reserved 1048576K
2020-12-03T18:16:41.101-0800: 20.801: [GC pause (G1 Evacuation Pause) (mixed), 0.0112047 secs]
   [Parallel Time: 10.6 ms, GC Workers: 8]
      [GC Worker Start (ms): Min: 20801.1, Avg: 20801.2, Max: 20801.4, Diff: 0.3]
      [Ext Root Scanning (ms): Min: 0.0, Avg: 0.1, Max: 0.1, Diff: 0.1, Sum: 0.7]
      [Update RS (ms): Min: 1.1, Avg: 1.3, Max: 2.0, Diff: 0.8, Sum: 10.6]
         [Processed Buffers: Min: 1, Avg: 3.0, Max: 4, Diff: 3, Sum: 24]
      [Scan RS (ms): Min: 3.4, Avg: 4.1, Max: 4.2, Diff: 0.8, Sum: 32.8]
      [Code Root Scanning (ms): Min: 0.0, Avg: 0.0, Max: 0.0, Diff: 0.0, Sum: 0.0]
      [Object Copy (ms): Min: 4.9, Avg: 4.9, Max: 5.0, Diff: 0.1, Sum: 39.5]
      [Termination (ms): Min: 0.0, Avg: 0.0, Max: 0.0, Diff: 0.0, Sum: 0.0]
         [Termination Attempts: Min: 1, Avg: 1.0, Max: 1, Diff: 0, Sum: 8]
      [GC Worker Other (ms): Min: 0.0, Avg: 0.0, Max: 0.0, Diff: 0.0, Sum: 0.1]
      [GC Worker Total (ms): Min: 10.2, Avg: 10.5, Max: 10.5, Diff: 0.3, Sum: 83.6]
      [GC Worker End (ms): Min: 20811.6, Avg: 20811.6, Max: 20811.6, Diff: 0.0]
   [Code Root Fixup: 0.0 ms]
   [Code Root Purge: 0.0 ms]
   [Clear CT: 0.1 ms]
   [Other: 0.5 ms]
      [Choose CSet: 0.0 ms]
      [Ref Proc: 0.2 ms]
      [Ref Enq: 0.0 ms]
      [Redirty Cards: 0.1 ms]
      [Humongous Register: 0.0 ms]
      [Humongous Reclaim: 0.0 ms]
      [Free CSet: 0.0 ms]
   [Eden: 7168.0K(7168.0K)->0.0B(50.0M) Survivors: 5120.0K->2048.0K Heap: 146.5M(256.0M)->138.0M(256.0M)]
Heap after GC invocations=13 (full 0):
 garbage-first heap   total 262144K, used 141312K [0x00000007a0000000, 0x00000007a0100800, 0x00000007c0000000)
  region size 1024K, 2 young (2048K), 2 survivors (2048K)
 Metaspace       used 3173K, capacity 4620K, committed 4864K, reserved 1056768K
  class space    used 337K, capacity 392K, committed 512K, reserved 1048576K
}
 [Times: user=0.08 sys=0.01, real=0.01 secs] 
{Heap before GC invocations=13 (full 0):
 garbage-first heap   total 262144K, used 192512K [0x00000007a0000000, 0x00000007a0100800, 0x00000007c0000000)
  region size 1024K, 52 young (53248K), 2 survivors (2048K)
 Metaspace       used 3173K, capacity 4620K, committed 4864K, reserved 1056768K
  class space    used 337K, capacity 392K, committed 512K, reserved 1048576K
2020-12-03T18:16:41.179-0800: 20.880: [GC pause (G1 Evacuation Pause) (young), 0.0284255 secs]
   [Parallel Time: 27.2 ms, GC Workers: 8]
      [GC Worker Start (ms): Min: 20879.6, Avg: 20879.7, Max: 20879.7, Diff: 0.1]
      [Ext Root Scanning (ms): Min: 0.1, Avg: 0.1, Max: 0.2, Diff: 0.1, Sum: 0.8]
      [Update RS (ms): Min: 0.8, Avg: 1.0, Max: 1.2, Diff: 0.4, Sum: 8.3]
         [Processed Buffers: Min: 2, Avg: 3.0, Max: 4, Diff: 2, Sum: 24]
      [Scan RS (ms): Min: 17.0, Avg: 17.1, Max: 17.3, Diff: 0.3, Sum: 137.1]
      [Code Root Scanning (ms): Min: 0.0, Avg: 0.0, Max: 0.0, Diff: 0.0, Sum: 0.0]
      [Object Copy (ms): Min: 8.1, Avg: 8.3, Max: 8.8, Diff: 0.6, Sum: 66.3]
      [Termination (ms): Min: 0.0, Avg: 0.5, Max: 0.6, Diff: 0.6, Sum: 4.1]
         [Termination Attempts: Min: 1, Avg: 15.1, Max: 24, Diff: 23, Sum: 121]
      [GC Worker Other (ms): Min: 0.0, Avg: 0.0, Max: 0.0, Diff: 0.0, Sum: 0.1]
      [GC Worker Total (ms): Min: 27.1, Avg: 27.1, Max: 27.2, Diff: 0.1, Sum: 216.7]
      [GC Worker End (ms): Min: 20906.8, Avg: 20906.8, Max: 20906.8, Diff: 0.0]
   [Code Root Fixup: 0.0 ms]
   [Code Root Purge: 0.0 ms]
   [Clear CT: 0.1 ms]
   [Other: 1.1 ms]
      [Choose CSet: 0.0 ms]
      [Ref Proc: 0.8 ms]
      [Ref Enq: 0.0 ms]
      [Redirty Cards: 0.2 ms]
      [Humongous Register: 0.0 ms]
      [Humongous Reclaim: 0.0 ms]
      [Free CSet: 0.1 ms]
   [Eden: 50.0M(50.0M)->0.0B(26.0M) Survivors: 2048.0K->7168.0K Heap: 188.0M(256.0M)->142.8M(256.0M)]
Heap after GC invocations=14 (full 0):
 garbage-first heap   total 262144K, used 146220K [0x00000007a0000000, 0x00000007a0100800, 0x00000007c0000000)
  region size 1024K, 7 young (7168K), 7 survivors (7168K)
 Metaspace       used 3173K, capacity 4620K, committed 4864K, reserved 1056768K
  class space    used 337K, capacity 392K, committed 512K, reserved 1048576K
}
 [Times: user=0.20 sys=0.01, real=0.03 secs] 
{Heap before GC invocations=14 (full 0):
 garbage-first heap   total 262144K, used 172844K [0x00000007a0000000, 0x00000007a0100800, 0x00000007c0000000)
  region size 1024K, 33 young (33792K), 7 survivors (7168K)
 Metaspace       used 3173K, capacity 4620K, committed 4864K, reserved 1056768K
  class space    used 337K, capacity 392K, committed 512K, reserved 1048576K
2020-12-03T18:16:41.256-0800: 20.956: [GC pause (G1 Evacuation Pause) (young) (initial-mark), 0.0420257 secs]
   [Parallel Time: 40.7 ms, GC Workers: 8]
      [GC Worker Start (ms): Min: 20956.0, Avg: 20956.0, Max: 20956.1, Diff: 0.1]
      [Ext Root Scanning (ms): Min: 0.1, Avg: 0.1, Max: 0.2, Diff: 0.1, Sum: 0.8]
      [Update RS (ms): Min: 1.1, Avg: 1.5, Max: 3.3, Diff: 2.2, Sum: 11.8]
         [Processed Buffers: Min: 3, Avg: 3.2, Max: 4, Diff: 1, Sum: 26]
      [Scan RS (ms): Min: 25.5, Avg: 27.4, Max: 27.8, Diff: 2.2, Sum: 218.8]
      [Code Root Scanning (ms): Min: 0.0, Avg: 0.0, Max: 0.0, Diff: 0.0, Sum: 0.0]
      [Object Copy (ms): Min: 11.6, Avg: 11.6, Max: 11.6, Diff: 0.1, Sum: 92.7]
      [Termination (ms): Min: 0.0, Avg: 0.1, Max: 0.1, Diff: 0.1, Sum: 0.4]
         [Termination Attempts: Min: 1, Avg: 72.9, Max: 97, Diff: 96, Sum: 583]
      [GC Worker Other (ms): Min: 0.0, Avg: 0.0, Max: 0.0, Diff: 0.0, Sum: 0.1]
      [GC Worker Total (ms): Min: 40.5, Avg: 40.6, Max: 40.7, Diff: 0.1, Sum: 324.6]
      [GC Worker End (ms): Min: 20996.6, Avg: 20996.6, Max: 20996.6, Diff: 0.0]
   [Code Root Fixup: 0.0 ms]
   [Code Root Purge: 0.0 ms]
   [Clear CT: 0.1 ms]
   [Other: 1.2 ms]
      [Choose CSet: 0.0 ms]
      [Ref Proc: 0.8 ms]
      [Ref Enq: 0.0 ms]
      [Redirty Cards: 0.2 ms]
      [Humongous Register: 0.0 ms]
      [Humongous Reclaim: 0.0 ms]
      [Free CSet: 0.1 ms]
   [Eden: 26.0M(26.0M)->0.0B(8192.0K) Survivors: 7168.0K->4096.0K Heap: 168.8M(256.0M)->148.8M(256.0M)]
Heap after GC invocations=15 (full 0):
 garbage-first heap   total 262144K, used 152351K [0x00000007a0000000, 0x00000007a0100800, 0x00000007c0000000)
  region size 1024K, 4 young (4096K), 4 survivors (4096K)
 Metaspace       used 3173K, capacity 4620K, committed 4864K, reserved 1056768K
  class space    used 337K, capacity 392K, committed 512K, reserved 1048576K
}
 [Times: user=0.28 sys=0.00, real=0.04 secs] 
2020-12-03T18:16:41.298-0800: 20.998: [GC concurrent-root-region-scan-start]
2020-12-03T18:16:41.300-0800: 21.000: [GC concurrent-root-region-scan-end, 0.0021939 secs]
2020-12-03T18:16:41.300-0800: 21.000: [GC concurrent-mark-start]
{Heap before GC invocations=15 (full 0):
 garbage-first heap   total 262144K, used 160543K [0x00000007a0000000, 0x00000007a0100800, 0x00000007c0000000)
  region size 1024K, 12 young (12288K), 4 survivors (4096K)
 Metaspace       used 3173K, capacity 4620K, committed 4864K, reserved 1056768K
  class space    used 337K, capacity 392K, committed 512K, reserved 1048576K
2020-12-03T18:16:41.362-0800: 21.062: [GC pause (G1 Evacuation Pause) (young), 0.0184741 secs]
   [Parallel Time: 17.6 ms, GC Workers: 8]
      [GC Worker Start (ms): Min: 21062.4, Avg: 21062.6, Max: 21063.4, Diff: 0.9]
      [Ext Root Scanning (ms): Min: 0.0, Avg: 0.1, Max: 0.1, Diff: 0.1, Sum: 0.6]
      [Update RS (ms): Min: 0.6, Avg: 1.4, Max: 1.5, Diff: 0.9, Sum: 10.9]
         [Processed Buffers: Min: 3, Avg: 4.0, Max: 5, Diff: 2, Sum: 32]
      [Scan RS (ms): Min: 10.6, Avg: 10.8, Max: 11.3, Diff: 0.7, Sum: 86.8]
      [Code Root Scanning (ms): Min: 0.0, Avg: 0.0, Max: 0.0, Diff: 0.0, Sum: 0.0]
      [Object Copy (ms): Min: 4.6, Avg: 5.0, Max: 5.3, Diff: 0.7, Sum: 40.2]
      [Termination (ms): Min: 0.0, Avg: 0.0, Max: 0.0, Diff: 0.0, Sum: 0.1]
         [Termination Attempts: Min: 1, Avg: 17.0, Max: 26, Diff: 25, Sum: 136]
      [GC Worker Other (ms): Min: 0.0, Avg: 0.0, Max: 0.1, Diff: 0.1, Sum: 0.1]
      [GC Worker Total (ms): Min: 16.6, Avg: 17.3, Max: 17.5, Diff: 0.9, Sum: 138.8]
      [GC Worker End (ms): Min: 21080.0, Avg: 21080.0, Max: 21080.0, Diff: 0.0]
   [Code Root Fixup: 0.0 ms]
   [Code Root Purge: 0.0 ms]
   [Clear CT: 0.1 ms]
   [Other: 0.8 ms]
      [Choose CSet: 0.0 ms]
      [Ref Proc: 0.5 ms]
      [Ref Enq: 0.0 ms]
      [Redirty Cards: 0.1 ms]
      [Humongous Register: 0.0 ms]
      [Humongous Reclaim: 0.0 ms]
      [Free CSet: 0.0 ms]
   [Eden: 8192.0K(8192.0K)->0.0B(35.0M) Survivors: 4096.0K->2048.0K Heap: 156.8M(256.0M)->151.5M(256.0M)]
Heap after GC invocations=16 (full 0):
 garbage-first heap   total 262144K, used 155136K [0x00000007a0000000, 0x00000007a0100800, 0x00000007c0000000)
  region size 1024K, 2 young (2048K), 2 survivors (2048K)
 Metaspace       used 3173K, capacity 4620K, committed 4864K, reserved 1056768K
  class space    used 337K, capacity 392K, committed 512K, reserved 1048576K
}
 [Times: user=0.11 sys=0.00, real=0.02 secs] 
{Heap before GC invocations=16 (full 0):
 garbage-first heap   total 262144K, used 190976K [0x00000007a0000000, 0x00000007a0100800, 0x00000007c0000000)
  region size 1024K, 37 young (37888K), 2 survivors (2048K)
 Metaspace       used 3173K, capacity 4620K, committed 4864K, reserved 1056768K
  class space    used 337K, capacity 392K, committed 512K, reserved 1048576K
2020-12-03T18:16:41.442-0800: 21.143: [GC pause (G1 Evacuation Pause) (young), 0.0200170 secs]
   [Parallel Time: 18.8 ms, GC Workers: 8]
      [GC Worker Start (ms): Min: 21142.7, Avg: 21142.8, Max: 21142.8, Diff: 0.1]
      [Ext Root Scanning (ms): Min: 0.1, Avg: 0.1, Max: 0.2, Diff: 0.1, Sum: 0.8]
      [Update RS (ms): Min: 1.5, Avg: 1.7, Max: 2.0, Diff: 0.4, Sum: 13.4]
         [Processed Buffers: Min: 3, Avg: 4.0, Max: 5, Diff: 2, Sum: 32]
      [Scan RS (ms): Min: 11.8, Avg: 12.1, Max: 12.2, Diff: 0.5, Sum: 96.9]
      [Code Root Scanning (ms): Min: 0.0, Avg: 0.0, Max: 0.0, Diff: 0.0, Sum: 0.0]
      [Object Copy (ms): Min: 4.7, Avg: 4.7, Max: 4.8, Diff: 0.1, Sum: 37.8]
      [Termination (ms): Min: 0.0, Avg: 0.0, Max: 0.0, Diff: 0.0, Sum: 0.0]
         [Termination Attempts: Min: 1, Avg: 2.2, Max: 6, Diff: 5, Sum: 18]
      [GC Worker Other (ms): Min: 0.0, Avg: 0.0, Max: 0.0, Diff: 0.0, Sum: 0.1]
      [GC Worker Total (ms): Min: 18.6, Avg: 18.6, Max: 18.7, Diff: 0.1, Sum: 148.9]
      [GC Worker End (ms): Min: 21161.4, Avg: 21161.4, Max: 21161.4, Diff: 0.0]
   [Code Root Fixup: 0.0 ms]
   [Code Root Purge: 0.0 ms]
   [Clear CT: 0.1 ms]
   [Other: 1.1 ms]
      [Choose CSet: 0.0 ms]
      [Ref Proc: 0.8 ms]
      [Ref Enq: 0.0 ms]
      [Redirty Cards: 0.2 ms]
      [Humongous Register: 0.0 ms]
      [Humongous Reclaim: 0.0 ms]
      [Free CSet: 0.1 ms]
   [Eden: 35.0M(35.0M)->0.0B(56.0M) Survivors: 2048.0K->5120.0K Heap: 186.5M(256.0M)->154.4M(256.0M)]
Heap after GC invocations=17 (full 0):
 garbage-first heap   total 262144K, used 158125K [0x00000007a0000000, 0x00000007a0100800, 0x00000007c0000000)
  region size 1024K, 5 young (5120K), 5 survivors (5120K)
 Metaspace       used 3173K, capacity 4620K, committed 4864K, reserved 1056768K
  class space    used 337K, capacity 392K, committed 512K, reserved 1048576K
}
 [Times: user=0.15 sys=0.00, real=0.02 secs] 
2020-12-03T18:16:41.540-0800: 21.240: [GC concurrent-mark-end, 0.2397999 secs]
2020-12-03T18:16:41.540-0800: 21.240: [GC remark 2020-12-03T18:16:41.540-0800: 21.240: [Finalize Marking, 0.0008623 secs] 2020-12-03T18:16:41.541-0800: 21.241: [GC ref-proc, 0.0002515 secs] 2020-12-03T18:16:41.541-0800: 21.241: [Unloading, 0.0005320 secs], 0.0024003 secs]
 [Times: user=0.01 sys=0.01, real=0.00 secs] 
2020-12-03T18:16:41.542-0800: 21.243: [GC cleanup 172M->168M(256M), 0.0012507 secs]
 [Times: user=0.00 sys=0.00, real=0.00 secs] 
2020-12-03T18:16:41.544-0800: 21.244: [GC concurrent-cleanup-start]
2020-12-03T18:16:41.544-0800: 21.244: [GC concurrent-cleanup-end, 0.0000130 secs]
{Heap before GC invocations=18 (full 0):
 garbage-first heap   total 262144K, used 211373K [0x00000007a0000000, 0x00000007a0100800, 0x00000007c0000000)
  region size 1024K, 61 young (62464K), 5 survivors (5120K)
 Metaspace       used 3173K, capacity 4620K, committed 4864K, reserved 1056768K
  class space    used 337K, capacity 392K, committed 512K, reserved 1048576K
2020-12-03T18:16:51.618-0800: 31.318: [GC pause (G1 Evacuation Pause) (young), 0.0566982 secs]
   [Parallel Time: 54.5 ms, GC Workers: 8]
      [GC Worker Start (ms): Min: 31318.3, Avg: 31318.4, Max: 31318.4, Diff: 0.1]
      [Ext Root Scanning (ms): Min: 0.1, Avg: 0.1, Max: 0.2, Diff: 0.1, Sum: 1.0]
      [Update RS (ms): Min: 1.3, Avg: 1.8, Max: 1.9, Diff: 0.6, Sum: 14.2]
         [Processed Buffers: Min: 4, Avg: 4.2, Max: 6, Diff: 2, Sum: 34]
      [Scan RS (ms): Min: 31.8, Avg: 31.9, Max: 32.0, Diff: 0.2, Sum: 255.4]
      [Code Root Scanning (ms): Min: 0.0, Avg: 0.0, Max: 0.0, Diff: 0.0, Sum: 0.1]
      [Object Copy (ms): Min: 18.8, Avg: 19.1, Max: 19.5, Diff: 0.6, Sum: 152.5]
      [Termination (ms): Min: 0.0, Avg: 0.9, Max: 1.6, Diff: 1.6, Sum: 7.0]
         [Termination Attempts: Min: 1, Avg: 39.8, Max: 57, Diff: 56, Sum: 318]
      [GC Worker Other (ms): Min: 0.0, Avg: 0.0, Max: 0.0, Diff: 0.0, Sum: 0.1]
      [GC Worker Total (ms): Min: 53.4, Avg: 53.8, Max: 54.4, Diff: 1.0, Sum: 430.3]
      [GC Worker End (ms): Min: 31371.8, Avg: 31372.2, Max: 31372.8, Diff: 1.0]
   [Code Root Fixup: 0.0 ms]
   [Code Root Purge: 0.0 ms]
   [Clear CT: 0.1 ms]
   [Other: 2.1 ms]
      [Choose CSet: 0.0 ms]
      [Ref Proc: 1.4 ms]
      [Ref Enq: 0.0 ms]
      [Redirty Cards: 0.4 ms]
      [Humongous Register: 0.0 ms]
      [Humongous Reclaim: 0.0 ms]
      [Free CSet: 0.2 ms]
   [Eden: 56.0M(56.0M)->0.0B(4096.0K) Survivors: 5120.0K->8192.0K Heap: 206.4M(256.0M)->157.7M(256.0M)]
Heap after GC invocations=19 (full 0):
 garbage-first heap   total 262144K, used 161456K [0x00000007a0000000, 0x00000007a0100800, 0x00000007c0000000)
  region size 1024K, 8 young (8192K), 8 survivors (8192K)
 Metaspace       used 3173K, capacity 4620K, committed 4864K, reserved 1056768K
  class space    used 337K, capacity 392K, committed 512K, reserved 1048576K
}
 [Times: user=0.37 sys=0.01, real=0.06 secs] 
{Heap before GC invocations=19 (full 0):
 garbage-first heap   total 262144K, used 165552K [0x00000007a0000000, 0x00000007a0100800, 0x00000007c0000000)
  region size 1024K, 12 young (12288K), 8 survivors (8192K)
 Metaspace       used 3173K, capacity 4620K, committed 4864K, reserved 1056768K
  class space    used 337K, capacity 392K, committed 512K, reserved 1048576K
2020-12-03T18:16:51.711-0800: 31.411: [GC pause (G1 Evacuation Pause) (mixed), 0.0549991 secs]
   [Parallel Time: 52.8 ms, GC Workers: 8]
      [GC Worker Start (ms): Min: 31410.7, Avg: 31412.1, Max: 31414.5, Diff: 3.8]
      [Ext Root Scanning (ms): Min: 0.0, Avg: 0.0, Max: 0.2, Diff: 0.2, Sum: 0.3]
      [Update RS (ms): Min: 0.0, Avg: 1.3, Max: 2.5, Diff: 2.5, Sum: 10.4]
         [Processed Buffers: Min: 0, Avg: 3.9, Max: 8, Diff: 8, Sum: 31]
      [Scan RS (ms): Min: 28.4, Avg: 28.6, Max: 28.8, Diff: 0.4, Sum: 229.0]
      [Code Root Scanning (ms): Min: 0.0, Avg: 0.0, Max: 0.0, Diff: 0.0, Sum: 0.0]
      [Object Copy (ms): Min: 19.8, Avg: 20.9, Max: 21.5, Diff: 1.6, Sum: 167.1]
      [Termination (ms): Min: 0.0, Avg: 0.4, Max: 0.7, Diff: 0.7, Sum: 3.4]
         [Termination Attempts: Min: 1, Avg: 11.6, Max: 22, Diff: 21, Sum: 93]
      [GC Worker Other (ms): Min: 0.0, Avg: 0.0, Max: 0.0, Diff: 0.0, Sum: 0.1]
      [GC Worker Total (ms): Min: 48.9, Avg: 51.3, Max: 52.7, Diff: 3.8, Sum: 410.3]
      [GC Worker End (ms): Min: 31463.4, Avg: 31463.4, Max: 31463.5, Diff: 0.0]
   [Code Root Fixup: 0.0 ms]
   [Code Root Purge: 0.0 ms]
   [Clear CT: 0.1 ms]
   [Other: 2.1 ms]
      [Choose CSet: 0.1 ms]
      [Ref Proc: 1.4 ms]
      [Ref Enq: 0.0 ms]
      [Redirty Cards: 0.4 ms]
      [Humongous Register: 0.0 ms]
      [Humongous Reclaim: 0.0 ms]
      [Free CSet: 0.2 ms]
   [Eden: 4096.0K(4096.0K)->0.0B(59.0M) Survivors: 8192.0K->2048.0K Heap: 161.7M(256.0M)->154.4M(256.0M)]
Heap after GC invocations=20 (full 0):
 garbage-first heap   total 262144K, used 158058K [0x00000007a0000000, 0x00000007a0100800, 0x00000007c0000000)
  region size 1024K, 2 young (2048K), 2 survivors (2048K)
 Metaspace       used 3173K, capacity 4620K, committed 4864K, reserved 1056768K
  class space    used 337K, capacity 392K, committed 512K, reserved 1048576K
}
 [Times: user=0.33 sys=0.01, real=0.05 secs] 
{Heap before GC invocations=20 (full 0):
 garbage-first heap   total 262144K, used 218474K [0x00000007a0000000, 0x00000007a0100800, 0x00000007c0000000)
  region size 1024K, 61 young (62464K), 2 survivors (2048K)
 Metaspace       used 3173K, capacity 4620K, committed 4864K, reserved 1056768K
  class space    used 337K, capacity 392K, committed 512K, reserved 1048576K
2020-12-03T18:16:51.871-0800: 31.571: [GC pause (G1 Evacuation Pause) (young), 0.0337390 secs]
   [Parallel Time: 32.4 ms, GC Workers: 8]
      [GC Worker Start (ms): Min: 31570.7, Avg: 31572.0, Max: 31576.6, Diff: 5.9]
      [Ext Root Scanning (ms): Min: 0.0, Avg: 0.0, Max: 0.2, Diff: 0.2, Sum: 0.3]
      [Update RS (ms): Min: 0.0, Avg: 2.2, Max: 5.6, Diff: 5.6, Sum: 17.7]
         [Processed Buffers: Min: 0, Avg: 4.8, Max: 7, Diff: 7, Sum: 38]
      [Scan RS (ms): Min: 17.3, Avg: 20.0, Max: 20.6, Diff: 3.3, Sum: 159.9]
      [Code Root Scanning (ms): Min: 0.0, Avg: 0.0, Max: 0.0, Diff: 0.0, Sum: 0.1]
      [Object Copy (ms): Min: 6.4, Avg: 8.8, Max: 9.2, Diff: 2.7, Sum: 70.2]
      [Termination (ms): Min: 0.0, Avg: 0.0, Max: 0.0, Diff: 0.0, Sum: 0.1]
         [Termination Attempts: Min: 1, Avg: 10.9, Max: 18, Diff: 17, Sum: 87]
      [GC Worker Other (ms): Min: 0.0, Avg: 0.0, Max: 0.0, Diff: 0.0, Sum: 0.1]
      [GC Worker Total (ms): Min: 26.5, Avg: 31.0, Max: 32.3, Diff: 5.9, Sum: 248.3]
      [GC Worker End (ms): Min: 31603.0, Avg: 31603.1, Max: 31603.1, Diff: 0.0]
   [Code Root Fixup: 0.0 ms]
   [Code Root Purge: 0.0 ms]
   [Clear CT: 0.1 ms]
   [Other: 1.2 ms]
      [Choose CSet: 0.0 ms]
      [Ref Proc: 0.8 ms]
      [Ref Enq: 0.0 ms]
      [Redirty Cards: 0.2 ms]
      [Humongous Register: 0.0 ms]
      [Humongous Reclaim: 0.0 ms]
      [Free CSet: 0.2 ms]
   [Eden: 59.0M(59.0M)->0.0B(55.0M) Survivors: 2048.0K->8192.0K Heap: 213.4M(256.0M)->159.9M(256.0M)]
Heap after GC invocations=21 (full 0):
 garbage-first heap   total 262144K, used 163757K [0x00000007a0000000, 0x00000007a0100800, 0x00000007c0000000)
  region size 1024K, 8 young (8192K), 8 survivors (8192K)
 Metaspace       used 3173K, capacity 4620K, committed 4864K, reserved 1056768K
  class space    used 337K, capacity 392K, committed 512K, reserved 1048576K
}
 [Times: user=0.23 sys=0.01, real=0.03 secs] 
{Heap before GC invocations=21 (full 0):
 garbage-first heap   total 262144K, used 220077K [0x00000007a0000000, 0x00000007a0100800, 0x00000007c0000000)
  region size 1024K, 63 young (64512K), 8 survivors (8192K)
 Metaspace       used 3173K, capacity 4620K, committed 4864K, reserved 1056768K
  class space    used 337K, capacity 392K, committed 512K, reserved 1048576K
2020-12-03T18:16:51.987-0800: 31.687: [GC pause (G1 Evacuation Pause) (young) (initial-mark), 0.0658332 secs]
   [Parallel Time: 64.1 ms, GC Workers: 8]
      [GC Worker Start (ms): Min: 31686.9, Avg: 31686.9, Max: 31687.0, Diff: 0.1]
      [Ext Root Scanning (ms): Min: 0.1, Avg: 0.1, Max: 0.2, Diff: 0.1, Sum: 0.9]
      [Update RS (ms): Min: 2.6, Avg: 2.7, Max: 3.0, Diff: 0.4, Sum: 22.0]
         [Processed Buffers: Min: 4, Avg: 5.4, Max: 6, Diff: 2, Sum: 43]
      [Scan RS (ms): Min: 38.3, Avg: 38.5, Max: 38.7, Diff: 0.4, Sum: 308.2]
      [Code Root Scanning (ms): Min: 0.0, Avg: 0.0, Max: 0.0, Diff: 0.0, Sum: 0.1]
      [Object Copy (ms): Min: 21.8, Avg: 22.0, Max: 22.5, Diff: 0.7, Sum: 176.1]
      [Termination (ms): Min: 0.0, Avg: 0.6, Max: 0.8, Diff: 0.8, Sum: 4.5]
         [Termination Attempts: Min: 1, Avg: 4.4, Max: 10, Diff: 9, Sum: 35]
      [GC Worker Other (ms): Min: 0.0, Avg: 0.0, Max: 0.0, Diff: 0.0, Sum: 0.1]
      [GC Worker Total (ms): Min: 63.9, Avg: 64.0, Max: 64.1, Diff: 0.2, Sum: 511.8]
      [GC Worker End (ms): Min: 31750.9, Avg: 31750.9, Max: 31751.0, Diff: 0.1]
   [Code Root Fixup: 0.0 ms]
   [Code Root Purge: 0.0 ms]
   [Clear CT: 0.1 ms]
   [Other: 1.6 ms]
      [Choose CSet: 0.0 ms]
      [Ref Proc: 0.9 ms]
      [Ref Enq: 0.0 ms]
      [Redirty Cards: 0.4 ms]
      [Humongous Register: 0.0 ms]
      [Humongous Reclaim: 0.0 ms]
      [Free CSet: 0.2 ms]
   [Eden: 55.0M(55.0M)->0.0B(7168.0K) Survivors: 8192.0K->8192.0K Heap: 214.9M(256.0M)->177.3M(256.0M)]
Heap after GC invocations=22 (full 0):
 garbage-first heap   total 262144K, used 181599K [0x00000007a0000000, 0x00000007a0100800, 0x00000007c0000000)
  region size 1024K, 8 young (8192K), 8 survivors (8192K)
 Metaspace       used 3173K, capacity 4620K, committed 4864K, reserved 1056768K
  class space    used 337K, capacity 392K, committed 512K, reserved 1048576K
}
 [Times: user=0.45 sys=0.00, real=0.07 secs] 
2020-12-03T18:16:52.053-0800: 31.753: [GC concurrent-root-region-scan-start]
2020-12-03T18:16:52.059-0800: 31.759: [GC concurrent-root-region-scan-end, 0.0061671 secs]
2020-12-03T18:16:52.059-0800: 31.759: [GC concurrent-mark-start]
{Heap before GC invocations=22 (full 0):
 garbage-first heap   total 262144K, used 188767K [0x00000007a0000000, 0x00000007a0100800, 0x00000007c0000000)
  region size 1024K, 15 young (15360K), 8 survivors (8192K)
 Metaspace       used 3173K, capacity 4620K, committed 4864K, reserved 1056768K
  class space    used 337K, capacity 392K, committed 512K, reserved 1048576K
2020-12-03T18:16:52.129-0800: 31.829: [GC pause (G1 Evacuation Pause) (young), 0.0314401 secs]
   [Parallel Time: 30.0 ms, GC Workers: 8]
      [GC Worker Start (ms): Min: 31828.7, Avg: 31829.2, Max: 31829.7, Diff: 1.0]
      [Ext Root Scanning (ms): Min: 0.0, Avg: 0.1, Max: 0.2, Diff: 0.2, Sum: 0.5]
      [Update RS (ms): Min: 2.3, Avg: 2.8, Max: 3.3, Diff: 1.1, Sum: 22.6]
         [Processed Buffers: Min: 4, Avg: 6.2, Max: 8, Diff: 4, Sum: 50]
      [Scan RS (ms): Min: 12.9, Avg: 13.2, Max: 13.4, Diff: 0.5, Sum: 105.4]
      [Code Root Scanning (ms): Min: 0.0, Avg: 0.0, Max: 0.0, Diff: 0.0, Sum: 0.0]
      [Object Copy (ms): Min: 12.8, Avg: 12.9, Max: 13.4, Diff: 0.6, Sum: 103.4]
      [Termination (ms): Min: 0.0, Avg: 0.4, Max: 0.6, Diff: 0.6, Sum: 3.1]
         [Termination Attempts: Min: 1, Avg: 1.4, Max: 3, Diff: 2, Sum: 11]
      [GC Worker Other (ms): Min: 0.0, Avg: 0.0, Max: 0.0, Diff: 0.0, Sum: 0.1]
      [GC Worker Total (ms): Min: 29.0, Avg: 29.4, Max: 29.8, Diff: 0.9, Sum: 235.1]
      [GC Worker End (ms): Min: 31858.5, Avg: 31858.5, Max: 31858.7, Diff: 0.2]
   [Code Root Fixup: 0.0 ms]
   [Code Root Purge: 0.0 ms]
   [Clear CT: 0.1 ms]
   [Other: 1.3 ms]
      [Choose CSet: 0.0 ms]
      [Ref Proc: 0.9 ms]
      [Ref Enq: 0.0 ms]
      [Redirty Cards: 0.2 ms]
      [Humongous Register: 0.0 ms]
      [Humongous Reclaim: 0.0 ms]
      [Free CSet: 0.1 ms]
   [Eden: 7168.0K(7168.0K)->0.0B(34.0M) Survivors: 8192.0K->2048.0K Heap: 184.3M(256.0M)->184.0M(256.0M)]
Heap after GC invocations=23 (full 0):
 garbage-first heap   total 262144K, used 188416K [0x00000007a0000000, 0x00000007a0100800, 0x00000007c0000000)
  region size 1024K, 2 young (2048K), 2 survivors (2048K)
 Metaspace       used 3173K, capacity 4620K, committed 4864K, reserved 1056768K
  class space    used 337K, capacity 392K, committed 512K, reserved 1048576K
}
 [Times: user=0.20 sys=0.00, real=0.04 secs] 
{Heap before GC invocations=23 (full 0):
 garbage-first heap   total 262144K, used 223232K [0x00000007a0000000, 0x00000007a0100800, 0x00000007c0000000)
  region size 1024K, 36 young (36864K), 2 survivors (2048K)
 Metaspace       used 3173K, capacity 4620K, committed 4864K, reserved 1056768K
  class space    used 337K, capacity 392K, committed 512K, reserved 1048576K
2020-12-03T18:16:52.221-0800: 31.921: [GC pause (G1 Evacuation Pause) (young), 0.0317558 secs]
   [Parallel Time: 30.3 ms, GC Workers: 8]
      [GC Worker Start (ms): Min: 31920.8, Avg: 31920.9, Max: 31920.9, Diff: 0.1]
      [Ext Root Scanning (ms): Min: 0.1, Avg: 0.1, Max: 0.2, Diff: 0.1, Sum: 0.9]
      [Update RS (ms): Min: 3.7, Avg: 3.8, Max: 4.1, Diff: 0.5, Sum: 30.7]
         [Processed Buffers: Min: 7, Avg: 7.6, Max: 9, Diff: 2, Sum: 61]
      [Scan RS (ms): Min: 6.6, Avg: 7.0, Max: 7.7, Diff: 1.1, Sum: 56.0]
      [Code Root Scanning (ms): Min: 0.0, Avg: 0.0, Max: 0.0, Diff: 0.0, Sum: 0.0]
      [Object Copy (ms): Min: 18.1, Avg: 18.7, Max: 19.3, Diff: 1.3, Sum: 149.9]
      [Termination (ms): Min: 0.0, Avg: 0.6, Max: 0.7, Diff: 0.6, Sum: 4.5]
         [Termination Attempts: Min: 1, Avg: 1.5, Max: 2, Diff: 1, Sum: 12]
      [GC Worker Other (ms): Min: 0.0, Avg: 0.0, Max: 0.0, Diff: 0.0, Sum: 0.1]
      [GC Worker Total (ms): Min: 30.2, Avg: 30.3, Max: 30.3, Diff: 0.1, Sum: 242.1]
      [GC Worker End (ms): Min: 31951.1, Avg: 31951.1, Max: 31951.2, Diff: 0.0]
   [Code Root Fixup: 0.0 ms]
   [Code Root Purge: 0.0 ms]
   [Clear CT: 0.1 ms]
   [Other: 1.3 ms]
      [Choose CSet: 0.0 ms]
      [Ref Proc: 0.9 ms]
      [Ref Enq: 0.0 ms]
      [Redirty Cards: 0.1 ms]
      [Humongous Register: 0.0 ms]
      [Humongous Reclaim: 0.0 ms]
      [Free CSet: 0.2 ms]
   [Eden: 34.0M(34.0M)->0.0B(13.0M) Survivors: 2048.0K->5120.0K Heap: 218.0M(256.0M)->208.0M(256.0M)]
Heap after GC invocations=24 (full 0):
 garbage-first heap   total 262144K, used 212992K [0x00000007a0000000, 0x00000007a0100800, 0x00000007c0000000)
  region size 1024K, 5 young (5120K), 5 survivors (5120K)
 Metaspace       used 3173K, capacity 4620K, committed 4864K, reserved 1056768K
  class space    used 337K, capacity 392K, committed 512K, reserved 1048576K
}
 [Times: user=0.20 sys=0.00, real=0.03 secs] 
{Heap before GC invocations=24 (full 0):
 garbage-first heap   total 262144K, used 226304K [0x00000007a0000000, 0x00000007a0100800, 0x00000007c0000000)
  region size 1024K, 18 young (18432K), 5 survivors (5120K)
 Metaspace       used 3173K, capacity 4620K, committed 4864K, reserved 1056768K
  class space    used 337K, capacity 392K, committed 512K, reserved 1048576K
2020-12-03T18:16:52.284-0800: 31.984: [GC pause (G1 Evacuation Pause) (young), 0.0181922 secs]
   [Parallel Time: 17.0 ms, GC Workers: 8]
      [GC Worker Start (ms): Min: 31983.8, Avg: 31983.9, Max: 31984.2, Diff: 0.4]
      [Ext Root Scanning (ms): Min: 0.0, Avg: 0.1, Max: 0.2, Diff: 0.2, Sum: 0.9]
      [Update RS (ms): Min: 4.7, Avg: 5.6, Max: 10.4, Diff: 5.8, Sum: 44.9]
         [Processed Buffers: Min: 0, Avg: 7.1, Max: 10, Diff: 10, Sum: 57]
      [Scan RS (ms): Min: 0.0, Avg: 1.8, Max: 2.3, Diff: 2.3, Sum: 14.6]
      [Code Root Scanning (ms): Min: 0.0, Avg: 0.0, Max: 0.0, Diff: 0.0, Sum: 0.0]
      [Object Copy (ms): Min: 5.6, Avg: 8.7, Max: 9.6, Diff: 4.0, Sum: 69.3]
      [Termination (ms): Min: 0.0, Avg: 0.6, Max: 0.7, Diff: 0.7, Sum: 4.6]
         [Termination Attempts: Min: 1, Avg: 4.4, Max: 7, Diff: 6, Sum: 35]
      [GC Worker Other (ms): Min: 0.0, Avg: 0.0, Max: 0.0, Diff: 0.0, Sum: 0.1]
      [GC Worker Total (ms): Min: 16.4, Avg: 16.8, Max: 16.9, Diff: 0.5, Sum: 134.4]
      [GC Worker End (ms): Min: 32000.7, Avg: 32000.7, Max: 32000.7, Diff: 0.0]
   [Code Root Fixup: 0.0 ms]
   [Code Root Purge: 0.0 ms]
   [Clear CT: 0.1 ms]
   [Other: 1.1 ms]
      [Choose CSet: 0.0 ms]
      [Ref Proc: 0.8 ms]
      [Ref Enq: 0.0 ms]
      [Redirty Cards: 0.1 ms]
      [Humongous Register: 0.0 ms]
      [Humongous Reclaim: 0.0 ms]
      [Free CSet: 0.1 ms]
   [Eden: 13.0M(13.0M)->0.0B(9216.0K) Survivors: 5120.0K->3072.0K Heap: 221.0M(256.0M)->217.5M(256.0M)]
Heap after GC invocations=25 (full 0):
 garbage-first heap   total 262144K, used 222720K [0x00000007a0000000, 0x00000007a0100800, 0x00000007c0000000)
  region size 1024K, 3 young (3072K), 3 survivors (3072K)
 Metaspace       used 3173K, capacity 4620K, committed 4864K, reserved 1056768K
  class space    used 337K, capacity 392K, committed 512K, reserved 1048576K
}
 [Times: user=0.12 sys=0.00, real=0.02 secs] 
{Heap before GC invocations=25 (full 0):
 garbage-first heap   total 262144K, used 231936K [0x00000007a0000000, 0x00000007a0100800, 0x00000007c0000000)
  region size 1024K, 12 young (12288K), 3 survivors (3072K)
 Metaspace       used 3173K, capacity 4620K, committed 4864K, reserved 1056768K
  class space    used 337K, capacity 392K, committed 512K, reserved 1048576K
2020-12-03T18:16:52.317-0800: 32.017: [GC pause (G1 Evacuation Pause) (young), 0.0153713 secs]
   [Parallel Time: 14.1 ms, GC Workers: 8]
      [GC Worker Start (ms): Min: 32016.8, Avg: 32016.9, Max: 32017.1, Diff: 0.3]
      [Ext Root Scanning (ms): Min: 0.0, Avg: 0.1, Max: 0.2, Diff: 0.2, Sum: 0.8]
      [Update RS (ms): Min: 5.2, Avg: 5.5, Max: 6.7, Diff: 1.6, Sum: 44.2]
         [Processed Buffers: Min: 2, Avg: 8.8, Max: 11, Diff: 9, Sum: 70]
      [Scan RS (ms): Min: 0.0, Avg: 1.2, Max: 1.5, Diff: 1.5, Sum: 9.3]
      [Code Root Scanning (ms): Min: 0.0, Avg: 0.0, Max: 0.0, Diff: 0.0, Sum: 0.0]
      [Object Copy (ms): Min: 6.4, Avg: 6.5, Max: 7.0, Diff: 0.7, Sum: 51.9]
      [Termination (ms): Min: 0.0, Avg: 0.6, Max: 0.8, Diff: 0.7, Sum: 5.0]
         [Termination Attempts: Min: 1, Avg: 1.5, Max: 3, Diff: 2, Sum: 12]
      [GC Worker Other (ms): Min: 0.0, Avg: 0.0, Max: 0.0, Diff: 0.0, Sum: 0.1]
      [GC Worker Total (ms): Min: 13.7, Avg: 13.9, Max: 14.0, Diff: 0.3, Sum: 111.2]
      [GC Worker End (ms): Min: 32030.7, Avg: 32030.8, Max: 32030.8, Diff: 0.1]
   [Code Root Fixup: 0.0 ms]
   [Code Root Purge: 0.0 ms]
   [Clear CT: 0.1 ms]
   [Other: 1.2 ms]
      [Choose CSet: 0.0 ms]
      [Ref Proc: 0.9 ms]
      [Ref Enq: 0.0 ms]
      [Redirty Cards: 0.1 ms]
      [Humongous Register: 0.0 ms]
      [Humongous Reclaim: 0.0 ms]
      [Free CSet: 0.0 ms]
   [Eden: 9216.0K(9216.0K)->0.0B(10.0M) Survivors: 3072.0K->2048.0K Heap: 226.5M(256.0M)->225.5M(256.0M)]
Heap after GC invocations=26 (full 0):
 garbage-first heap   total 262144K, used 230912K [0x00000007a0000000, 0x00000007a0100800, 0x00000007c0000000)
  region size 1024K, 2 young (2048K), 2 survivors (2048K)
 Metaspace       used 3173K, capacity 4620K, committed 4864K, reserved 1056768K
  class space    used 337K, capacity 392K, committed 512K, reserved 1048576K
}
 [Times: user=0.10 sys=0.00, real=0.02 secs] 
{Heap before GC invocations=26 (full 0):
 garbage-first heap   total 262144K, used 241152K [0x00000007a0000000, 0x00000007a0100800, 0x00000007c0000000)
  region size 1024K, 12 young (12288K), 2 survivors (2048K)
 Metaspace       used 3173K, capacity 4620K, committed 4864K, reserved 1056768K
  class space    used 337K, capacity 392K, committed 512K, reserved 1048576K
2020-12-03T18:16:52.349-0800: 32.049: [GC pause (G1 Evacuation Pause) (young), 0.0136760 secs]
   [Parallel Time: 12.4 ms, GC Workers: 8]
      [GC Worker Start (ms): Min: 32048.7, Avg: 32048.9, Max: 32049.1, Diff: 0.4]
      [Ext Root Scanning (ms): Min: 0.0, Avg: 0.1, Max: 0.2, Diff: 0.2, Sum: 0.6]
      [Update RS (ms): Min: 5.6, Avg: 6.5, Max: 8.8, Diff: 3.3, Sum: 51.8]
         [Processed Buffers: Min: 3, Avg: 9.2, Max: 12, Diff: 9, Sum: 74]
      [Scan RS (ms): Min: 0.0, Avg: 0.9, Max: 1.5, Diff: 1.5, Sum: 7.4]
      [Code Root Scanning (ms): Min: 0.0, Avg: 0.0, Max: 0.0, Diff: 0.0, Sum: 0.0]
      [Object Copy (ms): Min: 3.2, Avg: 4.6, Max: 4.8, Diff: 1.7, Sum: 36.5]
      [Termination (ms): Min: 0.0, Avg: 0.0, Max: 0.0, Diff: 0.0, Sum: 0.0]
         [Termination Attempts: Min: 1, Avg: 1.0, Max: 1, Diff: 0, Sum: 8]
      [GC Worker Other (ms): Min: 0.0, Avg: 0.0, Max: 0.0, Diff: 0.0, Sum: 0.1]
      [GC Worker Total (ms): Min: 11.8, Avg: 12.0, Max: 12.2, Diff: 0.4, Sum: 96.4]
      [GC Worker End (ms): Min: 32060.9, Avg: 32060.9, Max: 32060.9, Diff: 0.0]
   [Code Root Fixup: 0.0 ms]
   [Code Root Purge: 0.0 ms]
   [Clear CT: 0.1 ms]
   [Other: 1.2 ms]
      [Choose CSet: 0.0 ms]
      [Ref Proc: 0.9 ms]
      [Ref Enq: 0.0 ms]
      [Redirty Cards: 0.2 ms]
      [Humongous Register: 0.0 ms]
      [Humongous Reclaim: 0.0 ms]
      [Free CSet: 0.0 ms]
   [Eden: 10.0M(10.0M)->0.0B(10.0M) Survivors: 2048.0K->2048.0K Heap: 235.5M(256.0M)->233.5M(256.0M)]
Heap after GC invocations=27 (full 0):
 garbage-first heap   total 262144K, used 239104K [0x00000007a0000000, 0x00000007a0100800, 0x00000007c0000000)
  region size 1024K, 2 young (2048K), 2 survivors (2048K)
 Metaspace       used 3173K, capacity 4620K, committed 4864K, reserved 1056768K
  class space    used 337K, capacity 392K, committed 512K, reserved 1048576K
}
 [Times: user=0.09 sys=0.00, real=0.02 secs] 
{Heap before GC invocations=27 (full 0):
 garbage-first heap   total 262144K, used 249344K [0x00000007a0000000, 0x00000007a0100800, 0x00000007c0000000)
  region size 1024K, 12 young (12288K), 2 survivors (2048K)
 Metaspace       used 3173K, capacity 4620K, committed 4864K, reserved 1056768K
  class space    used 337K, capacity 392K, committed 512K, reserved 1048576K
2020-12-03T18:16:52.378-0800: 32.078: [GC pause (G1 Evacuation Pause) (young), 0.0127615 secs]
   [Parallel Time: 11.6 ms, GC Workers: 8]
      [GC Worker Start (ms): Min: 32078.0, Avg: 32078.1, Max: 32078.2, Diff: 0.2]
      [Ext Root Scanning (ms): Min: 0.0, Avg: 0.1, Max: 0.2, Diff: 0.2, Sum: 0.8]
      [Update RS (ms): Min: 5.1, Avg: 5.4, Max: 6.4, Diff: 1.3, Sum: 43.2]
         [Processed Buffers: Min: 7, Avg: 9.6, Max: 11, Diff: 4, Sum: 77]
      [Scan RS (ms): Min: 0.2, Avg: 1.1, Max: 1.4, Diff: 1.3, Sum: 9.1]
      [Code Root Scanning (ms): Min: 0.0, Avg: 0.0, Max: 0.0, Diff: 0.0, Sum: 0.0]
      [Object Copy (ms): Min: 4.8, Avg: 4.8, Max: 4.8, Diff: 0.1, Sum: 38.4]
      [Termination (ms): Min: 0.0, Avg: 0.0, Max: 0.0, Diff: 0.0, Sum: 0.0]
         [Termination Attempts: Min: 1, Avg: 1.4, Max: 2, Diff: 1, Sum: 11]
      [GC Worker Other (ms): Min: 0.0, Avg: 0.0, Max: 0.0, Diff: 0.0, Sum: 0.1]
      [GC Worker Total (ms): Min: 11.3, Avg: 11.4, Max: 11.5, Diff: 0.2, Sum: 91.6]
      [GC Worker End (ms): Min: 32089.6, Avg: 32089.6, Max: 32089.6, Diff: 0.0]
   [Code Root Fixup: 0.0 ms]
   [Code Root Purge: 0.0 ms]
   [Clear CT: 0.1 ms]
   [Other: 1.1 ms]
      [Choose CSet: 0.0 ms]
      [Ref Proc: 0.8 ms]
      [Ref Enq: 0.0 ms]
      [Redirty Cards: 0.1 ms]
      [Humongous Register: 0.0 ms]
      [Humongous Reclaim: 0.0 ms]
      [Free CSet: 0.0 ms]
   [Eden: 10.0M(10.0M)->0.0B(10.0M) Survivors: 2048.0K->2048.0K Heap: 243.5M(256.0M)->241.5M(256.0M)]
Heap after GC invocations=28 (full 0):
 garbage-first heap   total 262144K, used 247296K [0x00000007a0000000, 0x00000007a0100800, 0x00000007c0000000)
  region size 1024K, 2 young (2048K), 2 survivors (2048K)
 Metaspace       used 3173K, capacity 4620K, committed 4864K, reserved 1056768K
  class space    used 337K, capacity 392K, committed 512K, reserved 1048576K
}
 [Times: user=0.09 sys=0.00, real=0.02 secs] 
2020-12-03T18:16:52.411-0800: 32.111: [GC concurrent-mark-end, 0.3519556 secs]
2020-12-03T18:16:52.411-0800: 32.111: [GC remark 2020-12-03T18:16:52.411-0800: 32.111: [Finalize Marking, 0.0003971 secs] 2020-12-03T18:16:52.412-0800: 32.111: [GC ref-proc, 0.0001160 secs] 2020-12-03T18:16:52.412-0800: 32.112: [Unloading, 0.0004073 secs], 0.0015429 secs]
 [Times: user=0.01 sys=0.00, real=0.00 secs] 
2020-12-03T18:16:52.413-0800: 32.113: [GC cleanup 263M->249M(273M), 0.0010450 secs]
 [Times: user=0.00 sys=0.00, real=0.00 secs] 
2020-12-03T18:16:52.414-0800: 32.114: [GC concurrent-cleanup-start]
2020-12-03T18:16:52.414-0800: 32.114: [GC concurrent-cleanup-end, 0.0000312 secs]
{Heap before GC invocations=29 (full 0):
 garbage-first heap   total 279552K, used 259584K [0x00000007a0000000, 0x00000007a0100888, 0x00000007c0000000)
  region size 1024K, 12 young (12288K), 2 survivors (2048K)
 Metaspace       used 3173K, capacity 4620K, committed 4864K, reserved 1056768K
  class space    used 337K, capacity 392K, committed 512K, reserved 1048576K
2020-12-03T18:16:52.478-0800: 32.178: [GC pause (G1 Evacuation Pause) (young), 0.0170316 secs]
   [Parallel Time: 15.8 ms, GC Workers: 8]
      [GC Worker Start (ms): Min: 32177.7, Avg: 32178.9, Max: 32186.7, Diff: 9.0]
      [Ext Root Scanning (ms): Min: 0.0, Avg: 0.1, Max: 0.2, Diff: 0.2, Sum: 0.8]
      [Update RS (ms): Min: 0.0, Avg: 4.5, Max: 5.3, Diff: 5.3, Sum: 35.8]
         [Processed Buffers: Min: 0, Avg: 9.6, Max: 12, Diff: 12, Sum: 77]
      [Scan RS (ms): Min: 0.0, Avg: 3.2, Max: 4.0, Diff: 4.0, Sum: 26.0]
      [Code Root Scanning (ms): Min: 0.0, Avg: 0.0, Max: 0.0, Diff: 0.0, Sum: 0.0]
      [Object Copy (ms): Min: 5.7, Avg: 6.0, Max: 6.6, Diff: 0.9, Sum: 48.4]
      [Termination (ms): Min: 0.0, Avg: 0.6, Max: 0.8, Diff: 0.8, Sum: 5.1]
         [Termination Attempts: Min: 1, Avg: 1.6, Max: 3, Diff: 2, Sum: 13]
      [GC Worker Other (ms): Min: 0.0, Avg: 0.0, Max: 0.0, Diff: 0.0, Sum: 0.1]
      [GC Worker Total (ms): Min: 6.8, Avg: 14.5, Max: 15.7, Diff: 9.0, Sum: 116.2]
      [GC Worker End (ms): Min: 32193.3, Avg: 32193.4, Max: 32193.5, Diff: 0.2]
   [Code Root Fixup: 0.0 ms]
   [Code Root Purge: 0.0 ms]
   [Clear CT: 0.1 ms]
   [Other: 1.1 ms]
      [Choose CSet: 0.0 ms]
      [Ref Proc: 0.8 ms]
      [Ref Enq: 0.0 ms]
      [Redirty Cards: 0.1 ms]
      [Humongous Register: 0.0 ms]
      [Humongous Reclaim: 0.0 ms]
      [Free CSet: 0.1 ms]
   [Eden: 10.0M(10.0M)->0.0B(11.0M) Survivors: 2048.0K->2048.0K Heap: 253.5M(273.0M)->251.0M(273.0M)]
Heap after GC invocations=30 (full 0):
 garbage-first heap   total 279552K, used 257024K [0x00000007a0000000, 0x00000007a0100888, 0x00000007c0000000)
  region size 1024K, 2 young (2048K), 2 survivors (2048K)
 Metaspace       used 3173K, capacity 4620K, committed 4864K, reserved 1056768K
  class space    used 337K, capacity 392K, committed 512K, reserved 1048576K
}
 [Times: user=0.11 sys=0.00, real=0.02 secs] 
{Heap before GC invocations=30 (full 0):
 garbage-first heap   total 279552K, used 268288K [0x00000007a0000000, 0x00000007a0100888, 0x00000007c0000000)
  region size 1024K, 13 young (13312K), 2 survivors (2048K)
 Metaspace       used 3173K, capacity 4620K, committed 4864K, reserved 1056768K
  class space    used 337K, capacity 392K, committed 512K, reserved 1048576K
2020-12-03T18:16:52.506-0800: 32.206: [GC pause (G1 Evacuation Pause) (mixed), 0.0456395 secs]
   [Parallel Time: 44.4 ms, GC Workers: 8]
      [GC Worker Start (ms): Min: 32206.0, Avg: 32206.2, Max: 32206.4, Diff: 0.4]
      [Ext Root Scanning (ms): Min: 0.0, Avg: 0.1, Max: 0.2, Diff: 0.2, Sum: 0.5]
      [Update RS (ms): Min: 5.9, Avg: 6.6, Max: 10.9, Diff: 4.9, Sum: 53.2]
         [Processed Buffers: Min: 6, Avg: 11.4, Max: 15, Diff: 9, Sum: 91]
      [Scan RS (ms): Min: 15.6, Avg: 20.4, Max: 22.3, Diff: 6.7, Sum: 163.3]
      [Code Root Scanning (ms): Min: 0.0, Avg: 0.0, Max: 0.0, Diff: 0.0, Sum: 0.0]
      [Object Copy (ms): Min: 15.8, Avg: 17.0, Max: 17.6, Diff: 1.8, Sum: 136.2]
      [Termination (ms): Min: 0.0, Avg: 0.0, Max: 0.0, Diff: 0.0, Sum: 0.0]
         [Termination Attempts: Min: 1, Avg: 3.0, Max: 6, Diff: 5, Sum: 24]
      [GC Worker Other (ms): Min: 0.0, Avg: 0.0, Max: 0.0, Diff: 0.0, Sum: 0.2]
      [GC Worker Total (ms): Min: 44.0, Avg: 44.2, Max: 44.3, Diff: 0.4, Sum: 353.4]
      [GC Worker End (ms): Min: 32250.3, Avg: 32250.3, Max: 32250.4, Diff: 0.0]
   [Code Root Fixup: 0.0 ms]
   [Code Root Purge: 0.0 ms]
   [Clear CT: 0.1 ms]
   [Other: 1.1 ms]
      [Choose CSet: 0.1 ms]
      [Ref Proc: 0.2 ms]
      [Ref Enq: 0.0 ms]
      [Redirty Cards: 0.1 ms]
      [Humongous Register: 0.0 ms]
      [Humongous Reclaim: 0.0 ms]
      [Free CSet: 0.2 ms]
   [Eden: 11.0M(11.0M)->0.0B(14.0M) Survivors: 2048.0K->2048.0K Heap: 262.0M(273.0M)->246.0M(334.0M)]
Heap after GC invocations=31 (full 0):
 garbage-first heap   total 342016K, used 251904K [0x00000007a0000000, 0x00000007a0100a70, 0x00000007c0000000)
  region size 1024K, 2 young (2048K), 2 survivors (2048K)
 Metaspace       used 3173K, capacity 4620K, committed 4864K, reserved 1056768K
  class space    used 337K, capacity 392K, committed 512K, reserved 1048576K
}
 [Times: user=0.30 sys=0.01, real=0.05 secs] 
{Heap before GC invocations=31 (full 0):
 garbage-first heap   total 342016K, used 266240K [0x00000007a0000000, 0x00000007a0100a70, 0x00000007c0000000)
  region size 1024K, 16 young (16384K), 2 survivors (2048K)
 Metaspace       used 3173K, capacity 4620K, committed 4864K, reserved 1056768K
  class space    used 337K, capacity 392K, committed 512K, reserved 1048576K
2020-12-03T18:16:52.577-0800: 32.277: [GC pause (G1 Evacuation Pause) (mixed), 0.0173779 secs]
   [Parallel Time: 16.3 ms, GC Workers: 8]
      [GC Worker Start (ms): Min: 32276.6, Avg: 32276.7, Max: 32276.7, Diff: 0.1]
      [Ext Root Scanning (ms): Min: 0.1, Avg: 0.1, Max: 0.2, Diff: 0.1, Sum: 0.8]
      [Update RS (ms): Min: 6.0, Avg: 6.2, Max: 6.8, Diff: 0.8, Sum: 50.0]
         [Processed Buffers: Min: 10, Avg: 11.1, Max: 12, Diff: 2, Sum: 89]
      [Scan RS (ms): Min: 2.4, Avg: 2.9, Max: 3.2, Diff: 0.8, Sum: 23.3]
      [Code Root Scanning (ms): Min: 0.0, Avg: 0.0, Max: 0.0, Diff: 0.0, Sum: 0.0]
      [Object Copy (ms): Min: 6.8, Avg: 6.9, Max: 6.9, Diff: 0.1, Sum: 54.9]
      [Termination (ms): Min: 0.0, Avg: 0.0, Max: 0.0, Diff: 0.0, Sum: 0.0]
         [Termination Attempts: Min: 1, Avg: 1.4, Max: 2, Diff: 1, Sum: 11]
      [GC Worker Other (ms): Min: 0.0, Avg: 0.0, Max: 0.0, Diff: 0.0, Sum: 0.1]
      [GC Worker Total (ms): Min: 16.1, Avg: 16.1, Max: 16.2, Diff: 0.1, Sum: 129.1]
      [GC Worker End (ms): Min: 32292.8, Avg: 32292.8, Max: 32292.8, Diff: 0.0]
   [Code Root Fixup: 0.0 ms]
   [Code Root Purge: 0.0 ms]
   [Clear CT: 0.1 ms]
   [Other: 0.9 ms]
      [Choose CSet: 0.0 ms]
      [Ref Proc: 0.3 ms]
      [Ref Enq: 0.0 ms]
      [Redirty Cards: 0.1 ms]
      [Humongous Register: 0.0 ms]
      [Humongous Reclaim: 0.0 ms]
      [Free CSet: 0.0 ms]
   [Eden: 14.0M(14.0M)->0.0B(50.0M) Survivors: 2048.0K->2048.0K Heap: 260.0M(334.0M)->256.0M(370.0M)]
Heap after GC invocations=32 (full 0):
 garbage-first heap   total 378880K, used 262144K [0x00000007a0000000, 0x00000007a0100b90, 0x00000007c0000000)
  region size 1024K, 2 young (2048K), 2 survivors (2048K)
 Metaspace       used 3173K, capacity 4620K, committed 4864K, reserved 1056768K
  class space    used 337K, capacity 392K, committed 512K, reserved 1048576K
}
 [Times: user=0.13 sys=0.01, real=0.02 secs] 
{Heap before GC invocations=32 (full 0):
 garbage-first heap   total 378880K, used 313344K [0x00000007a0000000, 0x00000007a0100b90, 0x00000007c0000000)
  region size 1024K, 52 young (53248K), 2 survivors (2048K)
 Metaspace       used 3173K, capacity 4620K, committed 4864K, reserved 1056768K
  class space    used 337K, capacity 392K, committed 512K, reserved 1048576K
2020-12-03T18:16:52.660-0800: 32.360: [GC pause (G1 Evacuation Pause) (young), 0.0354614 secs]
   [Parallel Time: 34.3 ms, GC Workers: 8]
      [GC Worker Start (ms): Min: 32360.2, Avg: 32360.3, Max: 32360.3, Diff: 0.1]
      [Ext Root Scanning (ms): Min: 0.1, Avg: 0.1, Max: 0.2, Diff: 0.1, Sum: 0.8]
      [Update RS (ms): Min: 5.0, Avg: 5.2, Max: 5.4, Diff: 0.4, Sum: 41.8]
         [Processed Buffers: Min: 11, Avg: 12.5, Max: 13, Diff: 2, Sum: 100]
      [Scan RS (ms): Min: 7.1, Avg: 7.5, Max: 8.1, Diff: 1.0, Sum: 59.7]
      [Code Root Scanning (ms): Min: 0.0, Avg: 0.0, Max: 0.0, Diff: 0.0, Sum: 0.0]
      [Object Copy (ms): Min: 20.7, Avg: 21.3, Max: 21.6, Diff: 0.9, Sum: 170.7]
      [Termination (ms): Min: 0.0, Avg: 0.0, Max: 0.0, Diff: 0.0, Sum: 0.0]
         [Termination Attempts: Min: 1, Avg: 1.8, Max: 3, Diff: 2, Sum: 14]
      [GC Worker Other (ms): Min: 0.0, Avg: 0.0, Max: 0.0, Diff: 0.0, Sum: 0.1]
      [GC Worker Total (ms): Min: 34.1, Avg: 34.1, Max: 34.2, Diff: 0.1, Sum: 273.2]
      [GC Worker End (ms): Min: 32394.4, Avg: 32394.4, Max: 32394.4, Diff: 0.0]
   [Code Root Fixup: 0.0 ms]
   [Code Root Purge: 0.0 ms]
   [Clear CT: 0.1 ms]
   [Other: 1.0 ms]
      [Choose CSet: 0.0 ms]
      [Ref Proc: 0.2 ms]
      [Ref Enq: 0.0 ms]
      [Redirty Cards: 0.2 ms]
      [Humongous Register: 0.0 ms]
      [Humongous Reclaim: 0.0 ms]
      [Free CSet: 0.2 ms]
   [Eden: 50.0M(50.0M)->0.0B(42.0M) Survivors: 2048.0K->7168.0K Heap: 306.0M(370.0M)->289.5M(399.0M)]
Heap after GC invocations=33 (full 0):
 garbage-first heap   total 408576K, used 296448K [0x00000007a0000000, 0x00000007a0100c78, 0x00000007c0000000)
  region size 1024K, 7 young (7168K), 7 survivors (7168K)
 Metaspace       used 3173K, capacity 4620K, committed 4864K, reserved 1056768K
  class space    used 337K, capacity 392K, committed 512K, reserved 1048576K
}
 [Times: user=0.24 sys=0.01, real=0.03 secs] 
{Heap before GC invocations=33 (full 0):
 garbage-first heap   total 408576K, used 339456K [0x00000007a0000000, 0x00000007a0100c78, 0x00000007c0000000)
  region size 1024K, 49 young (50176K), 7 survivors (7168K)
 Metaspace       used 3173K, capacity 4620K, committed 4864K, reserved 1056768K
  class space    used 337K, capacity 392K, committed 512K, reserved 1048576K
2020-12-03T18:16:53.049-0800: 32.749: [GC pause (G1 Evacuation Pause) (young) (initial-mark), 0.0778531 secs]
   [Parallel Time: 64.3 ms, GC Workers: 8]
      [GC Worker Start (ms): Min: 32749.0, Avg: 32749.3, Max: 32749.4, Diff: 0.4]
      [Ext Root Scanning (ms): Min: 0.0, Avg: 1.8, Max: 4.9, Diff: 4.9, Sum: 14.1]
      [Update RS (ms): Min: 3.4, Avg: 6.7, Max: 8.3, Diff: 4.9, Sum: 53.7]
         [Processed Buffers: Min: 6, Avg: 12.6, Max: 15, Diff: 9, Sum: 101]
      [Scan RS (ms): Min: 9.5, Avg: 9.8, Max: 10.0, Diff: 0.5, Sum: 78.6]
      [Code Root Scanning (ms): Min: 0.0, Avg: 0.0, Max: 0.0, Diff: 0.0, Sum: 0.0]
      [Object Copy (ms): Min: 34.7, Avg: 34.8, Max: 35.4, Diff: 0.7, Sum: 278.3]
      [Termination (ms): Min: 0.0, Avg: 5.7, Max: 10.9, Diff: 10.9, Sum: 45.5]
         [Termination Attempts: Min: 1, Avg: 7.6, Max: 12, Diff: 11, Sum: 61]
      [GC Worker Other (ms): Min: 0.0, Avg: 0.0, Max: 0.0, Diff: 0.0, Sum: 0.1]
      [GC Worker Total (ms): Min: 53.6, Avg: 58.8, Max: 63.9, Diff: 10.2, Sum: 470.4]
      [GC Worker End (ms): Min: 32803.0, Avg: 32808.1, Max: 32813.2, Diff: 10.2]
   [Code Root Fixup: 0.0 ms]
   [Code Root Purge: 0.0 ms]
   [Clear CT: 0.2 ms]
   [Other: 13.4 ms]
      [Choose CSet: 0.0 ms]
      [Ref Proc: 12.3 ms]
      [Ref Enq: 0.0 ms]
      [Redirty Cards: 0.4 ms]
      [Humongous Register: 0.0 ms]
      [Humongous Reclaim: 0.0 ms]
      [Free CSet: 0.3 ms]
   [Eden: 42.0M(42.0M)->0.0B(37.0M) Survivors: 7168.0K->7168.0K Heap: 331.5M(399.0M)->316.5M(422.0M)]
Heap after GC invocations=34 (full 0):
 garbage-first heap   total 432128K, used 324096K [0x00000007a0000000, 0x00000007a0100d30, 0x00000007c0000000)
  region size 1024K, 7 young (7168K), 7 survivors (7168K)
 Metaspace       used 3173K, capacity 4620K, committed 4864K, reserved 1056768K
  class space    used 337K, capacity 392K, committed 512K, reserved 1048576K
}
 [Times: user=0.30 sys=0.01, real=0.08 secs] 
2020-12-03T18:16:53.127-0800: 32.827: [GC concurrent-root-region-scan-start]
2020-12-03T18:16:53.132-0800: 32.832: [GC concurrent-root-region-scan-end, 0.0050095 secs]
2020-12-03T18:16:53.132-0800: 32.832: [GC concurrent-mark-start]
{Heap before GC invocations=34 (full 0):
 garbage-first heap   total 432128K, used 361984K [0x00000007a0000000, 0x00000007a0100d30, 0x00000007c0000000)
  region size 1024K, 44 young (45056K), 7 survivors (7168K)
 Metaspace       used 3173K, capacity 4620K, committed 4864K, reserved 1056768K
  class space    used 337K, capacity 392K, committed 512K, reserved 1048576K
2020-12-03T18:16:53.277-0800: 32.976: [GC pause (G1 Evacuation Pause) (young), 0.0319292 secs]
   [Parallel Time: 30.8 ms, GC Workers: 8]
      [GC Worker Start (ms): Min: 32976.6, Avg: 32976.6, Max: 32976.6, Diff: 0.1]
      [Ext Root Scanning (ms): Min: 0.1, Avg: 0.1, Max: 0.2, Diff: 0.1, Sum: 0.8]
      [Update RS (ms): Min: 7.5, Avg: 8.0, Max: 9.0, Diff: 1.4, Sum: 63.8]
         [Processed Buffers: Min: 10, Avg: 15.1, Max: 17, Diff: 7, Sum: 121]
      [Scan RS (ms): Min: 4.6, Avg: 5.6, Max: 6.1, Diff: 1.5, Sum: 45.0]
      [Code Root Scanning (ms): Min: 0.0, Avg: 0.0, Max: 0.0, Diff: 0.0, Sum: 0.0]
      [Object Copy (ms): Min: 17.0, Avg: 17.0, Max: 17.0, Diff: 0.1, Sum: 136.0]
      [Termination (ms): Min: 0.0, Avg: 0.0, Max: 0.0, Diff: 0.0, Sum: 0.0]
         [Termination Attempts: Min: 1, Avg: 1.0, Max: 1, Diff: 0, Sum: 8]
      [GC Worker Other (ms): Min: 0.0, Avg: 0.0, Max: 0.0, Diff: 0.0, Sum: 0.1]
      [GC Worker Total (ms): Min: 30.7, Avg: 30.7, Max: 30.8, Diff: 0.1, Sum: 245.8]
      [GC Worker End (ms): Min: 33007.3, Avg: 33007.3, Max: 33007.3, Diff: 0.0]
   [Code Root Fixup: 0.0 ms]
   [Code Root Purge: 0.0 ms]
   [Clear CT: 0.1 ms]
   [Other: 1.0 ms]
      [Choose CSet: 0.0 ms]
      [Ref Proc: 0.2 ms]
      [Ref Enq: 0.0 ms]
      [Redirty Cards: 0.2 ms]
      [Humongous Register: 0.0 ms]
      [Humongous Reclaim: 0.0 ms]
      [Free CSet: 0.2 ms]
   [Eden: 37.0M(37.0M)->0.0B(32.0M) Survivors: 7168.0K->6144.0K Heap: 353.5M(422.0M)->341.0M(440.0M)]
Heap after GC invocations=35 (full 0):
 garbage-first heap   total 450560K, used 349184K [0x00000007a0000000, 0x00000007a0100dc0, 0x00000007c0000000)
  region size 1024K, 6 young (6144K), 6 survivors (6144K)
 Metaspace       used 3173K, capacity 4620K, committed 4864K, reserved 1056768K
  class space    used 337K, capacity 392K, committed 512K, reserved 1048576K
}
 [Times: user=0.24 sys=0.00, real=0.03 secs] 
{Heap before GC invocations=35 (full 0):
 garbage-first heap   total 450560K, used 381952K [0x00000007a0000000, 0x00000007a0100dc0, 0x00000007c0000000)
  region size 1024K, 38 young (38912K), 6 survivors (6144K)
 Metaspace       used 3173K, capacity 4620K, committed 4864K, reserved 1056768K
  class space    used 337K, capacity 392K, committed 512K, reserved 1048576K
2020-12-03T18:16:53.364-0800: 33.064: [GC pause (G1 Evacuation Pause) (young), 0.0319152 secs]
   [Parallel Time: 31.0 ms, GC Workers: 8]
      [GC Worker Start (ms): Min: 33064.2, Avg: 33064.2, Max: 33064.3, Diff: 0.1]
      [Ext Root Scanning (ms): Min: 0.1, Avg: 0.1, Max: 0.2, Diff: 0.1, Sum: 0.9]
      [Update RS (ms): Min: 10.5, Avg: 11.2, Max: 12.9, Diff: 2.3, Sum: 89.3]
         [Processed Buffers: Min: 11, Avg: 17.8, Max: 22, Diff: 11, Sum: 142]
      [Scan RS (ms): Min: 1.9, Avg: 3.6, Max: 4.3, Diff: 2.3, Sum: 28.9]
      [Code Root Scanning (ms): Min: 0.0, Avg: 0.0, Max: 0.0, Diff: 0.0, Sum: 0.0]
      [Object Copy (ms): Min: 15.8, Avg: 15.9, Max: 15.9, Diff: 0.1, Sum: 127.0]
      [Termination (ms): Min: 0.0, Avg: 0.0, Max: 0.0, Diff: 0.0, Sum: 0.1]
         [Termination Attempts: Min: 1, Avg: 6.1, Max: 10, Diff: 9, Sum: 49]
      [GC Worker Other (ms): Min: 0.0, Avg: 0.0, Max: 0.0, Diff: 0.0, Sum: 0.1]
      [GC Worker Total (ms): Min: 30.8, Avg: 30.8, Max: 30.9, Diff: 0.1, Sum: 246.3]
      [GC Worker End (ms): Min: 33095.0, Avg: 33095.0, Max: 33095.0, Diff: 0.0]
   [Code Root Fixup: 0.0 ms]
   [Code Root Purge: 0.0 ms]
   [Clear CT: 0.1 ms]
   [Other: 0.8 ms]
      [Choose CSet: 0.0 ms]
      [Ref Proc: 0.2 ms]
      [Ref Enq: 0.0 ms]
      [Redirty Cards: 0.2 ms]
      [Humongous Register: 0.0 ms]
      [Humongous Reclaim: 0.0 ms]
      [Free CSet: 0.1 ms]
   [Eden: 32.0M(32.0M)->0.0B(27.0M) Survivors: 6144.0K->5120.0K Heap: 373.0M(440.0M)->362.5M(455.0M)]
Heap after GC invocations=36 (full 0):
 garbage-first heap   total 465920K, used 371200K [0x00000007a0000000, 0x00000007a0100e38, 0x00000007c0000000)
  region size 1024K, 5 young (5120K), 5 survivors (5120K)
 Metaspace       used 3173K, capacity 4620K, committed 4864K, reserved 1056768K
  class space    used 337K, capacity 392K, committed 512K, reserved 1048576K
}
 [Times: user=0.23 sys=0.00, real=0.03 secs] 
{Heap before GC invocations=36 (full 0):
 garbage-first heap   total 465920K, used 398848K [0x00000007a0000000, 0x00000007a0100e38, 0x00000007c0000000)
  region size 1024K, 32 young (32768K), 5 survivors (5120K)
 Metaspace       used 3173K, capacity 4620K, committed 4864K, reserved 1056768K
  class space    used 337K, capacity 392K, committed 512K, reserved 1048576K
2020-12-03T18:16:53.448-0800: 33.148: [GC pause (G1 Evacuation Pause) (young), 0.0296748 secs]
   [Parallel Time: 28.8 ms, GC Workers: 8]
      [GC Worker Start (ms): Min: 33148.3, Avg: 33148.4, Max: 33148.5, Diff: 0.1]
      [Ext Root Scanning (ms): Min: 0.0, Avg: 0.1, Max: 0.2, Diff: 0.1, Sum: 0.8]
      [Update RS (ms): Min: 8.2, Avg: 8.4, Max: 8.5, Diff: 0.3, Sum: 67.0]
         [Processed Buffers: Min: 12, Avg: 15.4, Max: 18, Diff: 6, Sum: 123]
      [Scan RS (ms): Min: 3.5, Avg: 3.8, Max: 4.4, Diff: 0.8, Sum: 30.1]
      [Code Root Scanning (ms): Min: 0.0, Avg: 0.0, Max: 0.0, Diff: 0.0, Sum: 0.0]
      [Object Copy (ms): Min: 15.6, Avg: 15.9, Max: 16.4, Diff: 0.8, Sum: 127.5]
      [Termination (ms): Min: 0.0, Avg: 0.5, Max: 0.7, Diff: 0.6, Sum: 3.7]
         [Termination Attempts: Min: 1, Avg: 1.1, Max: 2, Diff: 1, Sum: 9]
      [GC Worker Other (ms): Min: 0.0, Avg: 0.0, Max: 0.0, Diff: 0.0, Sum: 0.1]
      [GC Worker Total (ms): Min: 28.6, Avg: 28.7, Max: 28.8, Diff: 0.2, Sum: 229.2]
      [GC Worker End (ms): Min: 33177.0, Avg: 33177.1, Max: 33177.1, Diff: 0.1]
   [Code Root Fixup: 0.0 ms]
   [Code Root Purge: 0.0 ms]
   [Clear CT: 0.1 ms]
   [Other: 0.8 ms]
      [Choose CSet: 0.0 ms]
      [Ref Proc: 0.2 ms]
      [Ref Enq: 0.0 ms]
      [Redirty Cards: 0.2 ms]
      [Humongous Register: 0.0 ms]
      [Humongous Reclaim: 0.0 ms]
      [Free CSet: 0.1 ms]
   [Eden: 27.0M(27.0M)->0.0B(22.0M) Survivors: 5120.0K->4096.0K Heap: 389.5M(455.0M)->381.0M(467.0M)]
Heap after GC invocations=37 (full 0):
 garbage-first heap   total 478208K, used 390144K [0x00000007a0000000, 0x00000007a0100e98, 0x00000007c0000000)
  region size 1024K, 4 young (4096K), 4 survivors (4096K)
 Metaspace       used 3173K, capacity 4620K, committed 4864K, reserved 1056768K
  class space    used 337K, capacity 392K, committed 512K, reserved 1048576K
}
 [Times: user=0.20 sys=0.00, real=0.03 secs] 
{Heap before GC invocations=37 (full 0):
 garbage-first heap   total 478208K, used 412672K [0x00000007a0000000, 0x00000007a0100e98, 0x00000007c0000000)
  region size 1024K, 26 young (26624K), 4 survivors (4096K)
 Metaspace       used 3173K, capacity 4620K, committed 4864K, reserved 1056768K
  class space    used 337K, capacity 392K, committed 512K, reserved 1048576K
2020-12-03T18:16:53.517-0800: 33.217: [GC pause (G1 Evacuation Pause) (young), 0.0248356 secs]
   [Parallel Time: 24.0 ms, GC Workers: 8]
      [GC Worker Start (ms): Min: 33216.9, Avg: 33216.9, Max: 33217.0, Diff: 0.1]
      [Ext Root Scanning (ms): Min: 0.1, Avg: 0.1, Max: 0.2, Diff: 0.1, Sum: 0.9]
      [Update RS (ms): Min: 10.3, Avg: 10.5, Max: 10.7, Diff: 0.4, Sum: 83.7]
         [Processed Buffers: Min: 16, Avg: 18.6, Max: 20, Diff: 4, Sum: 149]
      [Scan RS (ms): Min: 2.0, Avg: 2.2, Max: 2.4, Diff: 0.4, Sum: 17.8]
      [Code Root Scanning (ms): Min: 0.0, Avg: 0.0, Max: 0.0, Diff: 0.0, Sum: 0.0]
      [Object Copy (ms): Min: 11.0, Avg: 11.0, Max: 11.1, Diff: 0.1, Sum: 88.4]
      [Termination (ms): Min: 0.0, Avg: 0.0, Max: 0.0, Diff: 0.0, Sum: 0.0]
         [Termination Attempts: Min: 1, Avg: 1.1, Max: 2, Diff: 1, Sum: 9]
      [GC Worker Other (ms): Min: 0.0, Avg: 0.0, Max: 0.0, Diff: 0.0, Sum: 0.1]
      [GC Worker Total (ms): Min: 23.8, Avg: 23.9, Max: 23.9, Diff: 0.1, Sum: 190.9]
      [GC Worker End (ms): Min: 33240.8, Avg: 33240.8, Max: 33240.8, Diff: 0.0]
   [Code Root Fixup: 0.0 ms]
   [Code Root Purge: 0.0 ms]
   [Clear CT: 0.2 ms]
   [Other: 0.6 ms]
      [Choose CSet: 0.0 ms]
      [Ref Proc: 0.2 ms]
      [Ref Enq: 0.0 ms]
      [Redirty Cards: 0.2 ms]
      [Humongous Register: 0.0 ms]
      [Humongous Reclaim: 0.0 ms]
      [Free CSet: 0.1 ms]
   [Eden: 22.0M(22.0M)->0.0B(19.0M) Survivors: 4096.0K->4096.0K Heap: 403.0M(467.0M)->396.5M(476.0M)]
Heap after GC invocations=38 (full 0):
 garbage-first heap   total 487424K, used 406016K [0x00000007a0000000, 0x00000007a0100ee0, 0x00000007c0000000)
  region size 1024K, 4 young (4096K), 4 survivors (4096K)
 Metaspace       used 3173K, capacity 4620K, committed 4864K, reserved 1056768K
  class space    used 337K, capacity 392K, committed 512K, reserved 1048576K
}
 [Times: user=0.18 sys=0.01, real=0.03 secs] 
2020-12-03T18:16:53.679-0800: 33.379: [GC concurrent-mark-end, 0.5467683 secs]
2020-12-03T18:16:53.679-0800: 33.379: [GC remark 2020-12-03T18:16:53.679-0800: 33.379: [Finalize Marking, 0.0007556 secs] 2020-12-03T18:16:53.680-0800: 33.380: [GC ref-proc, 0.0001088 secs] 2020-12-03T18:16:53.680-0800: 33.380: [Unloading, 0.0003567 secs], 0.0022348 secs]
 [Times: user=0.01 sys=0.00, real=0.01 secs] 
2020-12-03T18:16:53.681-0800: 33.381: [GC cleanup 407M->399M(476M), 0.0017943 secs]
 [Times: user=0.01 sys=0.00, real=0.00 secs] 
2020-12-03T18:16:53.683-0800: 33.383: [GC concurrent-cleanup-start]
2020-12-03T18:16:53.683-0800: 33.383: [GC concurrent-cleanup-end, 0.0000144 secs]
{Heap before GC invocations=39 (full 0):
 garbage-first heap   total 487424K, used 417280K [0x00000007a0000000, 0x00000007a0100ee0, 0x00000007c0000000)
  region size 1024K, 23 young (23552K), 4 survivors (4096K)
 Metaspace       used 3173K, capacity 4620K, committed 4864K, reserved 1056768K
  class space    used 337K, capacity 392K, committed 512K, reserved 1048576K
2020-12-03T18:17:08.248-0800: 47.948: [GC pause (G1 Evacuation Pause) (young), 0.0236392 secs]
   [Parallel Time: 22.4 ms, GC Workers: 8]
      [GC Worker Start (ms): Min: 47948.0, Avg: 47948.1, Max: 47948.1, Diff: 0.1]
      [Ext Root Scanning (ms): Min: 0.1, Avg: 0.1, Max: 0.3, Diff: 0.2, Sum: 1.2]
      [Update RS (ms): Min: 10.7, Avg: 10.9, Max: 11.3, Diff: 0.6, Sum: 87.5]
         [Processed Buffers: Min: 9, Avg: 18.6, Max: 22, Diff: 13, Sum: 149]
      [Scan RS (ms): Min: 2.0, Avg: 2.4, Max: 2.6, Diff: 0.6, Sum: 19.2]
      [Code Root Scanning (ms): Min: 0.0, Avg: 0.0, Max: 0.0, Diff: 0.0, Sum: 0.0]
      [Object Copy (ms): Min: 8.0, Avg: 8.3, Max: 8.7, Diff: 0.6, Sum: 66.3]
      [Termination (ms): Min: 0.0, Avg: 0.4, Max: 0.7, Diff: 0.7, Sum: 3.4]
         [Termination Attempts: Min: 1, Avg: 1.1, Max: 2, Diff: 1, Sum: 9]
      [GC Worker Other (ms): Min: 0.0, Avg: 0.0, Max: 0.0, Diff: 0.0, Sum: 0.1]
      [GC Worker Total (ms): Min: 22.1, Avg: 22.2, Max: 22.3, Diff: 0.1, Sum: 177.6]
      [GC Worker End (ms): Min: 47970.2, Avg: 47970.3, Max: 47970.4, Diff: 0.2]
   [Code Root Fixup: 0.0 ms]
   [Code Root Purge: 0.0 ms]
   [Clear CT: 0.1 ms]
   [Other: 1.1 ms]
      [Choose CSet: 0.0 ms]
      [Ref Proc: 0.7 ms]
      [Ref Enq: 0.0 ms]
      [Redirty Cards: 0.1 ms]
      [Humongous Register: 0.0 ms]
      [Humongous Reclaim: 0.0 ms]
      [Free CSet: 0.1 ms]
   [Eden: 19.0M(19.0M)->0.0B(21.0M) Survivors: 4096.0K->3072.0K Heap: 407.5M(476.0M)->398.5M(484.0M)]
Heap after GC invocations=40 (full 0):
 garbage-first heap   total 495616K, used 408064K [0x00000007a0000000, 0x00000007a0100f20, 0x00000007c0000000)
  region size 1024K, 3 young (3072K), 3 survivors (3072K)
 Metaspace       used 3173K, capacity 4620K, committed 4864K, reserved 1056768K
  class space    used 337K, capacity 392K, committed 512K, reserved 1048576K
}
 [Times: user=0.16 sys=0.00, real=0.03 secs] 
{Heap before GC invocations=40 (full 0):
 garbage-first heap   total 495616K, used 429568K [0x00000007a0000000, 0x00000007a0100f20, 0x00000007c0000000)
  region size 1024K, 24 young (24576K), 3 survivors (3072K)
 Metaspace       used 3173K, capacity 4620K, committed 4864K, reserved 1056768K
  class space    used 337K, capacity 392K, committed 512K, reserved 1048576K
2020-12-03T18:17:08.302-0800: 48.002: [GC pause (G1 Evacuation Pause) (mixed), 0.0443989 secs]
   [Parallel Time: 43.2 ms, GC Workers: 8]
      [GC Worker Start (ms): Min: 48002.1, Avg: 48002.1, Max: 48002.2, Diff: 0.1]
      [Ext Root Scanning (ms): Min: 0.0, Avg: 0.1, Max: 0.2, Diff: 0.2, Sum: 0.8]
      [Update RS (ms): Min: 8.1, Avg: 8.4, Max: 8.6, Diff: 0.5, Sum: 67.3]
         [Processed Buffers: Min: 15, Avg: 19.4, Max: 23, Diff: 8, Sum: 155]
      [Scan RS (ms): Min: 18.1, Avg: 18.4, Max: 18.9, Diff: 0.8, Sum: 146.9]
      [Code Root Scanning (ms): Min: 0.0, Avg: 0.0, Max: 0.1, Diff: 0.1, Sum: 0.1]
      [Object Copy (ms): Min: 15.0, Avg: 15.5, Max: 16.2, Diff: 1.2, Sum: 124.2]
      [Termination (ms): Min: 0.0, Avg: 0.6, Max: 0.7, Diff: 0.7, Sum: 4.9]
         [Termination Attempts: Min: 1, Avg: 61.9, Max: 90, Diff: 89, Sum: 495]
      [GC Worker Other (ms): Min: 0.0, Avg: 0.0, Max: 0.0, Diff: 0.0, Sum: 0.1]
      [GC Worker Total (ms): Min: 42.9, Avg: 43.0, Max: 43.1, Diff: 0.2, Sum: 344.3]
      [GC Worker End (ms): Min: 48045.1, Avg: 48045.2, Max: 48045.2, Diff: 0.1]
   [Code Root Fixup: 0.0 ms]
   [Code Root Purge: 0.0 ms]
   [Clear CT: 0.1 ms]
   [Other: 1.0 ms]
      [Choose CSet: 0.1 ms]
      [Ref Proc: 0.3 ms]
      [Ref Enq: 0.0 ms]
      [Redirty Cards: 0.2 ms]
      [Humongous Register: 0.0 ms]
      [Humongous Reclaim: 0.0 ms]
      [Free CSet: 0.3 ms]
   [Eden: 21.0M(21.0M)->0.0B(28.0M) Survivors: 3072.0K->3072.0K Heap: 419.5M(484.0M)->388.5M(484.0M)]
Heap after GC invocations=41 (full 0):
 garbage-first heap   total 495616K, used 397824K [0x00000007a0000000, 0x00000007a0100f20, 0x00000007c0000000)
  region size 1024K, 3 young (3072K), 3 survivors (3072K)
 Metaspace       used 3173K, capacity 4620K, committed 4864K, reserved 1056768K
  class space    used 337K, capacity 392K, committed 512K, reserved 1048576K
}
 [Times: user=0.29 sys=0.00, real=0.04 secs] 
{Heap before GC invocations=41 (full 0):
 garbage-first heap   total 495616K, used 426496K [0x00000007a0000000, 0x00000007a0100f20, 0x00000007c0000000)
  region size 1024K, 31 young (31744K), 3 survivors (3072K)
 Metaspace       used 3173K, capacity 4620K, committed 4864K, reserved 1056768K
  class space    used 337K, capacity 392K, committed 512K, reserved 1048576K
2020-12-03T18:17:08.406-0800: 48.105: [GC pause (G1 Evacuation Pause) (young), 0.0407074 secs]
   [Parallel Time: 39.2 ms, GC Workers: 8]
      [GC Worker Start (ms): Min: 48105.3, Avg: 48105.4, Max: 48105.6, Diff: 0.3]
      [Ext Root Scanning (ms): Min: 0.0, Avg: 0.1, Max: 0.2, Diff: 0.2, Sum: 1.0]
      [Update RS (ms): Min: 7.6, Avg: 7.8, Max: 8.0, Diff: 0.4, Sum: 62.6]
         [Processed Buffers: Min: 17, Avg: 18.0, Max: 19, Diff: 2, Sum: 144]
      [Scan RS (ms): Min: 18.1, Avg: 18.3, Max: 18.4, Diff: 0.3, Sum: 146.6]
      [Code Root Scanning (ms): Min: 0.0, Avg: 0.0, Max: 0.0, Diff: 0.0, Sum: 0.0]
      [Object Copy (ms): Min: 12.1, Avg: 12.2, Max: 12.8, Diff: 0.7, Sum: 97.7]
      [Termination (ms): Min: 0.0, Avg: 0.5, Max: 0.6, Diff: 0.6, Sum: 4.3]
         [Termination Attempts: Min: 1, Avg: 2.0, Max: 5, Diff: 4, Sum: 16]
      [GC Worker Other (ms): Min: 0.0, Avg: 0.0, Max: 0.0, Diff: 0.0, Sum: 0.1]
      [GC Worker Total (ms): Min: 38.8, Avg: 39.0, Max: 39.1, Diff: 0.3, Sum: 312.3]
      [GC Worker End (ms): Min: 48144.4, Avg: 48144.4, Max: 48144.4, Diff: 0.0]
   [Code Root Fixup: 0.0 ms]
   [Code Root Purge: 0.0 ms]
   [Clear CT: 0.1 ms]
   [Other: 1.4 ms]
      [Choose CSet: 0.0 ms]
      [Ref Proc: 0.9 ms]
      [Ref Enq: 0.0 ms]
      [Redirty Cards: 0.2 ms]
      [Humongous Register: 0.0 ms]
      [Humongous Reclaim: 0.0 ms]
      [Free CSet: 0.1 ms]
   [Eden: 28.0M(28.0M)->0.0B(26.0M) Survivors: 3072.0K->4096.0K Heap: 416.5M(484.0M)->394.5M(484.0M)]
Heap after GC invocations=42 (full 0):
 garbage-first heap   total 495616K, used 403968K [0x00000007a0000000, 0x00000007a0100f20, 0x00000007c0000000)
  region size 1024K, 4 young (4096K), 4 survivors (4096K)
 Metaspace       used 3173K, capacity 4620K, committed 4864K, reserved 1056768K
  class space    used 337K, capacity 392K, committed 512K, reserved 1048576K
}
 [Times: user=0.27 sys=0.01, real=0.04 secs] 
{Heap before GC invocations=42 (full 0):
 garbage-first heap   total 495616K, used 430592K [0x00000007a0000000, 0x00000007a0100f20, 0x00000007c0000000)
  region size 1024K, 30 young (30720K), 4 survivors (4096K)
 Metaspace       used 3173K, capacity 4620K, committed 4864K, reserved 1056768K
  class space    used 337K, capacity 392K, committed 512K, reserved 1048576K
2020-12-03T18:17:08.499-0800: 48.198: [GC pause (G1 Evacuation Pause) (young) (initial-mark), 0.0459931 secs]
   [Parallel Time: 44.6 ms, GC Workers: 8]
      [GC Worker Start (ms): Min: 48198.2, Avg: 48198.4, Max: 48198.4, Diff: 0.3]
      [Ext Root Scanning (ms): Min: 0.2, Avg: 0.9, Max: 2.9, Diff: 2.7, Sum: 7.5]
      [Update RS (ms): Min: 6.4, Avg: 8.5, Max: 9.3, Diff: 2.8, Sum: 67.8]
         [Processed Buffers: Min: 16, Avg: 20.9, Max: 25, Diff: 9, Sum: 167]
      [Scan RS (ms): Min: 22.4, Avg: 22.6, Max: 22.8, Diff: 0.5, Sum: 181.1]
      [Code Root Scanning (ms): Min: 0.0, Avg: 0.0, Max: 0.0, Diff: 0.0, Sum: 0.0]
      [Object Copy (ms): Min: 12.0, Avg: 12.3, Max: 12.5, Diff: 0.4, Sum: 98.2]
      [Termination (ms): Min: 0.0, Avg: 0.0, Max: 0.1, Diff: 0.0, Sum: 0.3]
         [Termination Attempts: Min: 1, Avg: 61.1, Max: 77, Diff: 76, Sum: 489]
      [GC Worker Other (ms): Min: 0.0, Avg: 0.0, Max: 0.0, Diff: 0.0, Sum: 0.1]
      [GC Worker Total (ms): Min: 44.3, Avg: 44.4, Max: 44.6, Diff: 0.2, Sum: 355.1]
      [GC Worker End (ms): Min: 48242.7, Avg: 48242.7, Max: 48242.7, Diff: 0.0]
   [Code Root Fixup: 0.0 ms]
   [Code Root Purge: 0.0 ms]
   [Clear CT: 0.1 ms]
   [Other: 1.3 ms]
      [Choose CSet: 0.0 ms]
      [Ref Proc: 0.8 ms]
      [Ref Enq: 0.0 ms]
      [Redirty Cards: 0.3 ms]
      [Humongous Register: 0.0 ms]
      [Humongous Reclaim: 0.0 ms]
      [Free CSet: 0.1 ms]
   [Eden: 26.0M(26.0M)->0.0B(22.0M) Survivors: 4096.0K->4096.0K Heap: 420.5M(484.0M)->402.5M(484.0M)]
Heap after GC invocations=43 (full 0):
 garbage-first heap   total 495616K, used 412160K [0x00000007a0000000, 0x00000007a0100f20, 0x00000007c0000000)
  region size 1024K, 4 young (4096K), 4 survivors (4096K)
 Metaspace       used 3173K, capacity 4620K, committed 4864K, reserved 1056768K
  class space    used 337K, capacity 392K, committed 512K, reserved 1048576K
}
 [Times: user=0.32 sys=0.00, real=0.05 secs] 
2020-12-03T18:17:08.545-0800: 48.244: [GC concurrent-root-region-scan-start]
2020-12-03T18:17:08.548-0800: 48.247: [GC concurrent-root-region-scan-end, 0.0027902 secs]
2020-12-03T18:17:08.548-0800: 48.247: [GC concurrent-mark-start]
{Heap before GC invocations=43 (full 0):
 garbage-first heap   total 495616K, used 434688K [0x00000007a0000000, 0x00000007a0100f20, 0x00000007c0000000)
  region size 1024K, 26 young (26624K), 4 survivors (4096K)
 Metaspace       used 3173K, capacity 4620K, committed 4864K, reserved 1056768K
  class space    used 337K, capacity 392K, committed 512K, reserved 1048576K
2020-12-03T18:17:08.704-0800: 48.403: [GC pause (G1 Evacuation Pause) (young), 0.0369800 secs]
   [Parallel Time: 36.3 ms, GC Workers: 8]
      [GC Worker Start (ms): Min: 48403.1, Avg: 48403.7, Max: 48406.6, Diff: 3.5]
      [Ext Root Scanning (ms): Min: 0.0, Avg: 0.1, Max: 0.2, Diff: 0.2, Sum: 0.5]
      [Update RS (ms): Min: 4.9, Avg: 7.8, Max: 8.3, Diff: 3.4, Sum: 62.3]
         [Processed Buffers: Min: 13, Avg: 19.4, Max: 22, Diff: 9, Sum: 155]
      [Scan RS (ms): Min: 17.3, Avg: 17.4, Max: 17.5, Diff: 0.2, Sum: 138.8]
      [Code Root Scanning (ms): Min: 0.0, Avg: 0.0, Max: 0.0, Diff: 0.0, Sum: 0.0]
      [Object Copy (ms): Min: 9.5, Avg: 9.8, Max: 10.4, Diff: 0.9, Sum: 78.2]
      [Termination (ms): Min: 0.0, Avg: 0.6, Max: 0.7, Diff: 0.7, Sum: 4.5]
         [Termination Attempts: Min: 1, Avg: 15.8, Max: 28, Diff: 27, Sum: 126]
      [GC Worker Other (ms): Min: 0.0, Avg: 0.0, Max: 0.0, Diff: 0.0, Sum: 0.1]
      [GC Worker Total (ms): Min: 32.7, Avg: 35.6, Max: 36.2, Diff: 3.5, Sum: 284.4]
      [GC Worker End (ms): Min: 48439.3, Avg: 48439.3, Max: 48439.3, Diff: 0.0]
   [Code Root Fixup: 0.0 ms]
   [Code Root Purge: 0.0 ms]
   [Clear CT: 0.1 ms]
   [Other: 0.6 ms]
      [Choose CSet: 0.0 ms]
      [Ref Proc: 0.2 ms]
      [Ref Enq: 0.0 ms]
      [Redirty Cards: 0.2 ms]
      [Humongous Register: 0.0 ms]
      [Humongous Reclaim: 0.0 ms]
      [Free CSet: 0.1 ms]
   [Eden: 22.0M(22.0M)->0.0B(20.0M) Survivors: 4096.0K->4096.0K Heap: 424.5M(484.0M)->410.5M(484.0M)]
Heap after GC invocations=44 (full 0):
 garbage-first heap   total 495616K, used 420352K [0x00000007a0000000, 0x00000007a0100f20, 0x00000007c0000000)
  region size 1024K, 4 young (4096K), 4 survivors (4096K)
 Metaspace       used 3173K, capacity 4620K, committed 4864K, reserved 1056768K
  class space    used 337K, capacity 392K, committed 512K, reserved 1048576K
}
 [Times: user=0.26 sys=0.00, real=0.04 secs] 
{Heap before GC invocations=44 (full 0):
 garbage-first heap   total 495616K, used 440832K [0x00000007a0000000, 0x00000007a0100f20, 0x00000007c0000000)
  region size 1024K, 24 young (24576K), 4 survivors (4096K)
 Metaspace       used 3173K, capacity 4620K, committed 4864K, reserved 1056768K
  class space    used 337K, capacity 392K, committed 512K, reserved 1048576K
2020-12-03T18:17:08.800-0800: 48.499: [GC pause (G1 Evacuation Pause) (young), 0.0407625 secs]
   [Parallel Time: 39.3 ms, GC Workers: 8]
      [GC Worker Start (ms): Min: 48499.2, Avg: 48499.3, Max: 48499.3, Diff: 0.1]
      [Ext Root Scanning (ms): Min: 0.1, Avg: 0.1, Max: 0.1, Diff: 0.1, Sum: 0.9]
      [Update RS (ms): Min: 10.2, Avg: 10.6, Max: 11.8, Diff: 1.6, Sum: 84.8]
         [Processed Buffers: Min: 17, Avg: 22.5, Max: 25, Diff: 8, Sum: 180]
      [Scan RS (ms): Min: 14.9, Avg: 16.6, Max: 18.1, Diff: 3.2, Sum: 132.4]
      [Code Root Scanning (ms): Min: 0.0, Avg: 0.0, Max: 0.0, Diff: 0.0, Sum: 0.0]
      [Object Copy (ms): Min: 9.9, Avg: 11.3, Max: 12.3, Diff: 2.4, Sum: 90.8]
      [Termination (ms): Min: 0.0, Avg: 0.6, Max: 0.7, Diff: 0.7, Sum: 4.6]
         [Termination Attempts: Min: 1, Avg: 18.8, Max: 32, Diff: 31, Sum: 150]
      [GC Worker Other (ms): Min: 0.0, Avg: 0.0, Max: 0.0, Diff: 0.0, Sum: 0.1]
      [GC Worker Total (ms): Min: 39.2, Avg: 39.2, Max: 39.2, Diff: 0.1, Sum: 313.7]
      [GC Worker End (ms): Min: 48538.5, Avg: 48538.5, Max: 48538.5, Diff: 0.0]
   [Code Root Fixup: 0.0 ms]
   [Code Root Purge: 0.0 ms]
   [Clear CT: 0.2 ms]
   [Other: 1.3 ms]
      [Choose CSet: 0.0 ms]
      [Ref Proc: 1.0 ms]
      [Ref Enq: 0.0 ms]
      [Redirty Cards: 0.2 ms]
      [Humongous Register: 0.0 ms]
      [Humongous Reclaim: 0.0 ms]
      [Free CSet: 0.1 ms]
   [Eden: 20.0M(20.0M)->0.0B(21.0M) Survivors: 4096.0K->3072.0K Heap: 430.5M(484.0M)->417.8M(484.0M)]
Heap after GC invocations=45 (full 0):
 garbage-first heap   total 495616K, used 427817K [0x00000007a0000000, 0x00000007a0100f20, 0x00000007c0000000)
  region size 1024K, 3 young (3072K), 3 survivors (3072K)
 Metaspace       used 3173K, capacity 4620K, committed 4864K, reserved 1056768K
  class space    used 337K, capacity 392K, committed 512K, reserved 1048576K
}
 [Times: user=0.27 sys=0.01, real=0.04 secs] 
{Heap before GC invocations=45 (full 0):
 garbage-first heap   total 495616K, used 449321K [0x00000007a0000000, 0x00000007a0100f20, 0x00000007c0000000)
  region size 1024K, 24 young (24576K), 3 survivors (3072K)
 Metaspace       used 3173K, capacity 4620K, committed 4864K, reserved 1056768K
  class space    used 337K, capacity 392K, committed 512K, reserved 1048576K
2020-12-03T18:17:08.896-0800: 48.596: [GC pause (G1 Evacuation Pause) (young), 0.0353609 secs]
   [Parallel Time: 32.8 ms, GC Workers: 8]
      [GC Worker Start (ms): Min: 48595.6, Avg: 48596.2, Max: 48596.9, Diff: 1.2]
      [Ext Root Scanning (ms): Min: 0.0, Avg: 0.1, Max: 0.2, Diff: 0.2, Sum: 0.5]
      [Update RS (ms): Min: 7.6, Avg: 8.3, Max: 8.9, Diff: 1.3, Sum: 66.1]
         [Processed Buffers: Min: 16, Avg: 19.5, Max: 22, Diff: 6, Sum: 156]
      [Scan RS (ms): Min: 14.7, Avg: 14.9, Max: 15.0, Diff: 0.3, Sum: 119.0]
      [Code Root Scanning (ms): Min: 0.0, Avg: 0.0, Max: 0.0, Diff: 0.0, Sum: 0.0]
      [Object Copy (ms): Min: 8.2, Avg: 8.3, Max: 8.8, Diff: 0.7, Sum: 66.5]
      [Termination (ms): Min: 0.0, Avg: 0.6, Max: 0.7, Diff: 0.7, Sum: 4.8]
         [Termination Attempts: Min: 1, Avg: 13.9, Max: 23, Diff: 22, Sum: 111]
      [GC Worker Other (ms): Min: 0.0, Avg: 0.0, Max: 0.0, Diff: 0.0, Sum: 0.1]
      [GC Worker Total (ms): Min: 31.4, Avg: 32.1, Max: 32.7, Diff: 1.2, Sum: 257.1]
      [GC Worker End (ms): Min: 48628.3, Avg: 48628.3, Max: 48628.3, Diff: 0.1]
   [Code Root Fixup: 0.0 ms]
   [Code Root Purge: 0.0 ms]
   [Clear CT: 0.1 ms]
   [Other: 2.5 ms]
      [Choose CSet: 0.0 ms]
      [Ref Proc: 1.9 ms]
      [Ref Enq: 0.0 ms]
      [Redirty Cards: 0.4 ms]
      [Humongous Register: 0.0 ms]
      [Humongous Reclaim: 0.0 ms]
      [Free CSet: 0.1 ms]
   [Eden: 21.0M(21.0M)->0.0B(21.0M) Survivors: 3072.0K->3072.0K Heap: 438.8M(484.0M)->423.5M(484.0M)]
Heap after GC invocations=46 (full 0):
 garbage-first heap   total 495616K, used 433664K [0x00000007a0000000, 0x00000007a0100f20, 0x00000007c0000000)
  region size 1024K, 3 young (3072K), 3 survivors (3072K)
 Metaspace       used 3173K, capacity 4620K, committed 4864K, reserved 1056768K
  class space    used 337K, capacity 392K, committed 512K, reserved 1048576K
}
 [Times: user=0.24 sys=0.00, real=0.04 secs] 
{Heap before GC invocations=46 (full 0):
 garbage-first heap   total 495616K, used 455168K [0x00000007a0000000, 0x00000007a0100f20, 0x00000007c0000000)
  region size 1024K, 24 young (24576K), 3 survivors (3072K)
 Metaspace       used 3173K, capacity 4620K, committed 4864K, reserved 1056768K
  class space    used 337K, capacity 392K, committed 512K, reserved 1048576K
2020-12-03T18:17:08.994-0800: 48.693: [GC pause (G1 Evacuation Pause) (young), 0.0348918 secs]
   [Parallel Time: 33.3 ms, GC Workers: 8]
      [GC Worker Start (ms): Min: 48693.1, Avg: 48694.3, Max: 48698.6, Diff: 5.5]
      [Ext Root Scanning (ms): Min: 0.0, Avg: 0.1, Max: 0.2, Diff: 0.2, Sum: 0.5]
      [Update RS (ms): Min: 4.3, Avg: 8.6, Max: 9.8, Diff: 5.5, Sum: 68.9]
         [Processed Buffers: Min: 12, Avg: 21.1, Max: 24, Diff: 12, Sum: 169]
      [Scan RS (ms): Min: 15.1, Avg: 15.3, Max: 15.4, Diff: 0.3, Sum: 122.1]
      [Code Root Scanning (ms): Min: 0.0, Avg: 0.0, Max: 0.0, Diff: 0.0, Sum: 0.0]
      [Object Copy (ms): Min: 8.0, Avg: 8.0, Max: 8.1, Diff: 0.1, Sum: 64.3]
      [Termination (ms): Min: 0.0, Avg: 0.0, Max: 0.0, Diff: 0.0, Sum: 0.2]
         [Termination Attempts: Min: 1, Avg: 11.8, Max: 16, Diff: 15, Sum: 94]
      [GC Worker Other (ms): Min: 0.0, Avg: 0.0, Max: 0.0, Diff: 0.0, Sum: 0.1]
      [GC Worker Total (ms): Min: 27.8, Avg: 32.0, Max: 33.2, Diff: 5.5, Sum: 256.3]
      [GC Worker End (ms): Min: 48726.4, Avg: 48726.4, Max: 48726.4, Diff: 0.0]
   [Code Root Fixup: 0.0 ms]
   [Code Root Purge: 0.0 ms]
   [Clear CT: 0.1 ms]
   [Other: 1.4 ms]
      [Choose CSet: 0.0 ms]
      [Ref Proc: 0.9 ms]
      [Ref Enq: 0.0 ms]
      [Redirty Cards: 0.4 ms]
      [Humongous Register: 0.0 ms]
      [Humongous Reclaim: 0.0 ms]
      [Free CSet: 0.1 ms]
   [Eden: 21.0M(21.0M)->0.0B(21.0M) Survivors: 3072.0K->3072.0K Heap: 444.5M(484.0M)->431.0M(484.0M)]
Heap after GC invocations=47 (full 0):
 garbage-first heap   total 495616K, used 441312K [0x00000007a0000000, 0x00000007a0100f20, 0x00000007c0000000)
  region size 1024K, 3 young (3072K), 3 survivors (3072K)
 Metaspace       used 3173K, capacity 4620K, committed 4864K, reserved 1056768K
  class space    used 337K, capacity 392K, committed 512K, reserved 1048576K
}
 [Times: user=0.26 sys=0.00, real=0.03 secs] 
{Heap before GC invocations=47 (full 0):
 garbage-first heap   total 495616K, used 462816K [0x00000007a0000000, 0x00000007a0100f20, 0x00000007c0000000)
  region size 1024K, 24 young (24576K), 3 survivors (3072K)
 Metaspace       used 3173K, capacity 4620K, committed 4864K, reserved 1056768K
  class space    used 337K, capacity 392K, committed 512K, reserved 1048576K
2020-12-03T18:17:09.082-0800: 48.782: [GC pause (G1 Evacuation Pause) (young), 0.0284224 secs]
   [Parallel Time: 27.6 ms, GC Workers: 8]
      [GC Worker Start (ms): Min: 48781.8, Avg: 48781.9, Max: 48781.9, Diff: 0.1]
      [Ext Root Scanning (ms): Min: 0.1, Avg: 0.1, Max: 0.2, Diff: 0.1, Sum: 0.9]
      [Update RS (ms): Min: 7.8, Avg: 7.9, Max: 8.0, Diff: 0.3, Sum: 63.4]
         [Processed Buffers: Min: 19, Avg: 20.5, Max: 22, Diff: 3, Sum: 164]
      [Scan RS (ms): Min: 12.4, Avg: 12.5, Max: 12.6, Diff: 0.3, Sum: 100.0]
      [Code Root Scanning (ms): Min: 0.0, Avg: 0.0, Max: 0.0, Diff: 0.0, Sum: 0.0]
      [Object Copy (ms): Min: 6.8, Avg: 6.9, Max: 6.9, Diff: 0.1, Sum: 55.2]
      [Termination (ms): Min: 0.0, Avg: 0.0, Max: 0.0, Diff: 0.0, Sum: 0.0]
         [Termination Attempts: Min: 1, Avg: 5.0, Max: 7, Diff: 6, Sum: 40]
      [GC Worker Other (ms): Min: 0.0, Avg: 0.0, Max: 0.0, Diff: 0.0, Sum: 0.1]
      [GC Worker Total (ms): Min: 27.4, Avg: 27.5, Max: 27.5, Diff: 0.1, Sum: 219.7]
      [GC Worker End (ms): Min: 48809.3, Avg: 48809.3, Max: 48809.3, Diff: 0.0]
   [Code Root Fixup: 0.0 ms]
   [Code Root Purge: 0.0 ms]
   [Clear CT: 0.1 ms]
   [Other: 0.7 ms]
      [Choose CSet: 0.0 ms]
      [Ref Proc: 0.3 ms]
      [Ref Enq: 0.0 ms]
      [Redirty Cards: 0.2 ms]
      [Humongous Register: 0.0 ms]
      [Humongous Reclaim: 0.0 ms]
      [Free CSet: 0.1 ms]
   [Eden: 21.0M(21.0M)->0.0B(21.0M) Survivors: 3072.0K->3072.0K Heap: 452.0M(484.0M)->436.5M(484.0M)]
Heap after GC invocations=48 (full 0):
 garbage-first heap   total 495616K, used 446976K [0x00000007a0000000, 0x00000007a0100f20, 0x00000007c0000000)
  region size 1024K, 3 young (3072K), 3 survivors (3072K)
 Metaspace       used 3173K, capacity 4620K, committed 4864K, reserved 1056768K
  class space    used 337K, capacity 392K, committed 512K, reserved 1048576K
}
 [Times: user=0.21 sys=0.00, real=0.03 secs] 
{Heap before GC invocations=48 (full 0):
 garbage-first heap   total 495616K, used 468480K [0x00000007a0000000, 0x00000007a0100f20, 0x00000007c0000000)
  region size 1024K, 24 young (24576K), 3 survivors (3072K)
 Metaspace       used 3173K, capacity 4620K, committed 4864K, reserved 1056768K
  class space    used 337K, capacity 392K, committed 512K, reserved 1048576K
2020-12-03T18:17:09.158-0800: 48.858: [GC pause (G1 Evacuation Pause) (young), 0.0387019 secs]
   [Parallel Time: 37.2 ms, GC Workers: 8]
      [GC Worker Start (ms): Min: 48858.0, Avg: 48858.1, Max: 48858.1, Diff: 0.1]
      [Ext Root Scanning (ms): Min: 0.1, Avg: 0.1, Max: 0.2, Diff: 0.1, Sum: 1.0]
      [Update RS (ms): Min: 10.8, Avg: 11.5, Max: 14.4, Diff: 3.6, Sum: 92.0]
         [Processed Buffers: Min: 12, Avg: 24.4, Max: 29, Diff: 17, Sum: 195]
      [Scan RS (ms): Min: 11.2, Avg: 14.1, Max: 14.8, Diff: 3.6, Sum: 113.1]
      [Code Root Scanning (ms): Min: 0.0, Avg: 0.0, Max: 0.0, Diff: 0.0, Sum: 0.0]
      [Object Copy (ms): Min: 10.7, Avg: 10.8, Max: 11.3, Diff: 0.6, Sum: 86.8]
      [Termination (ms): Min: 0.0, Avg: 0.5, Max: 0.7, Diff: 0.7, Sum: 4.0]
         [Termination Attempts: Min: 1, Avg: 19.8, Max: 42, Diff: 41, Sum: 158]
      [GC Worker Other (ms): Min: 0.0, Avg: 0.0, Max: 0.0, Diff: 0.0, Sum: 0.1]
      [GC Worker Total (ms): Min: 37.1, Avg: 37.1, Max: 37.2, Diff: 0.1, Sum: 296.9]
      [GC Worker End (ms): Min: 48895.2, Avg: 48895.2, Max: 48895.2, Diff: 0.0]
   [Code Root Fixup: 0.0 ms]
   [Code Root Purge: 0.0 ms]
   [Clear CT: 0.1 ms]
   [Other: 1.3 ms]
      [Choose CSet: 0.0 ms]
      [Ref Proc: 0.8 ms]
      [Ref Enq: 0.0 ms]
      [Redirty Cards: 0.3 ms]
      [Humongous Register: 0.0 ms]
      [Humongous Reclaim: 0.0 ms]
      [Free CSet: 0.1 ms]
   [Eden: 21.0M(21.0M)->0.0B(21.0M) Survivors: 3072.0K->3072.0K Heap: 457.5M(484.0M)->443.0M(484.0M)]
Heap after GC invocations=49 (full 0):
 garbage-first heap   total 495616K, used 453627K [0x00000007a0000000, 0x00000007a0100f20, 0x00000007c0000000)
  region size 1024K, 3 young (3072K), 3 survivors (3072K)
 Metaspace       used 3173K, capacity 4620K, committed 4864K, reserved 1056768K
  class space    used 337K, capacity 392K, committed 512K, reserved 1048576K
}
 [Times: user=0.24 sys=0.00, real=0.04 secs] 
{Heap before GC invocations=49 (full 0):
 garbage-first heap   total 495616K, used 475131K [0x00000007a0000000, 0x00000007a0100f20, 0x00000007c0000000)
  region size 1024K, 24 young (24576K), 3 survivors (3072K)
 Metaspace       used 3173K, capacity 4620K, committed 4864K, reserved 1056768K
  class space    used 337K, capacity 392K, committed 512K, reserved 1048576K
2020-12-03T18:17:09.243-0800: 48.943: [GC pause (G1 Evacuation Pause) (young), 0.0369945 secs]
   [Parallel Time: 35.8 ms, GC Workers: 8]
      [GC Worker Start (ms): Min: 48942.8, Avg: 48942.9, Max: 48942.9, Diff: 0.1]
      [Ext Root Scanning (ms): Min: 0.1, Avg: 0.1, Max: 0.2, Diff: 0.1, Sum: 0.9]
      [Update RS (ms): Min: 8.6, Avg: 8.9, Max: 10.1, Diff: 1.4, Sum: 71.0]
         [Processed Buffers: Min: 14, Avg: 21.8, Max: 25, Diff: 11, Sum: 174]
      [Scan RS (ms): Min: 11.8, Avg: 12.9, Max: 13.2, Diff: 1.4, Sum: 103.4]
      [Code Root Scanning (ms): Min: 0.0, Avg: 0.0, Max: 0.0, Diff: 0.0, Sum: 0.0]
      [Object Copy (ms): Min: 13.6, Avg: 13.6, Max: 13.7, Diff: 0.2, Sum: 108.9]
      [Termination (ms): Min: 0.0, Avg: 0.1, Max: 0.1, Diff: 0.1, Sum: 0.8]
         [Termination Attempts: Min: 1, Avg: 140.9, Max: 176, Diff: 175, Sum: 1127]
      [GC Worker Other (ms): Min: 0.0, Avg: 0.0, Max: 0.0, Diff: 0.0, Sum: 0.1]
      [GC Worker Total (ms): Min: 35.6, Avg: 35.6, Max: 35.7, Diff: 0.1, Sum: 285.2]
      [GC Worker End (ms): Min: 48978.5, Avg: 48978.5, Max: 48978.5, Diff: 0.0]
   [Code Root Fixup: 0.0 ms]
   [Code Root Purge: 0.0 ms]
   [Clear CT: 0.1 ms]
   [Other: 1.1 ms]
      [Choose CSet: 0.0 ms]
      [Ref Proc: 0.8 ms]
      [Ref Enq: 0.0 ms]
      [Redirty Cards: 0.2 ms]
      [Humongous Register: 0.0 ms]
      [Humongous Reclaim: 0.0 ms]
      [Free CSet: 0.0 ms]
   [Eden: 21.0M(21.0M)->0.0B(21.0M) Survivors: 3072.0K->3072.0K Heap: 464.0M(484.0M)->449.5M(484.0M)]
Heap after GC invocations=50 (full 0):
 garbage-first heap   total 495616K, used 460288K [0x00000007a0000000, 0x00000007a0100f20, 0x00000007c0000000)
  region size 1024K, 3 young (3072K), 3 survivors (3072K)
 Metaspace       used 3173K, capacity 4620K, committed 4864K, reserved 1056768K
  class space    used 337K, capacity 392K, committed 512K, reserved 1048576K
}
 [Times: user=0.25 sys=0.00, real=0.04 secs] 
{Heap before GC invocations=50 (full 0):
 garbage-first heap   total 495616K, used 477696K [0x00000007a0000000, 0x00000007a0100f20, 0x00000007c0000000)
  region size 1024K, 21 young (21504K), 3 survivors (3072K)
 Metaspace       used 3173K, capacity 4620K, committed 4864K, reserved 1056768K
  class space    used 337K, capacity 392K, committed 512K, reserved 1048576K
2020-12-03T18:17:09.310-0800: 49.010: [GC pause (G1 Humongous Allocation) (young), 0.0387897 secs]
   [Parallel Time: 37.4 ms, GC Workers: 8]
      [GC Worker Start (ms): Min: 49009.7, Avg: 49010.2, Max: 49011.0, Diff: 1.4]
      [Ext Root Scanning (ms): Min: 0.0, Avg: 0.1, Max: 0.2, Diff: 0.2, Sum: 0.7]
      [Update RS (ms): Min: 13.4, Avg: 14.1, Max: 14.7, Diff: 1.2, Sum: 112.8]
         [Processed Buffers: Min: 19, Avg: 24.8, Max: 30, Diff: 11, Sum: 198]
      [Scan RS (ms): Min: 7.9, Avg: 8.1, Max: 8.3, Diff: 0.4, Sum: 65.0]
      [Code Root Scanning (ms): Min: 0.0, Avg: 0.0, Max: 0.0, Diff: 0.0, Sum: 0.0]
      [Object Copy (ms): Min: 14.0, Avg: 14.0, Max: 14.3, Diff: 0.3, Sum: 112.4]
      [Termination (ms): Min: 0.0, Avg: 0.4, Max: 0.5, Diff: 0.5, Sum: 3.0]
         [Termination Attempts: Min: 1, Avg: 26.5, Max: 43, Diff: 42, Sum: 212]
      [GC Worker Other (ms): Min: 0.0, Avg: 0.0, Max: 0.0, Diff: 0.0, Sum: 0.1]
      [GC Worker Total (ms): Min: 35.8, Avg: 36.7, Max: 37.3, Diff: 1.5, Sum: 293.9]
      [GC Worker End (ms): Min: 49046.8, Avg: 49046.9, Max: 49047.0, Diff: 0.2]
   [Code Root Fixup: 0.0 ms]
   [Code Root Purge: 0.0 ms]
   [Clear CT: 0.1 ms]
   [Other: 1.3 ms]
      [Choose CSet: 0.0 ms]
      [Ref Proc: 0.9 ms]
      [Ref Enq: 0.0 ms]
      [Redirty Cards: 0.2 ms]
      [Humongous Register: 0.0 ms]
      [Humongous Reclaim: 0.0 ms]
      [Free CSet: 0.0 ms]
   [Eden: 18.0M(21.0M)->0.0B(21.0M) Survivors: 3072.0K->3072.0K Heap: 466.9M(484.0M)->467.5M(495.0M)]
Heap after GC invocations=51 (full 0):
 garbage-first heap   total 506880K, used 478720K [0x00000007a0000000, 0x00000007a0100f78, 0x00000007c0000000)
  region size 1024K, 3 young (3072K), 3 survivors (3072K)
 Metaspace       used 3173K, capacity 4620K, committed 4864K, reserved 1056768K
  class space    used 337K, capacity 392K, committed 512K, reserved 1048576K
}
 [Times: user=0.26 sys=0.00, real=0.03 secs] 
{Heap before GC invocations=51 (full 0):
 garbage-first heap   total 524288K, used 478720K [0x00000007a0000000, 0x00000007a0101000, 0x00000007c0000000)
  region size 1024K, 3 young (3072K), 3 survivors (3072K)
 Metaspace       used 3173K, capacity 4620K, committed 4864K, reserved 1056768K
  class space    used 337K, capacity 392K, committed 512K, reserved 1048576K
2020-12-03T18:17:09.349-0800: 49.049: [Full GC (Allocation Failure)  467M->351M(512M), 1.0006032 secs]
   [Eden: 0.0B(21.0M)->0.0B(73.0M) Survivors: 3072.0K->0.0B Heap: 467.5M(512.0M)->351.6M(512.0M)], [Metaspace: 3173K->3173K(1056768K)]
Heap after GC invocations=52 (full 1):
 garbage-first heap   total 524288K, used 360049K [0x00000007a0000000, 0x00000007a0101000, 0x00000007c0000000)
  region size 1024K, 0 young (0K), 0 survivors (0K)
 Metaspace       used 3173K, capacity 4620K, committed 4864K, reserved 1056768K
  class space    used 337K, capacity 392K, committed 512K, reserved 1048576K
}
 [Times: user=1.76 sys=0.01, real=1.01 secs] 
2020-12-03T18:17:10.350-0800: 50.050: [GC concurrent-mark-abort]
{Heap before GC invocations=52 (full 1):
 garbage-first heap   total 524288K, used 467569K [0x00000007a0000000, 0x00000007a0101000, 0x00000007c0000000)
  region size 1024K, 73 young (74752K), 0 survivors (0K)
 Metaspace       used 3173K, capacity 4620K, committed 4864K, reserved 1056768K
  class space    used 337K, capacity 392K, committed 512K, reserved 1048576K
2020-12-03T18:17:10.542-0800: 50.241: [GC pause (G1 Evacuation Pause) (young) (to-space exhausted), 0.4715276 secs]
   [Parallel Time: 422.3 ms, GC Workers: 8]
      [GC Worker Start (ms): Min: 50241.3, Avg: 50243.0, Max: 50251.5, Diff: 10.2]
      [Ext Root Scanning (ms): Min: 0.0, Avg: 0.0, Max: 0.2, Diff: 0.2, Sum: 0.4]
      [Update RS (ms): Min: 6.4, Avg: 17.6, Max: 23.2, Diff: 16.7, Sum: 140.9]
         [Processed Buffers: Min: 11, Avg: 24.6, Max: 34, Diff: 23, Sum: 197]
      [Scan RS (ms): Min: 17.3, Avg: 22.3, Max: 25.3, Diff: 8.0, Sum: 178.1]
      [Code Root Scanning (ms): Min: 0.0, Avg: 0.0, Max: 0.0, Diff: 0.0, Sum: 0.1]
      [Object Copy (ms): Min: 379.3, Avg: 380.1, Max: 380.5, Diff: 1.2, Sum: 3040.4]
      [Termination (ms): Min: 0.0, Avg: 0.4, Max: 0.6, Diff: 0.6, Sum: 3.4]
         [Termination Attempts: Min: 1, Avg: 6.1, Max: 11, Diff: 10, Sum: 49]
      [GC Worker Other (ms): Min: 0.0, Avg: 0.0, Max: 0.0, Diff: 0.0, Sum: 0.1]
      [GC Worker Total (ms): Min: 411.9, Avg: 420.4, Max: 422.1, Diff: 10.2, Sum: 3363.3]
      [GC Worker End (ms): Min: 50663.4, Avg: 50663.4, Max: 50663.5, Diff: 0.2]
   [Code Root Fixup: 0.0 ms]
   [Code Root Purge: 0.0 ms]
   [Clear CT: 0.2 ms]
   [Other: 49.1 ms]
      [Evacuation Failure: 47.1 ms]
      [Choose CSet: 0.0 ms]
      [Ref Proc: 1.0 ms]
      [Ref Enq: 0.0 ms]
      [Redirty Cards: 0.4 ms]
      [Humongous Register: 0.0 ms]
      [Humongous Reclaim: 0.0 ms]
      [Free CSet: 0.3 ms]
   [Eden: 73.0M(73.0M)->0.0B(15.0M) Survivors: 0.0B->10.0M Heap: 456.6M(512.0M)->504.6M(512.0M)]
Heap after GC invocations=53 (full 1):
 garbage-first heap   total 524288K, used 516721K [0x00000007a0000000, 0x00000007a0101000, 0x00000007c0000000)
  region size 1024K, 10 young (10240K), 10 survivors (10240K)
 Metaspace       used 3173K, capacity 4620K, committed 4864K, reserved 1056768K
  class space    used 337K, capacity 392K, committed 512K, reserved 1048576K
}
 [Times: user=1.02 sys=0.19, real=0.47 secs] 
{Heap before GC invocations=53 (full 1):
 garbage-first heap   total 524288K, used 521841K [0x00000007a0000000, 0x00000007a0101000, 0x00000007c0000000)
  region size 1024K, 15 young (15360K), 10 survivors (10240K)
 Metaspace       used 3173K, capacity 4620K, committed 4864K, reserved 1056768K
  class space    used 337K, capacity 392K, committed 512K, reserved 1048576K
2020-12-03T18:17:11.020-0800: 50.720: [GC pause (G1 Evacuation Pause) (young) (initial-mark) (to-space exhausted), 0.2979060 secs]
   [Parallel Time: 282.6 ms, GC Workers: 8]
      [GC Worker Start (ms): Min: 50719.6, Avg: 50719.7, Max: 50719.8, Diff: 0.3]
      [Ext Root Scanning (ms): Min: 0.0, Avg: 0.6, Max: 1.5, Diff: 1.5, Sum: 5.0]
      [Update RS (ms): Min: 39.8, Avg: 41.1, Max: 43.2, Diff: 3.4, Sum: 328.9]
         [Processed Buffers: Min: 59, Avg: 98.9, Max: 122, Diff: 63, Sum: 791]
      [Scan RS (ms): Min: 0.0, Avg: 1.7, Max: 2.0, Diff: 2.0, Sum: 13.7]
      [Code Root Scanning (ms): Min: 0.0, Avg: 0.0, Max: 0.0, Diff: 0.0, Sum: 0.0]
      [Object Copy (ms): Min: 237.7, Avg: 238.1, Max: 238.7, Diff: 1.1, Sum: 1905.1]
      [Termination (ms): Min: 0.0, Avg: 0.7, Max: 1.3, Diff: 1.3, Sum: 5.4]
         [Termination Attempts: Min: 1, Avg: 1.2, Max: 3, Diff: 2, Sum: 10]
      [GC Worker Other (ms): Min: 0.0, Avg: 0.0, Max: 0.0, Diff: 0.0, Sum: 0.1]
      [GC Worker Total (ms): Min: 282.0, Avg: 282.3, Max: 282.5, Diff: 0.5, Sum: 2258.2]
      [GC Worker End (ms): Min: 51001.9, Avg: 51002.0, Max: 51002.1, Diff: 0.2]
   [Code Root Fixup: 0.0 ms]
   [Code Root Purge: 0.0 ms]
   [Clear CT: 0.2 ms]
   [Other: 15.1 ms]
      [Evacuation Failure: 13.5 ms]
      [Choose CSet: 0.0 ms]
      [Ref Proc: 1.3 ms]
      [Ref Enq: 0.0 ms]
      [Redirty Cards: 0.2 ms]
      [Humongous Register: 0.0 ms]
      [Humongous Reclaim: 0.0 ms]
      [Free CSet: 0.1 ms]
   [Eden: 5120.0K(15.0M)->0.0B(25.0M) Survivors: 10.0M->0.0B Heap: 509.6M(512.0M)->509.6M(512.0M)]
Heap after GC invocations=54 (full 1):
 garbage-first heap   total 524288K, used 521841K [0x00000007a0000000, 0x00000007a0101000, 0x00000007c0000000)
  region size 1024K, 0 young (0K), 0 survivors (0K)
 Metaspace       used 3173K, capacity 4620K, committed 4864K, reserved 1056768K
  class space    used 337K, capacity 392K, committed 512K, reserved 1048576K
}
 [Times: user=0.52 sys=0.06, real=0.29 secs] 
2020-12-03T18:17:11.318-0800: 51.018: [GC concurrent-root-region-scan-start]
2020-12-03T18:17:11.318-0800: 51.018: [GC concurrent-root-region-scan-end, 0.0000141 secs]
2020-12-03T18:17:11.318-0800: 51.018: [GC concurrent-mark-start]
{Heap before GC invocations=54 (full 1):
 garbage-first heap   total 524288K, used 521841K [0x00000007a0000000, 0x00000007a0101000, 0x00000007c0000000)
  region size 1024K, 0 young (0K), 0 survivors (0K)
 Metaspace       used 3173K, capacity 4620K, committed 4864K, reserved 1056768K
  class space    used 337K, capacity 392K, committed 512K, reserved 1048576K
2020-12-03T18:17:11.318-0800: 51.018: [GC pause (G1 Evacuation Pause) (young), 0.0113801 secs]
   [Parallel Time: 9.8 ms, GC Workers: 8]
      [GC Worker Start (ms): Min: 51017.8, Avg: 51018.6, Max: 51021.3, Diff: 3.5]
      [Ext Root Scanning (ms): Min: 0.0, Avg: 0.1, Max: 0.2, Diff: 0.2, Sum: 0.5]
      [Update RS (ms): Min: 6.0, Avg: 8.6, Max: 9.3, Diff: 3.4, Sum: 68.5]
         [Processed Buffers: Min: 14, Avg: 27.0, Max: 35, Diff: 21, Sum: 216]
      [Scan RS (ms): Min: 0.0, Avg: 0.0, Max: 0.0, Diff: 0.0, Sum: 0.0]
      [Code Root Scanning (ms): Min: 0.0, Avg: 0.0, Max: 0.0, Diff: 0.0, Sum: 0.0]
      [Object Copy (ms): Min: 0.0, Avg: 0.0, Max: 0.0, Diff: 0.0, Sum: 0.0]
      [Termination (ms): Min: 0.0, Avg: 0.2, Max: 0.5, Diff: 0.5, Sum: 1.6]
         [Termination Attempts: Min: 1, Avg: 1.0, Max: 1, Diff: 0, Sum: 8]
      [GC Worker Other (ms): Min: 0.0, Avg: 0.0, Max: 0.0, Diff: 0.0, Sum: 0.1]
      [GC Worker Total (ms): Min: 6.1, Avg: 8.8, Max: 9.8, Diff: 3.7, Sum: 70.6]
      [GC Worker End (ms): Min: 51027.3, Avg: 51027.4, Max: 51027.6, Diff: 0.3]
   [Code Root Fixup: 0.0 ms]
   [Code Root Purge: 0.0 ms]
   [Clear CT: 0.1 ms]
   [Other: 1.5 ms]
      [Choose CSet: 0.0 ms]
      [Ref Proc: 1.3 ms]
      [Ref Enq: 0.0 ms]
      [Redirty Cards: 0.1 ms]
      [Humongous Register: 0.0 ms]
      [Humongous Reclaim: 0.0 ms]
      [Free CSet: 0.0 ms]
   [Eden: 0.0B(25.0M)->0.0B(25.0M) Survivors: 0.0B->0.0B Heap: 509.6M(512.0M)->509.6M(512.0M)]
Heap after GC invocations=55 (full 1):
 garbage-first heap   total 524288K, used 521841K [0x00000007a0000000, 0x00000007a0101000, 0x00000007c0000000)
  region size 1024K, 0 young (0K), 0 survivors (0K)
 Metaspace       used 3173K, capacity 4620K, committed 4864K, reserved 1056768K
  class space    used 337K, capacity 392K, committed 512K, reserved 1048576K
}
 [Times: user=0.07 sys=0.00, real=0.02 secs] 
{Heap before GC invocations=55 (full 1):
 garbage-first heap   total 524288K, used 521841K [0x00000007a0000000, 0x00000007a0101000, 0x00000007c0000000)
  region size 1024K, 0 young (0K), 0 survivors (0K)
 Metaspace       used 3173K, capacity 4620K, committed 4864K, reserved 1056768K
  class space    used 337K, capacity 392K, committed 512K, reserved 1048576K
2020-12-03T18:17:11.330-0800: 51.029: [Full GC (Allocation Failure)  509M->445M(512M), 1.3695809 secs]
   [Eden: 0.0B(25.0M)->0.0B(25.0M) Survivors: 0.0B->0.0B Heap: 509.6M(512.0M)->445.6M(512.0M)], [Metaspace: 3173K->3173K(1056768K)]
Heap after GC invocations=56 (full 2):
 garbage-first heap   total 524288K, used 456298K [0x00000007a0000000, 0x00000007a0101000, 0x00000007c0000000)
  region size 1024K, 0 young (0K), 0 survivors (0K)
 Metaspace       used 3173K, capacity 4620K, committed 4864K, reserved 1056768K
  class space    used 337K, capacity 392K, committed 512K, reserved 1048576K
}
 [Times: user=2.17 sys=0.02, real=1.37 secs] 
2020-12-03T18:17:12.700-0800: 52.399: [GC concurrent-mark-abort]
Heap
 garbage-first heap   total 524288K, used 470634K [0x00000007a0000000, 0x00000007a0101000, 0x00000007c0000000)
  region size 1024K, 15 young (15360K), 0 survivors (0K)
 Metaspace       used 3182K, capacity 4620K, committed 4864K, reserved 1056768K
  class space    used 338K, capacity 392K, committed 512K, reserved 1048576K
